      -------------------------------------------------------------------
                       STM32CubeProgrammer v2.19.0                  
      -------------------------------------------------------------------

ST-LINK SN  : E1007200D0D2139393740544
ST-LINK FW  : V2J47S7
Board       : --
Voltage     : 3.29V
SWD freq    : 4000 KHz
Connect mode: Normal
Reset mode  : Software reset
Device ID   : 0x410
Revision ID : Rev X
Device name : STM32F101/F102/F103 Medium-density
Flash size  : 128 KBytes
Device type : MCU
Device CPU  : Cortex-M3
BL Version  : --

Warning: No need to these paramaters in the -r32 command: "Results/stage5nb/20260922T072718Z_guarded_active_alarm/hardware/postflash_config/config_region.bin"

Reading 32-bit memory content
  Size          : 4096 Bytes
  Address:      : 0x0801F000

0x0801F000 : 41333343 00030003 01190020 00000007
0x0801F010 : 00000000 FA06E655 00000000 00000000
0x0801F020 : B2D05E00 00000000 000F4240 00000000
0x0801F030 : 03938700 00000000 B2D05E00 00000000
0x0801F040 : 00000000 00000000 00000000 01070100
0x0801F050 : 00000103 01020100 01000000 00000103
0x0801F060 : 5E000100 0000B2D0 00000000 00000000
0x0801F070 : 03000000 50080303 000000C3 A0000000
0x0801F080 : 00000186 E8000000 01000003 08000003
0x0801F090 : 001E8480 00000000 003D0900 00000000
0x0801F0A0 : 000001F4 FF542B00 F88E56FF 000000FF
0x0801F0B0 : F93A2B00 000001FF 65000100 00001DCD
0x0801F0C0 : 00080000 00000005 0000000A 000003E8
0x0801F0D0 : 0001C200 01010000 00000000 00000000
0x0801F0E0 : 00000000 00000032 00002580 00000001
0x0801F0F0 : 00000000 00000000 00000000 00000000
0x0801F100 : 00000000 00000000 00000000 B7980003
0x0801F110 : 27100000 00000000 00000000 00000000
0x0801F120 : 00000000 00000000 00000000 00000000
0x0801F130 : 00000000 00000000 FFFFFF00 FFFFFFFF
0x0801F140 : FFFFFFFF FFFFFFFF FFFFFFFF FFFFFFFF
0x0801F150 : FFFFFFFF FFFFFFFF FFFFFFFF FFFFFFFF
0x0801F160 : FFFFFFFF FFFFFFFF FFFFFFFF FFFFFFFF
0x0801F170 : FFFFFFFF FFFFFFFF FFFFFFFF FFFFFFFF
0x0801F180 : FFFFFFFF FFFFFFFF FFFFFFFF FFFFFFFF
0x0801F190 : FFFFFFFF FFFFFFFF FFFFFFFF FFFFFFFF
0x0801F1A0 : FFFFFFFF FFFFFFFF FFFFFFFF FFFFFFFF
0x0801F1B0 : FFFFFFFF FFFFFFFF FFFFFFFF FFFFFFFF
0x0801F1C0 : FFFFFFFF FFFFFFFF FFFFFFFF FFFFFFFF
0x0801F1D0 : FFFFFFFF FFFFFFFF FFFFFFFF FFFFFFFF
0x0801F1E0 : FFFFFFFF FFFFFFFF FFFFFFFF FFFFFFFF
0x0801F1F0 : FFFFFFFF FFFFFFFF FFFFFFFF FFFFFFFF
0x0801F200 : FFFFFFFF FFFFFFFF FFFFFFFF FFFFFFFF
0x0801F210 : FFFFFFFF FFFFFFFF FFFFFFFF FFFFFFFF
0x0801F220 : FFFFFFFF FFFFFFFF FFFFFFFF FFFFFFFF
0x0801F230 : FFFFFFFF FFFFFFFF FFFFFFFF FFFFFFFF
0x0801F240 : FFFFFFFF FFFFFFFF FFFFFFFF FFFFFFFF
0x0801F250 : FFFFFFFF FFFFFFFF FFFFFFFF FFFFFFFF
0x0801F260 : FFFFFFFF FFFFFFFF FFFFFFFF FFFFFFFF
0x0801F270 : FFFFFFFF FFFFFFFF FFFFFFFF FFFFFFFF
0x0801F280 : FFFFFFFF FFFFFFFF FFFFFFFF FFFFFFFF
0x0801F290 : FFFFFFFF FFFFFFFF FFFFFFFF FFFFFFFF
0x0801F2A0 : FFFFFFFF FFFFFFFF FFFFFFFF FFFFFFFF
0x0801F2B0 : FFFFFFFF FFFFFFFF FFFFFFFF FFFFFFFF
0x0801F2C0 : FFFFFFFF FFFFFFFF FFFFFFFF FFFFFFFF
0x0801F2D0 : FFFFFFFF FFFFFFFF FFFFFFFF FFFFFFFF
0x0801F2E0 : FFFFFFFF FFFFFFFF FFFFFFFF FFFFFFFF
0x0801F2F0 : FFFFFFFF FFFFFFFF FFFFFFFF FFFFFFFF
0x0801F300 : FFFFFFFF FFFFFFFF FFFFFFFF FFFFFFFF
0x0801F310 : FFFFFFFF FFFFFFFF FFFFFFFF FFFFFFFF
0x0801F320 : FFFFFFFF FFFFFFFF FFFFFFFF FFFFFFFF
0x0801F330 : FFFFFFFF FFFFFFFF FFFFFFFF FFFFFFFF
0x0801F340 : FFFFFFFF FFFFFFFF FFFFFFFF FFFFFFFF
0x0801F350 : FFFFFFFF FFFFFFFF FFFFFFFF FFFFFFFF
0x0801F360 : FFFFFFFF FFFFFFFF FFFFFFFF FFFFFFFF
0x0801F370 : FFFFFFFF FFFFFFFF FFFFFFFF FFFFFFFF
0x0801F380 : FFFFFFFF FFFFFFFF FFFFFFFF FFFFFFFF
0x0801F390 : FFFFFFFF FFFFFFFF FFFFFFFF FFFFFFFF
0x0801F3A0 : FFFFFFFF FFFFFFFF FFFFFFFF FFFFFFFF
0x0801F3B0 : FFFFFFFF FFFFFFFF FFFFFFFF FFFFFFFF
0x0801F3C0 : FFFFFFFF FFFFFFFF FFFFFFFF FFFFFFFF
0x0801F3D0 : FFFFFFFF FFFFFFFF FFFFFFFF FFFFFFFF
0x0801F3E0 : FFFFFFFF FFFFFFFF FFFFFFFF FFFFFFFF
0x0801F3F0 : FFFFFFFF FFFFFFFF FFFFFFFF FFFFFFFF
0x0801F400 : FFFFFFFF FFFFFFFF FFFFFFFF FFFFFFFF
0x0801F410 : FFFFFFFF FFFFFFFF FFFFFFFF FFFFFFFF
0x0801F420 : FFFFFFFF FFFFFFFF FFFFFFFF FFFFFFFF
0x0801F430 : FFFFFFFF FFFFFFFF FFFFFFFF FFFFFFFF
0x0801F440 : FFFFFFFF FFFFFFFF FFFFFFFF FFFFFFFF
0x0801F450 : FFFFFFFF FFFFFFFF FFFFFFFF FFFFFFFF
0x0801F460 : FFFFFFFF FFFFFFFF FFFFFFFF FFFFFFFF
0x0801F470 : FFFFFFFF FFFFFFFF FFFFFFFF FFFFFFFF
0x0801F480 : FFFFFFFF FFFFFFFF FFFFFFFF FFFFFFFF
0x0801F490 : FFFFFFFF FFFFFFFF FFFFFFFF FFFFFFFF
0x0801F4A0 : FFFFFFFF FFFFFFFF FFFFFFFF FFFFFFFF
0x0801F4B0 : FFFFFFFF FFFFFFFF FFFFFFFF FFFFFFFF
0x0801F4C0 : FFFFFFFF FFFFFFFF FFFFFFFF FFFFFFFF
0x0801F4D0 : FFFFFFFF FFFFFFFF FFFFFFFF FFFFFFFF
0x0801F4E0 : FFFFFFFF FFFFFFFF FFFFFFFF FFFFFFFF
0x0801F4F0 : FFFFFFFF FFFFFFFF FFFFFFFF FFFFFFFF
0x0801F500 : FFFFFFFF FFFFFFFF FFFFFFFF FFFFFFFF
0x0801F510 : FFFFFFFF FFFFFFFF FFFFFFFF FFFFFFFF
0x0801F520 : FFFFFFFF FFFFFFFF FFFFFFFF FFFFFFFF
0x0801F530 : FFFFFFFF FFFFFFFF FFFFFFFF FFFFFFFF
0x0801F540 : FFFFFFFF FFFFFFFF FFFFFFFF FFFFFFFF
0x0801F550 : FFFFFFFF FFFFFFFF FFFFFFFF FFFFFFFF
0x0801F560 : FFFFFFFF FFFFFFFF FFFFFFFF FFFFFFFF
0x0801F570 : FFFFFFFF FFFFFFFF FFFFFFFF FFFFFFFF
0x0801F580 : FFFFFFFF FFFFFFFF FFFFFFFF FFFFFFFF
0x0801F590 : FFFFFFFF FFFFFFFF FFFFFFFF FFFFFFFF
0x0801F5A0 : FFFFFFFF FFFFFFFF FFFFFFFF FFFFFFFF
0x0801F5B0 : FFFFFFFF FFFFFFFF FFFFFFFF FFFFFFFF
0x0801F5C0 : FFFFFFFF FFFFFFFF FFFFFFFF FFFFFFFF
0x0801F5D0 : FFFFFFFF FFFFFFFF FFFFFFFF FFFFFFFF
0x0801F5E0 : FFFFFFFF FFFFFFFF FFFFFFFF FFFFFFFF
0x0801F5F0 : FFFFFFFF FFFFFFFF FFFFFFFF FFFFFFFF
0x0801F600 : FFFFFFFF FFFFFFFF FFFFFFFF FFFFFFFF
0x0801F610 : FFFFFFFF FFFFFFFF FFFFFFFF FFFFFFFF
0x0801F620 : FFFFFFFF FFFFFFFF FFFFFFFF FFFFFFFF
0x0801F630 : FFFFFFFF FFFFFFFF FFFFFFFF FFFFFFFF
0x0801F640 : FFFFFFFF FFFFFFFF FFFFFFFF FFFFFFFF
0x0801F650 : FFFFFFFF FFFFFFFF FFFFFFFF FFFFFFFF
0x0801F660 : FFFFFFFF FFFFFFFF FFFFFFFF FFFFFFFF
0x0801F670 : FFFFFFFF FFFFFFFF FFFFFFFF FFFFFFFF
0x0801F680 : FFFFFFFF FFFFFFFF FFFFFFFF FFFFFFFF
0x0801F690 : FFFFFFFF FFFFFFFF FFFFFFFF FFFFFFFF
0x0801F6A0 : FFFFFFFF FFFFFFFF FFFFFFFF FFFFFFFF
0x0801F6B0 : FFFFFFFF FFFFFFFF FFFFFFFF FFFFFFFF
0x0801F6C0 : FFFFFFFF FFFFFFFF FFFFFFFF FFFFFFFF
0x0801F6D0 : FFFFFFFF FFFFFFFF FFFFFFFF FFFFFFFF
0x0801F6E0 : FFFFFFFF FFFFFFFF FFFFFFFF FFFFFFFF
0x0801F6F0 : FFFFFFFF FFFFFFFF FFFFFFFF FFFFFFFF
0x0801F700 : FFFFFFFF FFFFFFFF FFFFFFFF FFFFFFFF
0x0801F710 : FFFFFFFF FFFFFFFF FFFFFFFF FFFFFFFF
0x0801F720 : FFFFFFFF FFFFFFFF FFFFFFFF FFFFFFFF
0x0801F730 : FFFFFFFF FFFFFFFF FFFFFFFF FFFFFFFF
0x0801F740 : FFFFFFFF FFFFFFFF FFFFFFFF FFFFFFFF
0x0801F750 : FFFFFFFF FFFFFFFF FFFFFFFF FFFFFFFF
0x0801F760 : FFFFFFFF FFFFFFFF FFFFFFFF FFFFFFFF
0x0801F770 : FFFFFFFF FFFFFFFF FFFFFFFF FFFFFFFF
0x0801F780 : FFFFFFFF FFFFFFFF FFFFFFFF FFFFFFFF
0x0801F790 : FFFFFFFF FFFFFFFF FFFFFFFF FFFFFFFF
0x0801F7A0 : FFFFFFFF FFFFFFFF FFFFFFFF FFFFFFFF
0x0801F7B0 : FFFFFFFF FFFFFFFF FFFFFFFF FFFFFFFF
0x0801F7C0 : FFFFFFFF FFFFFFFF FFFFFFFF FFFFFFFF
0x0801F7D0 : FFFFFFFF FFFFFFFF FFFFFFFF FFFFFFFF
0x0801F7E0 : FFFFFFFF FFFFFFFF FFFFFFFF FFFFFFFF
0x0801F7F0 : FFFFFFFF FFFFFFFF FFFFFFFF 434F4D54
0x0801F800 : 41333343 00030003 01190020 00000008
0x0801F810 : 00000000 86D2A20A 00000000 00000000
0x0801F820 : B2D05E00 00000000 000F4240 00000000
0x0801F830 : 03938700 00000000 B2D05E00 00000000
0x0801F840 : 00000000 00000000 00000000 01070100
0x0801F850 : 00000103 01020100 01000000 00000103
0x0801F860 : 5E000100 0000B2D0 00000000 00000000
0x0801F870 : 03000000 50080303 000000C3 A0000000
0x0801F880 : 00000186 E8000000 01000003 08000003
0x0801F890 : 001E8480 00000000 003D0900 00000000
0x0801F8A0 : 000001F4 FF53F100 F88DE3FF 000000FF
0x0801F8B0 : F939F200 000002FF 65000100 00001DCD
0x0801F8C0 : 00080000 00000005 0000000A 000003E8
0x0801F8D0 : 0001C200 01010000 00000000 00000000
0x0801F8E0 : 00000000 00000032 00002580 00000001
0x0801F8F0 : 00000000 00000000 00000000 00000000
0x0801F900 : 00000000 00000000 00000000 B7980003
0x0801F910 : 27100000 00000000 00000000 00000000
0x0801F920 : 00000000 00000000 00000000 00000000
0x0801F930 : 00000000 00000000 FFFFFF00 FFFFFFFF
0x0801F940 : FFFFFFFF FFFFFFFF FFFFFFFF FFFFFFFF
0x0801F950 : FFFFFFFF FFFFFFFF FFFFFFFF FFFFFFFF
0x0801F960 : FFFFFFFF FFFFFFFF FFFFFFFF FFFFFFFF
0x0801F970 : FFFFFFFF FFFFFFFF FFFFFFFF FFFFFFFF
0x0801F980 : FFFFFFFF FFFFFFFF FFFFFFFF FFFFFFFF
0x0801F990 : FFFFFFFF FFFFFFFF FFFFFFFF FFFFFFFF
0x0801F9A0 : FFFFFFFF FFFFFFFF FFFFFFFF FFFFFFFF
0x0801F9B0 : FFFFFFFF FFFFFFFF FFFFFFFF FFFFFFFF
0x0801F9C0 : FFFFFFFF FFFFFFFF FFFFFFFF FFFFFFFF
0x0801F9D0 : FFFFFFFF FFFFFFFF FFFFFFFF FFFFFFFF
0x0801F9E0 : FFFFFFFF FFFFFFFF FFFFFFFF FFFFFFFF
0x0801F9F0 : FFFFFFFF FFFFFFFF FFFFFFFF FFFFFFFF
0x0801FA00 : FFFFFFFF FFFFFFFF FFFFFFFF FFFFFFFF
0x0801FA10 : FFFFFFFF FFFFFFFF FFFFFFFF FFFFFFFF
0x0801FA20 : FFFFFFFF FFFFFFFF FFFFFFFF FFFFFFFF
0x0801FA30 : FFFFFFFF FFFFFFFF FFFFFFFF FFFFFFFF
0x0801FA40 : FFFFFFFF FFFFFFFF FFFFFFFF FFFFFFFF
0x0801FA50 : FFFFFFFF FFFFFFFF FFFFFFFF FFFFFFFF
0x0801FA60 : FFFFFFFF FFFFFFFF FFFFFFFF FFFFFFFF
0x0801FA70 : FFFFFFFF FFFFFFFF FFFFFFFF FFFFFFFF
0x0801FA80 : FFFFFFFF FFFFFFFF FFFFFFFF FFFFFFFF
0x0801FA90 : FFFFFFFF FFFFFFFF FFFFFFFF FFFFFFFF
0x0801FAA0 : FFFFFFFF FFFFFFFF FFFFFFFF FFFFFFFF
0x0801FAB0 : FFFFFFFF FFFFFFFF FFFFFFFF FFFFFFFF
0x0801FAC0 : FFFFFFFF FFFFFFFF FFFFFFFF FFFFFFFF
0x0801FAD0 : FFFFFFFF FFFFFFFF FFFFFFFF FFFFFFFF
0x0801FAE0 : FFFFFFFF FFFFFFFF FFFFFFFF FFFFFFFF
0x0801FAF0 : FFFFFFFF FFFFFFFF FFFFFFFF FFFFFFFF
0x0801FB00 : FFFFFFFF FFFFFFFF FFFFFFFF FFFFFFFF
0x0801FB10 : FFFFFFFF FFFFFFFF FFFFFFFF FFFFFFFF
0x0801FB20 : FFFFFFFF FFFFFFFF FFFFFFFF FFFFFFFF
0x0801FB30 : FFFFFFFF FFFFFFFF FFFFFFFF FFFFFFFF
0x0801FB40 : FFFFFFFF FFFFFFFF FFFFFFFF FFFFFFFF
0x0801FB50 : FFFFFFFF FFFFFFFF FFFFFFFF FFFFFFFF
0x0801FB60 : FFFFFFFF FFFFFFFF FFFFFFFF FFFFFFFF
0x0801FB70 : FFFFFFFF FFFFFFFF FFFFFFFF FFFFFFFF
0x0801FB80 : FFFFFFFF FFFFFFFF FFFFFFFF FFFFFFFF
0x0801FB90 : FFFFFFFF FFFFFFFF FFFFFFFF FFFFFFFF
0x0801FBA0 : FFFFFFFF FFFFFFFF FFFFFFFF FFFFFFFF
0x0801FBB0 : FFFFFFFF FFFFFFFF FFFFFFFF FFFFFFFF
0x0801FBC0 : FFFFFFFF FFFFFFFF FFFFFFFF FFFFFFFF
0x0801FBD0 : FFFFFFFF FFFFFFFF FFFFFFFF FFFFFFFF
0x0801FBE0 : FFFFFFFF FFFFFFFF FFFFFFFF FFFFFFFF
0x0801FBF0 : FFFFFFFF FFFFFFFF FFFFFFFF FFFFFFFF
0x0801FC00 : FFFFFFFF FFFFFFFF FFFFFFFF FFFFFFFF
0x0801FC10 : FFFFFFFF FFFFFFFF FFFFFFFF FFFFFFFF
0x0801FC20 : FFFFFFFF FFFFFFFF FFFFFFFF FFFFFFFF
0x0801FC30 : FFFFFFFF FFFFFFFF FFFFFFFF FFFFFFFF
0x0801FC40 : FFFFFFFF FFFFFFFF FFFFFFFF FFFFFFFF
0x0801FC50 : FFFFFFFF FFFFFFFF FFFFFFFF FFFFFFFF
0x0801FC60 : FFFFFFFF FFFFFFFF FFFFFFFF FFFFFFFF
0x0801FC70 : FFFFFFFF FFFFFFFF FFFFFFFF FFFFFFFF
0x0801FC80 : FFFFFFFF FFFFFFFF FFFFFFFF FFFFFFFF
0x0801FC90 : FFFFFFFF FFFFFFFF FFFFFFFF FFFFFFFF
0x0801FCA0 : FFFFFFFF FFFFFFFF FFFFFFFF FFFFFFFF
0x0801FCB0 : FFFFFFFF FFFFFFFF FFFFFFFF FFFFFFFF
0x0801FCC0 : FFFFFFFF FFFFFFFF FFFFFFFF FFFFFFFF
0x0801FCD0 : FFFFFFFF FFFFFFFF FFFFFFFF FFFFFFFF
0x0801FCE0 : FFFFFFFF FFFFFFFF FFFFFFFF FFFFFFFF
0x0801FCF0 : FFFFFFFF FFFFFFFF FFFFFFFF FFFFFFFF
0x0801FD00 : FFFFFFFF FFFFFFFF FFFFFFFF FFFFFFFF
0x0801FD10 : FFFFFFFF FFFFFFFF FFFFFFFF FFFFFFFF
0x0801FD20 : FFFFFFFF FFFFFFFF FFFFFFFF FFFFFFFF
0x0801FD30 : FFFFFFFF FFFFFFFF FFFFFFFF FFFFFFFF
0x0801FD40 : FFFFFFFF FFFFFFFF FFFFFFFF FFFFFFFF
0x0801FD50 : FFFFFFFF FFFFFFFF FFFFFFFF FFFFFFFF
0x0801FD60 : FFFFFFFF FFFFFFFF FFFFFFFF FFFFFFFF
0x0801FD70 : FFFFFFFF FFFFFFFF FFFFFFFF FFFFFFFF
0x0801FD80 : FFFFFFFF FFFFFFFF FFFFFFFF FFFFFFFF
0x0801FD90 : FFFFFFFF FFFFFFFF FFFFFFFF FFFFFFFF
0x0801FDA0 : FFFFFFFF FFFFFFFF FFFFFFFF FFFFFFFF
0x0801FDB0 : FFFFFFFF FFFFFFFF FFFFFFFF FFFFFFFF
0x0801FDC0 : FFFFFFFF FFFFFFFF FFFFFFFF FFFFFFFF
0x0801FDD0 : FFFFFFFF FFFFFFFF FFFFFFFF FFFFFFFF
0x0801FDE0 : FFFFFFFF FFFFFFFF FFFFFFFF FFFFFFFF
0x0801FDF0 : FFFFFFFF FFFFFFFF FFFFFFFF FFFFFFFF
0x0801FE00 : FFFFFFFF FFFFFFFF FFFFFFFF FFFFFFFF
0x0801FE10 : FFFFFFFF FFFFFFFF FFFFFFFF FFFFFFFF
0x0801FE20 : FFFFFFFF FFFFFFFF FFFFFFFF FFFFFFFF
0x0801FE30 : FFFFFFFF FFFFFFFF FFFFFFFF FFFFFFFF
0x0801FE40 : FFFFFFFF FFFFFFFF FFFFFFFF FFFFFFFF
0x0801FE50 : FFFFFFFF FFFFFFFF FFFFFFFF FFFFFFFF
0x0801FE60 : FFFFFFFF FFFFFFFF FFFFFFFF FFFFFFFF
0x0801FE70 : FFFFFFFF FFFFFFFF FFFFFFFF FFFFFFFF
0x0801FE80 : FFFFFFFF FFFFFFFF FFFFFFFF FFFFFFFF
0x0801FE90 : FFFFFFFF FFFFFFFF FFFFFFFF FFFFFFFF
0x0801FEA0 : FFFFFFFF FFFFFFFF FFFFFFFF FFFFFFFF
0x0801FEB0 : FFFFFFFF FFFFFFFF FFFFFFFF FFFFFFFF
0x0801FEC0 : FFFFFFFF FFFFFFFF FFFFFFFF FFFFFFFF
0x0801FED0 : FFFFFFFF FFFFFFFF FFFFFFFF FFFFFFFF
0x0801FEE0 : FFFFFFFF FFFFFFFF FFFFFFFF FFFFFFFF
0x0801FEF0 : FFFFFFFF FFFFFFFF FFFFFFFF FFFFFFFF
0x0801FF00 : FFFFFFFF FFFFFFFF FFFFFFFF FFFFFFFF
0x0801FF10 : FFFFFFFF FFFFFFFF FFFFFFFF FFFFFFFF
0x0801FF20 : FFFFFFFF FFFFFFFF FFFFFFFF FFFFFFFF
0x0801FF30 : FFFFFFFF FFFFFFFF FFFFFFFF FFFFFFFF
0x0801FF40 : FFFFFFFF FFFFFFFF FFFFFFFF FFFFFFFF
0x0801FF50 : FFFFFFFF FFFFFFFF FFFFFFFF FFFFFFFF
0x0801FF60 : FFFFFFFF FFFFFFFF FFFFFFFF FFFFFFFF
0x0801FF70 : FFFFFFFF FFFFFFFF FFFFFFFF FFFFFFFF
0x0801FF80 : FFFFFFFF FFFFFFFF FFFFFFFF FFFFFFFF
0x0801FF90 : FFFFFFFF FFFFFFFF FFFFFFFF FFFFFFFF
0x0801FFA0 : FFFFFFFF FFFFFFFF FFFFFFFF FFFFFFFF
0x0801FFB0 : FFFFFFFF FFFFFFFF FFFFFFFF FFFFFFFF
0x0801FFC0 : FFFFFFFF FFFFFFFF FFFFFFFF FFFFFFFF
0x0801FFD0 : FFFFFFFF FFFFFFFF FFFFFFFF FFFFFFFF
0x0801FFE0 : FFFFFFFF FFFFFFFF FFFFFFFF FFFFFFFF
0x0801FFF0 : FFFFFFFF FFFFFFFF FFFFFFFF 434F4D54
