{
  "status": "COMPLETE",
  "started_utc": "2026-09-24T18:50:07Z",
  "ended_utc": "2026-09-24T18:58:42Z",
  "duration_s": 514.5303449630737,
  "records": 1027,
  "duplicates": 24,
  "read_errors": 0,
  "unobserved_sample_sequences": 4094,
  "maximum_host_gap_s": 0.8280000000013388,
  "first_state": {
    "utc": "2026-09-24T18:50:07.759Z",
    "host_monotonic_ns": 19110421000000,
    "firmware": "0x051C",
    "map": "0x0104",
    "display_count": -2,
    "display_decimals": 2,
    "status_flags": 63,
    "net_ug": -20274,
    "gross_ug": -20274,
    "tare_ug": 0,
    "raw_adc": -44019,
    "filtered_raw": -44029,
    "sample_sequence": 1139,
    "mcu_uptime_ms": 114901,
    "official_stable": 1,
    "official_overload": 0,
    "profile": 0,
    "sample_rate": 0,
    "gain": 3,
    "cs1237_state": 4,
    "buffered_samples": 0,
    "overrun_count": 0,
    "dirty": 0,
    "revision": 8,
    "saved_revision": 8,
    "fault_mask": 0,
    "calibration_valid": 1,
    "primary_sample_sequence": 1139,
    "display_condition_state": 2,
    "display_locked": 1,
    "conditioned_display_ug": -20000,
    "display_anchor_ug": -20000,
    "application": 0,
    "mode": 0,
    "state": 0,
    "limited": 0,
    "reason": 0,
    "offset_ug": 0,
    "reference_ug": 0,
    "evaluation_count": 0,
    "automatic_rebase_count": 0,
    "save_request_count_low": 0,
    "signature": "0x5AA5",
    "static_input_ug": -20274,
    "dynamic_input_ug": -31537,
    "low_limit_ug": 0,
    "high_limit_ug": 0,
    "event_count": 83,
    "static_immediate": 2,
    "static_class": 2,
    "dynamic_immediate": 2,
    "dynamic_confirmed": 2,
    "static_stable_count": 255,
    "static_reason": 0,
    "dynamic_candidate": 2,
    "dynamic_confirm_count": 15,
    "dynamic_reason": 0,
    "process_active": 0,
    "valid": 1,
    "formal_state": 0,
    "formal_alarm_active": 0,
    "formal_green": 0,
    "formal_yellow": 0,
    "formal_red": 0,
    "formal_internal_buzzer": 0,
    "formal_external_buzzer": 0,
    "save_count": 0,
    "fault": 0,
    "overrun": 0,
    "r5_input_ug": -20200,
    "timestamp_ms": 114901
  },
  "last_state": {
    "utc": "2026-09-24T18:58:41.616Z",
    "host_monotonic_ns": 19624281000000,
    "firmware": "0x051C",
    "map": "0x0104",
    "display_count": 0,
    "display_decimals": 2,
    "status_flags": 63,
    "net_ug": 7884,
    "gross_ug": 7884,
    "tare_ug": 0,
    "raw_adc": -43990,
    "filtered_raw": -44010,
    "sample_sequence": 3415,
    "mcu_uptime_ms": 628848,
    "official_stable": 1,
    "official_overload": 0,
    "profile": 0,
    "sample_rate": 0,
    "gain": 3,
    "cs1237_state": 4,
    "buffered_samples": 0,
    "overrun_count": 0,
    "dirty": 0,
    "revision": 9,
    "saved_revision": 9,
    "fault_mask": 0,
    "calibration_valid": 1,
    "primary_sample_sequence": 3415,
    "display_condition_state": 2,
    "display_locked": 1,
    "conditioned_display_ug": 0,
    "display_anchor_ug": 0,
    "application": 0,
    "mode": 0,
    "state": 0,
    "limited": 0,
    "reason": 5,
    "offset_ug": 0,
    "reference_ug": 0,
    "evaluation_count": 0,
    "automatic_rebase_count": 0,
    "save_request_count_low": 1,
    "signature": "0x5AA5",
    "static_input_ug": 7884,
    "dynamic_input_ug": -14642,
    "low_limit_ug": 0,
    "high_limit_ug": 0,
    "event_count": 279,
    "static_immediate": 2,
    "static_class": 4,
    "dynamic_immediate": 2,
    "dynamic_confirmed": 2,
    "static_stable_count": 255,
    "static_reason": 0,
    "dynamic_candidate": 2,
    "dynamic_confirm_count": 15,
    "dynamic_reason": 0,
    "process_active": 0,
    "valid": 1,
    "formal_state": 0,
    "formal_alarm_active": 0,
    "formal_green": 0,
    "formal_yellow": 0,
    "formal_red": 0,
    "formal_internal_buzzer": 0,
    "formal_external_buzzer": 0,
    "save_count": 1,
    "fault": 0,
    "overrun": 0,
    "r5_input_ug": 7800,
    "timestamp_ms": 628848
  },
  "writes": 0,
  "flash_operations": 0
}
