2026-07-25T06:02:41.875632+00:00 TX 01 03 00 00 00 01 84 0B
2026-07-25T06:02:42.177759+00:00 RX
2026-07-25T06:02:42.188759+00:00 TX 02 03 00 00 00 01 84 39
2026-07-25T06:02:42.490228+00:00 RX
2026-07-25T06:02:42.500733+00:00 TX 00 03 00 00 00 01 85 DB
2026-07-25T06:02:42.802318+00:00 RX
2026-07-25T06:02:42.812320+00:00 TX 00 06 01 16 00 00 68 23
2026-07-25T06:02:43.115041+00:00 RX
2026-07-25T06:02:43.126040+00:00 TX 00 10 01 56 00 01 02 00 00 B7 36
2026-07-25T06:02:43.427258+00:00 RX
2026-07-25T06:02:43.437761+00:00 TX 01 04 00 00 00 01 31 CA
2026-07-25T06:02:43.443762+00:00 RX 01 84 01 82 C0
2026-07-25T06:02:43.453765+00:00 TX 01 03 00 00 00 00 45 CA
2026-07-25T06:02:43.459766+00:00 RX 01 83 03 01 31
2026-07-25T06:02:43.469769+00:00 TX 01 03 00 00 00 7E C5 EA
2026-07-25T06:02:43.474805+00:00 RX 01 83 03 01 31
2026-07-25T06:02:43.485804+00:00 TX 01 03 FF FF 00 01 84 2E
2026-07-25T06:02:43.492806+00:00 RX 01 83 02 C0 F1
2026-07-25T06:02:43.503310+00:00 TX 01 06 00 00 00 00 89 CA
2026-07-25T06:02:43.509312+00:00 RX 01 86 02 C3 A1
2026-07-25T06:02:43.519314+00:00 TX 01 06 01 A1 00 00 D9 D4
2026-07-25T06:02:43.525312+00:00 RX 01 86 03 02 61
2026-07-25T06:02:43.535315+00:00 TX 01 10 01 40 00 00 00 21 50
2026-07-25T06:02:43.540818+00:00 RX 01 90 03 0C 01
2026-07-25T06:02:43.551821+00:00 TX 01 10 01 40 00 7C 00 01 90
2026-07-25T06:02:43.557822+00:00 RX 01 90 03 0C 01
2026-07-25T06:02:43.567825+00:00 TX 01 10 01 40 00 01 01 00 C0 48
2026-07-25T06:02:43.573826+00:00 RX 01 90 03 0C 01
2026-07-25T06:02:43.583828+00:00 TX 01 10 01 56 00 01 02 00
2026-07-25T06:02:43.885682+00:00 RX
2026-07-25T06:02:43.896681+00:00 TX 01 10 01 56 00 01 02 00 01 00 26 23
2026-07-25T06:02:43.902184+00:00 RX 01 90 03 0C 01
2026-07-25T06:02:43.912186+00:00 TX 01 03 00
2026-07-25T06:02:44.213396+00:00 RX
2026-07-25T06:02:44.224395+00:00 TX F8 F8 F8 F8 F8 F8 F8 F8 F8 F8 F8 F8 F8 F8 F8 F8 F8 F8 F8 F8 F8 F8 F8 F8 F8 F8 F8 F8 F8 F8 F8 F8 F8 F8 F8 F8 F8 F8 F8 F8 F8 F8 F8 F8 F8 F8 F8 F8 F8 F8 F8 F8 F8 F8 F8 F8 F8 F8 F8 F8 F8 F8 F8 F8 F8 F8 F8 F8 F8 F8 F8 F8 F8 F8 F8 F8 F8 F8 F8 F8 F8 F8 F8 F8 F8 F8 F8 F8 F8 F8 F8 F8 F8 F8 F8 F8 F8 F8 F8 F8 F8 F8 F8 F8 F8 F8 F8 F8 F8 F8 F8 F8 F8 F8 F8 F8 F8 F8 F8 F8 F8 F8 F8 F8 F8 F8 F8 F8 F8 F8 F8 F8 F8 F8 F8 F8 F8 F8 F8 F8 F8 F8 F8 F8 F8 F8 F8 F8 F8 F8 F8 F8 F8 F8 F8 F8 F8 F8 F8 F8 F8 F8 F8 F8 F8 F8 F8 F8 F8 F8 F8 F8 F8 F8 F8 F8 F8 F8 F8 F8 F8 F8 F8 F8 F8 F8 F8 F8 F8 F8 F8 F8 F8 F8 F8 F8 F8 F8 F8 F8 F8 F8 F8 F8 F8 F8 F8 F8 F8 F8 F8 F8 F8 F8 F8 F8 F8 F8 F8 F8 F8 F8 F8 F8 F8 F8 F8 F8 F8 F8 F8 F8 F8 F8 F8 F8 F8 F8 F8 F8 F8 F8 F8 F8 F8 F8 F8 F8 F8 F8 F8 F8 F8 F8 F8 F8 F8
2026-07-25T06:02:44.545557+00:00 RX
2026-07-25T06:02:44.555559+00:00 TX 2A 58 52 CD EA E1 EE EA 82 7C 60
2026-07-25T06:02:44.857455+00:00 RX
2026-07-25T06:02:45.167528+00:00 TX 01 03 00 00 00 01 84 0A
2026-07-25T06:02:45.173529+00:00 RX 01 03 02 00 00 B8 44
