2026-07-25T06:23:26.247491+00:00 TX 01 03 00 30 00 08 44 03
2026-07-25T06:23:26.262494+00:00 RX 01 03 10 00 00 00 01 00 01 00 00 00 02 00 00 00 01 00 00 90 24
2026-07-25T06:23:26.265494+00:00 TX 01 03 01 C2 00 02 64 0B
2026-07-25T06:23:26.273496+00:00 RX 01 03 04 00 00 00 01 3B F3
2026-07-25T06:23:26.275497+00:00 TX 01 10 00 40 00 0B 16 60 41 00 0D 00 00 00 00 00 00 00 00 00 00 00 00 00 00 00 00 00 00 23 04
2026-07-25T06:23:26.283498+00:00 RX 01 10 00 40 00 0B 80 1A
2026-07-25T06:23:26.285499+00:00 TX 01 06 00 4B A5 5A 02 B7
2026-07-25T06:23:26.291500+00:00 RX 01 06 00 4B A5 5A 02 B7
2026-07-25T06:23:26.293501+00:00 TX 01 03 00 4C 00 04 85 DE
2026-07-25T06:23:26.595027+00:00 RX
2026-07-25T06:23:26.615034+00:00 TX 01 03 00 4C 00 04 85 DE
2026-07-25T06:23:26.625036+00:00 RX 01 03 08 60 41 00 01 00 00 00 0D 3E FE
2026-07-25T06:23:26.628037+00:00 TX 01 03 00 30 00 08 44 03
2026-07-25T06:23:26.643040+00:00 RX 01 03 10 00 00 00 01 00 00 00 00 00 02 00 00 00 02 00 00 64 D8
2026-07-25T06:23:26.646041+00:00 TX 01 03 01 C2 00 02 64 0B
2026-07-25T06:23:26.653043+00:00 RX 01 03 04 00 00 00 02 7B F2
2026-07-25T06:23:26.656044+00:00 TX 01 10 00 40 00 0B 16 60 42 00 0D 00 00 00 00 00 00 00 00 00 00 00 00 00 00 00 00 00 00 10 37
2026-07-25T06:23:26.663045+00:00 RX 01 10 00 40 00 0B 80 1A
2026-07-25T06:23:26.665046+00:00 TX 01 06 00 4B A5 5A 02 B7
2026-07-25T06:23:26.670047+00:00 RX 01 06 00 4B A5 5A 02 B7
2026-07-25T06:23:26.672047+00:00 TX 01 03 00 4C 00 04 85 DE
2026-07-25T06:23:26.682050+00:00 RX 01 03 08 60 42 00 01 00 00 00 0D 0D FE
2026-07-25T06:23:26.684050+00:00 TX 01 03 00 30 00 01 84 05
2026-07-25T06:23:26.690051+00:00 RX 01 03 02 00 00 B8 44
2026-07-25T06:23:26.692052+00:00 TX 01 03 01 C2 00 02 64 0B
2026-07-25T06:23:26.699051+00:00 RX 01 03 04 00 00 00 02 7B F2
