2026-07-25T06:16:13.988782+00:00 TX 01 03 00 30 00 08 44 03
2026-07-25T06:16:14.004286+00:00 RX 01 03 10 00 00 00 01 00 00 00 00 00 00 00 00 00 00 00 00 E6 D8
2026-07-25T06:16:14.006287+00:00 TX 01 03 01 C2 00 02 64 0B
2026-07-25T06:16:14.014289+00:00 RX 01 03 04 00 00 00 01 3B F3
2026-07-25T06:16:14.016289+00:00 TX 01 10 00 40 00 0B 16 C7 BE 00 0D 00 00 00 00 00 00 00 00 00 00 00 00 00 00 00 00 00 00 A4 90
2026-07-25T06:16:14.024292+00:00 RX 01 10 00 40 00 0B 80 1A
2026-07-25T06:16:14.027289+00:00 TX 01 06 00 4B A5 5A 02 B7
2026-07-25T06:16:14.032289+00:00 RX 01 06 00 4B A5 5A 02 B7
2026-07-25T06:16:14.035290+00:00 TX 01 03 00 4C 00 04 85 DE
2026-07-25T06:16:14.044793+00:00 RX 01 03 08 C7 BE 00 01 00 00 00 0D 7A 6F
2026-07-25T06:16:14.047794+00:00 TX 01 03 00 30 00 08 44 03
2026-07-25T06:16:14.062794+00:00 RX 01 03 10 00 00 00 01 00 00 00 00 00 00 00 00 00 00 00 00 E6 D8
2026-07-25T06:16:14.064795+00:00 TX 01 03 01 C2 00 02 64 0B
2026-07-25T06:16:14.072796+00:00 RX 01 03 04 00 00 00 01 3B F3
2026-07-25T06:16:14.076098+00:00 TX 01 10 00 40 00 0B 16 C7 BF 00 0D 00 00 00 00 00 00 00 00 00 00 00 00 00 00 00 00 00 00 B4 41
2026-07-25T06:16:14.084096+00:00 RX 01 10 00 40 00 0B 80 1A
2026-07-25T06:16:14.086097+00:00 TX 01 06 00 4B A5 5A 02 B7
2026-07-25T06:16:14.091098+00:00 RX 01 06 00 4B A5 5A 02 B7
2026-07-25T06:16:14.093099+00:00 TX 01 03 00 4C 00 04 85 DE
2026-07-25T06:16:14.103098+00:00 RX 01 03 08 C7 BF 00 01 00 00 00 0D 6A AF
2026-07-25T06:16:14.105098+00:00 TX 01 03 00 30 00 01 84 05
2026-07-25T06:16:14.112100+00:00 RX 01 03 02 00 00 B8 44
2026-07-25T06:16:14.114100+00:00 TX 01 03 01 C2 00 02 64 0B
2026-07-25T06:16:14.121603+00:00 RX 01 03 04 00 00 00 01 3B F3
