CMake is re-running because D:/Downloads/a13er_builds/host/stage5pa13c/CMakeFiles/generate.stamp is out-of-date.
  the file 'D:/Documents/stm32f103rbt6_a33_stage5pa13er/Tests/host/stage5pa13c/CMakeLists.txt'
  is newer than 'D:/Downloads/a13er_builds/host/stage5pa13c/CMakeFiles/generate.stamp.depend'
  result='-1'
-- Selecting Windows SDK version 10.0.22621.0 to target Windows 10.0.26200.
-- Configuring done (0.0s)
-- Generating done (0.7s)
-- Build files have been written to: D:/Downloads/a13er_builds/host
适用于 .NET Framework MSBuild 版本 17.13.19+0d9f5a35a

  alarm_output_manager_tests.vcxproj -> D:\Downloads\a13er_builds\host\Debug\alarm_output_manager_tests.exe
  checkweigh_tests.vcxproj -> D:\Downloads\a13er_builds\host\Debug\checkweigh_tests.exe
  display_conditioner_tests.vcxproj -> D:\Downloads\a13er_builds\host\Debug\display_conditioner_tests.exe
  runtime_drift_tests.vcxproj -> D:\Downloads\a13er_builds\host\Debug\runtime_drift_tests.exe
  stage4a_host_tests.vcxproj -> D:\Downloads\a13er_builds\host\Debug\stage4a_host_tests.exe
  stage4b_storage_tests.vcxproj -> D:\Downloads\a13er_builds\host\Debug\stage4b_storage_tests.exe
  stage4br_persistence_tests.vcxproj -> D:\Downloads\a13er_builds\host\Debug\stage4br_persistence_tests.exe
  stage5a_host_tests.vcxproj -> D:\Downloads\a13er_builds\host\Debug\stage5a_host_tests.exe
  stage5b_host_tests.vcxproj -> D:\Downloads\a13er_builds\host\Debug\stage5b_host_tests.exe
  stage5c_ble_command_protocol_tests.vcxproj -> D:\Downloads\a13er_builds\host\Debug\stage5c_ble_command_protocol_tests.exe
  stage5c_ble_command_service_tests.vcxproj -> D:\Downloads\a13er_builds\host\Debug\stage5c_ble_command_service_tests.exe
  stage5c_ble_telemetry_tests.vcxproj -> D:\Downloads\a13er_builds\host\Debug\stage5c_ble_telemetry_tests.exe
  stage5c_host_tests.vcxproj -> D:\Downloads\a13er_builds\host\Debug\stage5c_host_tests.exe
  stage5e_config_edit_no_menu_tests.vcxproj -> D:\Downloads\a13er_builds\host\Debug\stage5e_config_edit_no_menu_tests.exe
  stage5l_measurement_diagnostics_tests.vcxproj -> D:\Downloads\a13er_builds\host\Debug\stage5l_measurement_diagnostics_tests.exe
  stage5ma_adaptive_runner.vcxproj -> D:\Downloads\a13er_builds\host\Debug\stage5ma_adaptive_runner.exe
  stage5ma_adaptive_tests.vcxproj -> D:\Downloads\a13er_builds\host\Debug\stage5ma_adaptive_tests.exe
  stage5mr5_beta_mailbox_tests.vcxproj -> D:\Downloads\a13er_builds\host\Debug\stage5mr5_beta_mailbox_tests.exe
  stage5mr5_persistent_equal_tests.vcxproj -> D:\Downloads\a13er_builds\host\Debug\stage5mr5_persistent_equal_tests.exe
  stage5mr5_reference_lock_runner.vcxproj -> D:\Downloads\a13er_builds\host\Debug\stage5mr5_reference_lock_runner.exe
  stage5mr5_reference_lock_tests.vcxproj -> D:\Downloads\a13er_builds\host\Debug\stage5mr5_reference_lock_tests.exe
  stage5mr5_tare_revision_tests.vcxproj -> D:\Downloads\a13er_builds\host\Debug\stage5mr5_tare_revision_tests.exe
  stage5mr5_ui_workspace_tests.vcxproj -> D:\Downloads\a13er_builds\host\Debug\stage5mr5_ui_workspace_tests.exe
  stage5mr5_weight_engine_tests.vcxproj -> D:\Downloads\a13er_builds\host\Debug\stage5mr5_weight_engine_tests.exe
  stage5mr5e_beta_surface_tests.vcxproj -> D:\Downloads\a13er_builds\host\Debug\stage5mr5e_beta_surface_tests.exe
  stage5mr5e_d1b_display_runner.vcxproj -> D:\Downloads\a13er_builds\host\Debug\stage5mr5e_d1b_display_runner.exe
  stage5mr5e_d1c_display_runner.vcxproj -> D:\Downloads\a13er_builds\host\Debug\stage5mr5e_d1c_display_runner.exe
  stage5mr5e_d1d_display_runner.vcxproj -> D:\Downloads\a13er_builds\host\Debug\stage5mr5e_d1d_display_runner.exe
  stage5mr5e_d1d_display_tests.vcxproj -> D:\Downloads\a13er_builds\host\Debug\stage5mr5e_d1d_display_tests.exe
  stage5mr5e_local_control_tests.vcxproj -> D:\Downloads\a13er_builds\host\Debug\stage5mr5e_local_control_tests.exe
  stage5mr5e_standard_surface_tests.vcxproj -> D:\Downloads\a13er_builds\host\Debug\stage5mr5e_standard_surface_tests.exe
  stage5mr_drift_runner.vcxproj -> D:\Downloads\a13er_builds\host\Debug\stage5mr_drift_runner.exe
  stage5mr_drift_tests.vcxproj -> D:\Downloads\a13er_builds\host\Debug\stage5mr_drift_tests.exe
  stage5na3_fault_injection_tests.vcxproj -> D:\Downloads\a13er_builds\host\Debug\stage5na3_fault_injection_tests.exe
  stage5na_shadow_runner.vcxproj -> D:\Downloads\a13er_builds\host\Debug\stage5na_shadow_runner.exe
  stage5nb_guarded_checkweigh_tests.vcxproj -> D:\Downloads\a13er_builds\host\Debug\stage5nb_guarded_checkweigh_tests.exe
  stage5nb_local_control_tests.vcxproj -> D:\Downloads\a13er_builds\host\Debug\stage5nb_local_control_tests.exe
  stage5nb_output_safety_tests.vcxproj -> D:\Downloads\a13er_builds\host\Debug\stage5nb_output_safety_tests.exe
  stage5pa13c_host_benchmark.vcxproj -> D:\Downloads\a13er_builds\host\stage5pa13c\Debug\stage5pa13c_host_benchmark.exe
  replay_runner.c
  a13c_shadow_compensator.c
  正在生成代码...
  stage5pa13c_replay_runner.vcxproj -> D:\Downloads\a13er_builds\host\stage5pa13c\Debug\stage5pa13c_replay_runner.exe
  test_safety.c
  a13c_shadow_compensator.c
  正在生成代码...
  stage5pa13c_safety_tests.vcxproj -> D:\Downloads\a13er_builds\host\stage5pa13c\Debug\stage5pa13c_safety_tests.exe
  stage5pa13d_resource_tests.vcxproj -> D:\Downloads\a13er_builds\host\Debug\stage5pa13d_resource_tests.exe
  stage5pa13dr_accumulator_tests.vcxproj -> D:\Downloads\a13er_builds\host\Debug\stage5pa13dr_accumulator_tests.exe
  stage5pa13dr_storage_tests.vcxproj -> D:\Downloads\a13er_builds\host\Debug\stage5pa13dr_storage_tests.exe
  stage5pa13e_active_tests.vcxproj -> D:\Downloads\a13er_builds\host\Debug\stage5pa13e_active_tests.exe
  stage5pa1_r5_sample_runner.vcxproj -> D:\Downloads\a13er_builds\host\Debug\stage5pa1_r5_sample_runner.exe
  stage5pa2c_menu_tests.vcxproj -> D:\Downloads\a13er_builds\host\Debug\stage5pa2c_menu_tests.exe
  stage5pa2c_persistence_tests.vcxproj -> D:\Downloads\a13er_builds\host\Debug\stage5pa2c_persistence_tests.exe
  stage5pa2d_calibration_tests.vcxproj -> D:\Downloads\a13er_builds\host\Debug\stage5pa2d_calibration_tests.exe
  stage5pa2d_menu_tests.vcxproj -> D:\Downloads\a13er_builds\host\Debug\stage5pa2d_menu_tests.exe
  stage5pa2d_persistence_tests.vcxproj -> D:\Downloads\a13er_builds\host\Debug\stage5pa2d_persistence_tests.exe
  stage5pa_persistence_tests.vcxproj -> D:\Downloads\a13er_builds\host\Debug\stage5pa_persistence_tests.exe
  stage5pa_r5_admission_tests.vcxproj -> D:\Downloads\a13er_builds\host\Debug\stage5pa_r5_admission_tests.exe
  stage5pa_timing_tests.vcxproj -> D:\Downloads\a13er_builds\host\Debug\stage5pa_timing_tests.exe
  startup_auto_zero_tests.vcxproj -> D:\Downloads\a13er_builds\host\Debug\startup_auto_zero_tests.exe
  uart2_dma_recovery_tests.vcxproj -> D:\Downloads\a13er_builds\host\Debug\uart2_dma_recovery_tests.exe
  Building Custom Rule D:/Documents/stm32f103rbt6_a33_stage5pa13er/Tests/host/CMakeLists.txt
