[1/135] Building C object CMakeFiles/stm32f103rbt6_a33.dir/Core/Src/tim.c.obj
[2/135] Building C object CMakeFiles/stm32f103rbt6_a33.dir/Core/Src/dma.c.obj
[3/135] Building C object CMakeFiles/stm32f103rbt6_a33.dir/Core/Src/adc.c.obj
[4/135] Building C object CMakeFiles/stm32f103rbt6_a33.dir/Core/Src/gpio.c.obj
[5/135] Building C object CMakeFiles/stm32f103rbt6_a33.dir/Core/Src/usart.c.obj
[6/135] Building C object CMakeFiles/stm32f103rbt6_a33.dir/Core/Src/main.c.obj
[7/135] Building ASM object CMakeFiles/stm32f103rbt6_a33.dir/startup_stm32f103xb.s.obj
[8/135] Building C object CMakeFiles/stm32f103rbt6_a33.dir/Core/Src/sysmem.c.obj
[9/135] Building C object CMakeFiles/stm32f103rbt6_a33.dir/Core/Src/stm32f1xx_hal_msp.c.obj
[10/135] Building C object CMakeFiles/stm32f103rbt6_a33.dir/Core/Src/stm32f1xx_it.c.obj
[11/135] Building C object CMakeFiles/stm32f103rbt6_a33.dir/App/communication_manager.c.obj
[12/135] Building C object CMakeFiles/stm32f103rbt6_a33.dir/App/config_application.c.obj
[13/135] Building C object CMakeFiles/stm32f103rbt6_a33.dir/Core/Src/syscalls.c.obj
[14/135] Building C object CMakeFiles/stm32f103rbt6_a33.dir/App/calibration_controller.c.obj
[15/135] Building C object CMakeFiles/stm32f103rbt6_a33.dir/App/measurement_bridge.c.obj
[16/135] Building C object CMakeFiles/stm32f103rbt6_a33.dir/App/revision_helper.c.obj
[17/135] Building C object CMakeFiles/stm32f103rbt6_a33.dir/App/device_manager.c.obj
[18/135] Building C object CMakeFiles/stm32f103rbt6_a33.dir/App/app_main.c.obj
[19/135] Building C object CMakeFiles/stm32f103rbt6_a33.dir/App/self_test_controller.c.obj
[20/135] Building C object CMakeFiles/stm32f103rbt6_a33.dir/App/persistence_manager.c.obj
[21/135] Building C object CMakeFiles/stm32f103rbt6_a33.dir/App/metrology_manager.c.obj
[22/135] Building C object CMakeFiles/stm32f103rbt6_a33.dir/App/startup_auto_zero_controller.c.obj
[23/135] Building C object CMakeFiles/stm32f103rbt6_a33.dir/App/system_context.c.obj
[24/135] Building C object CMakeFiles/stm32f103rbt6_a33.dir/App/weighing_profile_manager.c.obj
[25/135] Building C object CMakeFiles/stm32f103rbt6_a33.dir/BSP/bsp_board.c.obj
[26/135] Building C object CMakeFiles/stm32f103rbt6_a33.dir/BSP/bsp_adc.c.obj
[27/135] Building C object CMakeFiles/stm32f103rbt6_a33.dir/BSP/bsp_power_monitor.c.obj
[28/135] Building C object CMakeFiles/stm32f103rbt6_a33.dir/BSP/bsp_flash.c.obj
[29/135] Building C object CMakeFiles/stm32f103rbt6_a33.dir/BSP/bsp_rtu_timer.c.obj
[30/135] Building C object CMakeFiles/stm32f103rbt6_a33.dir/BSP/bsp_gpio.c.obj
[31/135] Building C object CMakeFiles/stm32f103rbt6_a33.dir/BSP/bsp_time.c.obj
[32/135] Building C object CMakeFiles/stm32f103rbt6_a33.dir/Config/alarm_config_validation.c.obj
[33/135] Building C object CMakeFiles/stm32f103rbt6_a33.dir/Config/device_config_validator.c.obj
[34/135] Building C object CMakeFiles/stm32f103rbt6_a33.dir/BSP/bsp_uart.c.obj
[35/135] Building C object CMakeFiles/stm32f103rbt6_a33.dir/Diagnostics/stage2a_driver_diagnostics.c.obj
[36/135] Building C object CMakeFiles/stm32f103rbt6_a33.dir/Config/default_config.c.obj
[37/135] Building C object CMakeFiles/stm32f103rbt6_a33.dir/BSP/bsp_uart_dma.c.obj
[38/135] Building C object CMakeFiles/stm32f103rbt6_a33.dir/Diagnostics/stage2b_display_font.c.obj
[39/135] Building C object CMakeFiles/stm32f103rbt6_a33.dir/BSP/bsp_uart3_dma.c.obj
[40/135] Building C object CMakeFiles/stm32f103rbt6_a33.dir/Diagnostics/stage2b_board_diagnostics.c.obj
[41/135] Building C object CMakeFiles/stm32f103rbt6_a33.dir/Diagnostics/stage4b_storage_diagnostics.c.obj
[42/135] Building C object CMakeFiles/stm32f103rbt6_a33.dir/Diagnostics/stage3_metrology_diagnostics.c.obj
[43/135] Building C object CMakeFiles/stm32f103rbt6_a33.dir/Diagnostics/stage5b_modbus_diagnostics.c.obj
[44/135] Building C object CMakeFiles/stm32f103rbt6_a33.dir/Diagnostics/stage5c_ble_diagnostics.c.obj
[45/135] Building C object CMakeFiles/stm32f103rbt6_a33.dir/Domain/calibration/calibration_model.c.obj
[46/135] Building C object CMakeFiles/stm32f103rbt6_a33.dir/Diagnostics/stage5i_usart3_diagnostics.c.obj
[47/135] Building C object CMakeFiles/stm32f103rbt6_a33.dir/Domain/calibration/raw_calibration_stability.c.obj
[48/135] Building C object CMakeFiles/stm32f103rbt6_a33.dir/Domain/limit_checker/limit_checker.c.obj
[49/135] Building C object CMakeFiles/stm32f103rbt6_a33.dir/Domain/filter/weight_filter.c.obj
[50/135] Building C object CMakeFiles/stm32f103rbt6_a33.dir/Domain/measurement/metrology_config_validator.c.obj
[51/135] Building C object CMakeFiles/stm32f103rbt6_a33.dir/Domain/measurement/mass_math.c.obj
[52/135] Building C object CMakeFiles/stm32f103rbt6_a33.dir/Domain/measurement/metrology_standard_validator.c.obj
[53/135] Building C object CMakeFiles/stm32f103rbt6_a33.dir/Domain/measurement/display_conditioner.c.obj
[54/135] Building C object CMakeFiles/stm32f103rbt6_a33.dir/Domain/measurement/raw_measurement.c.obj
[55/135] Building C object CMakeFiles/stm32f103rbt6_a33.dir/Domain/measurement/runtime_drift_compensator.c.obj
[56/135] Building C object CMakeFiles/stm32f103rbt6_a33.dir/Domain/measurement/unit_converter.c.obj
[57/135] Building C object CMakeFiles/stm32f103rbt6_a33.dir/Domain/measurement/weight_math.c.obj
[58/135] Building C object CMakeFiles/stm32f103rbt6_a33.dir/Domain/stability/stability_detector.c.obj
[59/135] Building C object CMakeFiles/stm32f103rbt6_a33.dir/Domain/measurement/weight_engine.c.obj
[60/135] Building C object CMakeFiles/stm32f103rbt6_a33.dir/Domain/zero_tare/zero_tare.c.obj
[61/135] Building C object CMakeFiles/stm32f103rbt6_a33.dir/Drivers/output_gpio/output_gpio.c.obj
[62/135] Building C object CMakeFiles/stm32f103rbt6_a33.dir/Drivers/battery_adc/battery_adc.c.obj
[63/135] Building C object CMakeFiles/stm32f103rbt6_a33.dir/Drivers/cs1237/cs1237.c.obj
[64/135] Building C object CMakeFiles/stm32f103rbt6_a33.dir/Drivers/serial/rs485_tx_controller.c.obj
[65/135] Building C object CMakeFiles/stm32f103rbt6_a33.dir/Drivers/serial/modbus_uart2_transport.c.obj
[66/135] Building C object CMakeFiles/stm32f103rbt6_a33.dir/Drivers/serial/uart2_dma_position.c.obj
[67/135] Building C object CMakeFiles/stm32f103rbt6_a33.dir/Drivers/tm1628/tm1628_board_map.c.obj
[68/135] Building C object CMakeFiles/stm32f103rbt6_a33.dir/Drivers/serial/uart2_dma_transport.c.obj
[69/135] Building C object CMakeFiles/stm32f103rbt6_a33.dir/Drivers/serial/uart3_modbus_transport.c.obj
[70/135] Building C object CMakeFiles/stm32f103rbt6_a33.dir/Drivers/w02/w02_pwrkey.c.obj
[71/135] Building C object CMakeFiles/stm32f103rbt6_a33.dir/Drivers/tm1628/tm1628.c.obj
[72/135] Building C object CMakeFiles/stm32f103rbt6_a33.dir/Protocol/crc16/crc16.c.obj
[73/135] Building C object CMakeFiles/stm32f103rbt6_a33.dir/Protocol/ble/ble_checkweigh_codec.c.obj
[74/135] Building C object CMakeFiles/stm32f103rbt6_a33.dir/Protocol/ble/ble_frame_codec.c.obj
[75/135] Building C object CMakeFiles/stm32f103rbt6_a33.dir/Protocol/ble/ble_command_protocol.c.obj
[76/135] Building C object CMakeFiles/stm32f103rbt6_a33.dir/Drivers/w02/w02_uart.c.obj
[77/135] Building C object CMakeFiles/stm32f103rbt6_a33.dir/Protocol/modbus/modbus_crc16.c.obj
[78/135] Building C object CMakeFiles/stm32f103rbt6_a33.dir/Protocol/command_service/command_service.c.obj
[79/135] Building C object CMakeFiles/stm32f103rbt6_a33.dir/Protocol/modbus/modbus_command_mailbox.c.obj
[80/135] Building C object CMakeFiles/stm32f103rbt6_a33.dir/Protocol/modbus/modbus_rtu_timing.c.obj
[81/135] Building C object CMakeFiles/stm32f103rbt6_a33.dir/Protocol/modbus/modbus_rtu_transport.c.obj
[82/135] Building C object CMakeFiles/stm32f103rbt6_a33.dir/Protocol/modbus/modbus_rtu_framer.c.obj
[83/135] Building C object CMakeFiles/stm32f103rbt6_a33.dir/Protocol/modbus/modbus_rtu_server.c.obj
[84/135] Building C object CMakeFiles/stm32f103rbt6_a33.dir/Services/config_edit/config_edit.c.obj
[85/135] Building C object CMakeFiles/stm32f103rbt6_a33.dir/Protocol/modbus/modbus_register_model.c.obj
[86/135] Building C object CMakeFiles/stm32f103rbt6_a33.dir/Services/crc32/crc32.c.obj
[87/135] Building C object CMakeFiles/stm32f103rbt6_a33.dir/Services/config_store/config_store.c.obj
[88/135] Building C object CMakeFiles/stm32f103rbt6_a33.dir/Services/event_queue/event_queue.c.obj
[89/135] Building C object CMakeFiles/stm32f103rbt6_a33.dir/Services/fault_manager/fault_manager.c.obj
[90/135] Building C object CMakeFiles/stm32f103rbt6_a33.dir/Services/storage_power_guard/storage_power_guard.c.obj
[91/135] Building C object CMakeFiles/stm32f103rbt6_a33.dir/Services/scheduler/scheduler.c.obj
[92/135] Building C object CMakeFiles/stm32f103rbt6_a33.dir/Services/config_store/persistent_codec.c.obj
[93/135] Building C object CMakeFiles/stm32f103rbt6_a33.dir/Services/ble_transport/ble_transport.c.obj
[94/135] Building C object CMakeFiles/stm32f103rbt6_a33.dir/Services/ble_connection_manager/ble_connection_manager.c.obj
[95/135] Building C object CMakeFiles/stm32f103rbt6_a33.dir/Services/ble_telemetry_service/ble_telemetry_scheduler.c.obj
[96/135] Building C object CMakeFiles/stm32f103rbt6_a33.dir/Services/ble_telemetry_service/ble_telemetry_service.c.obj
[97/135] Building C object CMakeFiles/stm32f103rbt6_a33.dir/Services/ble_command_service/ble_command_service.c.obj
[98/135] Building C object CMakeFiles/stm32f103rbt6_a33.dir/UI/display_controller.c.obj
[99/135] Building C object CMakeFiles/stm32f103rbt6_a33.dir/UI/display_model/display_formatter.c.obj
[100/135] Building C object CMakeFiles/stm32f103rbt6_a33.dir/UI/display_model/display_codes.c.obj
[101/135] Building C object CMakeFiles/stm32f103rbt6_a33.dir/UI/numeric_edit_cursor.c.obj
[102/135] Building C object CMakeFiles/stm32f103rbt6_a33.dir/UI/display_model/display_model.c.obj
[103/135] Building C object CMakeFiles/stm32f103rbt6_a33.dir/UI/key_service/key_map.c.obj
[104/135] Building C object CMakeFiles/stm32f103rbt6_a33.dir/UI/key_service/key_service.c.obj
[105/135] Building C object CMakeFiles/stm32f103rbt6_a33.dir/UI/status_controller/run_key_policy.c.obj
[106/135] Building C object CMakeFiles/stm32f103rbt6_a33.dir/UI/checkweigh_local_control.c.obj
[107/135] Building C object CMakeFiles/stm32f103rbt6_a33.dir/Services/guarded_checkweigh/guarded_checkweigh.c.obj
[108/135] Building C object CMakeFiles/stm32f103rbt6_a33.dir/UI/status_controller/status_controller.c.obj
[109/135] Building C object CMakeFiles/stm32f103rbt6_a33.dir/Experimental/stage5na/checkweigh_shadow.c.obj
[110/135] Building C object CMakeFiles/stm32f103rbt6_a33.dir/UI/menu_controller/menu_controller.c.obj
[111/135] Building C object CMakeFiles/stm32f103rbt6_a33.dir/UI/r5_local_control.c.obj
[112/135] Building C object CMakeFiles/stm32f103rbt6_a33.dir/Domain/measurement/reference_lock_drift_compensator.c.obj
[113/135] Building C object CMakeFiles/stm32f103rbt6_a33.dir/UI/display_model/directional_display_follower.c.obj
[114/135] Building C object CMakeFiles/stm32f103rbt6_a33.dir/UI/ui_config_workspace.c.obj
[115/135] Building C object CMakeFiles/stm32f103rbt6_a33.dir/Services/alarm_output_manager/alarm_output_manager.c.obj
[116/135] Building C object cmake/stm32cubemx/CMakeFiles/STM32_Drivers.dir/__/__/Core/Src/system_stm32f1xx.c.obj
[117/135] Building C object cmake/stm32cubemx/CMakeFiles/STM32_Drivers.dir/__/__/Drivers/STM32F1xx_HAL_Driver/Src/stm32f1xx_hal_gpio_ex.c.obj
[118/135] Building C object CMakeFiles/stm32f103rbt6_a33.dir/Domain/measurement/a13c_shadow_compensator.c.obj
[119/135] Building C object CMakeFiles/stm32f103rbt6_a33.dir/Diagnostics/stage5pa13d_resources.c.obj
[120/135] Building C object cmake/stm32cubemx/CMakeFiles/STM32_Drivers.dir/__/__/Drivers/STM32F1xx_HAL_Driver/Src/stm32f1xx_hal_adc.c.obj
[121/135] Building C object cmake/stm32cubemx/CMakeFiles/STM32_Drivers.dir/__/__/Drivers/STM32F1xx_HAL_Driver/Src/stm32f1xx_hal_adc_ex.c.obj
[122/135] Building C object cmake/stm32cubemx/CMakeFiles/STM32_Drivers.dir/__/__/Drivers/STM32F1xx_HAL_Driver/Src/stm32f1xx_hal.c.obj
[123/135] Building C object cmake/stm32cubemx/CMakeFiles/STM32_Drivers.dir/__/__/Drivers/STM32F1xx_HAL_Driver/Src/stm32f1xx_hal_rcc_ex.c.obj
[124/135] Building C object cmake/stm32cubemx/CMakeFiles/STM32_Drivers.dir/__/__/Drivers/STM32F1xx_HAL_Driver/Src/stm32f1xx_hal_rcc.c.obj
[125/135] Building C object cmake/stm32cubemx/CMakeFiles/STM32_Drivers.dir/__/__/Drivers/STM32F1xx_HAL_Driver/Src/stm32f1xx_hal_gpio.c.obj
[126/135] Building C object cmake/stm32cubemx/CMakeFiles/STM32_Drivers.dir/__/__/Drivers/STM32F1xx_HAL_Driver/Src/stm32f1xx_hal_dma.c.obj
[127/135] Building C object cmake/stm32cubemx/CMakeFiles/STM32_Drivers.dir/__/__/Drivers/STM32F1xx_HAL_Driver/Src/stm32f1xx_hal_pwr.c.obj
[128/135] Building C object cmake/stm32cubemx/CMakeFiles/STM32_Drivers.dir/__/__/Drivers/STM32F1xx_HAL_Driver/Src/stm32f1xx_hal_cortex.c.obj
[129/135] Building C object cmake/stm32cubemx/CMakeFiles/STM32_Drivers.dir/__/__/Drivers/STM32F1xx_HAL_Driver/Src/stm32f1xx_hal_flash.c.obj
[130/135] Building C object cmake/stm32cubemx/CMakeFiles/STM32_Drivers.dir/__/__/Drivers/STM32F1xx_HAL_Driver/Src/stm32f1xx_hal_flash_ex.c.obj
[131/135] Building C object cmake/stm32cubemx/CMakeFiles/STM32_Drivers.dir/__/__/Drivers/STM32F1xx_HAL_Driver/Src/stm32f1xx_hal_exti.c.obj
[132/135] Building C object cmake/stm32cubemx/CMakeFiles/STM32_Drivers.dir/__/__/Drivers/STM32F1xx_HAL_Driver/Src/stm32f1xx_hal_tim_ex.c.obj
[133/135] Building C object cmake/stm32cubemx/CMakeFiles/STM32_Drivers.dir/__/__/Drivers/STM32F1xx_HAL_Driver/Src/stm32f1xx_hal_uart.c.obj
[134/135] Building C object cmake/stm32cubemx/CMakeFiles/STM32_Drivers.dir/__/__/Drivers/STM32F1xx_HAL_Driver/Src/stm32f1xx_hal_tim.c.obj
[135/135] Linking C executable stm32f103rbt6_a33.elf
Memory region         Used Size  Region Size  %age Used
             RAM:       19464 B        20 KB     95.04%
           FLASH:      110472 B       124 KB     87.00%

        CONFIG_A:           0 B         2 KB      0.00%

        CONFIG_B:           0 B         2 KB      0.00%

