2026-07-25T06:24:26.135965+00:00 TX 01 03 00 30 00 08 44 03
2026-07-25T06:24:26.150968+00:00 RX 01 03 10 00 00 00 01 00 01 00 00 00 03 00 00 00 02 00 00 70 E4
2026-07-25T06:24:26.152969+00:00 TX 01 03 01 C2 00 02 64 0B
2026-07-25T06:24:26.160970+00:00 RX 01 03 04 00 00 00 02 7B F2
2026-07-25T06:24:26.162971+00:00 TX 01 10 00 40 00 0B 16 4A 30 00 0D 00 00 00 00 00 00 00 00 00 00 00 00 00 00 00 00 00 00 40 87
2026-07-25T06:24:26.169972+00:00 RX 01 10 00 40 00 0B 80 1A
2026-07-25T06:24:26.171973+00:00 TX 01 06 00 4B A5 5A 02 B7
2026-07-25T06:24:26.176974+00:00 RX 01 06 00 4B A5 5A 02 B7
2026-07-25T06:24:26.178975+00:00 TX 01 03 00 4C 00 04 85 DE
2026-07-25T06:24:26.480972+00:00 RX
2026-07-25T06:24:26.501473+00:00 TX 01 03 00 4C 00 04 85 DE
2026-07-25T06:24:26.512477+00:00 RX 01 03 08 4A 30 00 01 00 00 00 0D DD 9E
2026-07-25T06:24:26.514477+00:00 TX 01 03 00 30 00 08 44 03
2026-07-25T06:24:26.529480+00:00 RX 01 03 10 00 00 00 01 00 00 00 00 00 03 00 00 00 03 00 00 25 D8
2026-07-25T06:24:26.531481+00:00 TX 01 03 01 C2 00 02 64 0B
2026-07-25T06:24:26.539483+00:00 RX 01 03 04 00 00 00 03 BA 32
2026-07-25T06:24:26.541483+00:00 TX 01 10 00 40 00 0B 16 4A 31 00 0D 00 00 00 00 00 00 00 00 00 00 00 00 00 00 00 00 00 00 50 56
2026-07-25T06:24:26.549485+00:00 RX 01 10 00 40 00 0B 80 1A
2026-07-25T06:24:26.551485+00:00 TX 01 06 00 4B A5 5A 02 B7
2026-07-25T06:24:26.556486+00:00 RX 01 06 00 4B A5 5A 02 B7
2026-07-25T06:24:26.558487+00:00 TX 01 03 00 4C 00 04 85 DE
2026-07-25T06:24:26.568490+00:00 RX 01 03 08 4A 31 00 01 00 00 00 0D CD 5E
2026-07-25T06:24:26.570490+00:00 TX 01 03 00 30 00 01 84 05
2026-07-25T06:24:26.576491+00:00 RX 01 03 02 00 00 B8 44
2026-07-25T06:24:26.578492+00:00 TX 01 03 01 C2 00 02 64 0B
2026-07-25T06:24:26.585490+00:00 RX 01 03 04 00 00 00 03 BA 32
