Archive member included to satisfy reference by file (symbol)

E:/ST/STM32CubeCLT_1.18.0/GNU-tools-for-STM32/bin/../lib/gcc/arm-none-eabi/13.3.1/thumb/v7-m/nofp\libgcc.a(_aeabi_uldivmod.o)
                              CMakeFiles/stm32f103rbt6_a33.dir/BSP/bsp_adc.c.obj (__aeabi_uldivmod)
E:/ST/STM32CubeCLT_1.18.0/GNU-tools-for-STM32/bin/../lib/gcc/arm-none-eabi/13.3.1/thumb/v7-m/nofp\libgcc.a(_udivmoddi4.o)
                              E:/ST/STM32CubeCLT_1.18.0/GNU-tools-for-STM32/bin/../lib/gcc/arm-none-eabi/13.3.1/thumb/v7-m/nofp\libgcc.a(_aeabi_uldivmod.o) (__udivmoddi4)
E:/ST/STM32CubeCLT_1.18.0/GNU-tools-for-STM32/bin/../lib/gcc/arm-none-eabi/13.3.1/thumb/v7-m/nofp\libgcc.a(_dvmd_tls.o)
                              E:/ST/STM32CubeCLT_1.18.0/GNU-tools-for-STM32/bin/../lib/gcc/arm-none-eabi/13.3.1/thumb/v7-m/nofp\libgcc.a(_aeabi_uldivmod.o) (__aeabi_ldiv0)
E:/ST/STM32CubeCLT_1.18.0/GNU-tools-for-STM32/bin/../lib/gcc/arm-none-eabi/13.3.1/../../../../arm-none-eabi/lib/thumb/v7-m/nofp\libg_nano.a(libc_a-exit.o)
                              E:/ST/STM32CubeCLT_1.18.0/GNU-tools-for-STM32/bin/../lib/gcc/arm-none-eabi/13.3.1/../../../../arm-none-eabi/lib/thumb/v7-m/nofp/crt0.o (exit)
E:/ST/STM32CubeCLT_1.18.0/GNU-tools-for-STM32/bin/../lib/gcc/arm-none-eabi/13.3.1/../../../../arm-none-eabi/lib/thumb/v7-m/nofp\libg_nano.a(libc_a-findfp.o)
                              E:/ST/STM32CubeCLT_1.18.0/GNU-tools-for-STM32/bin/../lib/gcc/arm-none-eabi/13.3.1/../../../../arm-none-eabi/lib/thumb/v7-m/nofp\libg_nano.a(libc_a-exit.o) (__stdio_exit_handler)
E:/ST/STM32CubeCLT_1.18.0/GNU-tools-for-STM32/bin/../lib/gcc/arm-none-eabi/13.3.1/../../../../arm-none-eabi/lib/thumb/v7-m/nofp\libg_nano.a(libc_a-fwalk.o)
                              E:/ST/STM32CubeCLT_1.18.0/GNU-tools-for-STM32/bin/../lib/gcc/arm-none-eabi/13.3.1/../../../../arm-none-eabi/lib/thumb/v7-m/nofp\libg_nano.a(libc_a-findfp.o) (_fwalk_sglue)
E:/ST/STM32CubeCLT_1.18.0/GNU-tools-for-STM32/bin/../lib/gcc/arm-none-eabi/13.3.1/../../../../arm-none-eabi/lib/thumb/v7-m/nofp\libg_nano.a(libc_a-stdio.o)
                              E:/ST/STM32CubeCLT_1.18.0/GNU-tools-for-STM32/bin/../lib/gcc/arm-none-eabi/13.3.1/../../../../arm-none-eabi/lib/thumb/v7-m/nofp\libg_nano.a(libc_a-findfp.o) (__sread)
E:/ST/STM32CubeCLT_1.18.0/GNU-tools-for-STM32/bin/../lib/gcc/arm-none-eabi/13.3.1/../../../../arm-none-eabi/lib/thumb/v7-m/nofp\libg_nano.a(libc_a-memset.o)
                              E:/ST/STM32CubeCLT_1.18.0/GNU-tools-for-STM32/bin/../lib/gcc/arm-none-eabi/13.3.1/../../../../arm-none-eabi/lib/thumb/v7-m/nofp/crt0.o (memset)
E:/ST/STM32CubeCLT_1.18.0/GNU-tools-for-STM32/bin/../lib/gcc/arm-none-eabi/13.3.1/../../../../arm-none-eabi/lib/thumb/v7-m/nofp\libg_nano.a(libc_a-closer.o)
                              E:/ST/STM32CubeCLT_1.18.0/GNU-tools-for-STM32/bin/../lib/gcc/arm-none-eabi/13.3.1/../../../../arm-none-eabi/lib/thumb/v7-m/nofp\libg_nano.a(libc_a-stdio.o) (_close_r)
E:/ST/STM32CubeCLT_1.18.0/GNU-tools-for-STM32/bin/../lib/gcc/arm-none-eabi/13.3.1/../../../../arm-none-eabi/lib/thumb/v7-m/nofp\libg_nano.a(libc_a-reent.o)
                              E:/ST/STM32CubeCLT_1.18.0/GNU-tools-for-STM32/bin/../lib/gcc/arm-none-eabi/13.3.1/../../../../arm-none-eabi/lib/thumb/v7-m/nofp\libg_nano.a(libc_a-closer.o) (errno)
E:/ST/STM32CubeCLT_1.18.0/GNU-tools-for-STM32/bin/../lib/gcc/arm-none-eabi/13.3.1/../../../../arm-none-eabi/lib/thumb/v7-m/nofp\libg_nano.a(libc_a-impure.o)
                              E:/ST/STM32CubeCLT_1.18.0/GNU-tools-for-STM32/bin/../lib/gcc/arm-none-eabi/13.3.1/../../../../arm-none-eabi/lib/thumb/v7-m/nofp\libg_nano.a(libc_a-reent.o) (_impure_ptr)
E:/ST/STM32CubeCLT_1.18.0/GNU-tools-for-STM32/bin/../lib/gcc/arm-none-eabi/13.3.1/../../../../arm-none-eabi/lib/thumb/v7-m/nofp\libg_nano.a(libc_a-lseekr.o)
                              E:/ST/STM32CubeCLT_1.18.0/GNU-tools-for-STM32/bin/../lib/gcc/arm-none-eabi/13.3.1/../../../../arm-none-eabi/lib/thumb/v7-m/nofp\libg_nano.a(libc_a-stdio.o) (_lseek_r)
E:/ST/STM32CubeCLT_1.18.0/GNU-tools-for-STM32/bin/../lib/gcc/arm-none-eabi/13.3.1/../../../../arm-none-eabi/lib/thumb/v7-m/nofp\libg_nano.a(libc_a-readr.o)
                              E:/ST/STM32CubeCLT_1.18.0/GNU-tools-for-STM32/bin/../lib/gcc/arm-none-eabi/13.3.1/../../../../arm-none-eabi/lib/thumb/v7-m/nofp\libg_nano.a(libc_a-stdio.o) (_read_r)
E:/ST/STM32CubeCLT_1.18.0/GNU-tools-for-STM32/bin/../lib/gcc/arm-none-eabi/13.3.1/../../../../arm-none-eabi/lib/thumb/v7-m/nofp\libg_nano.a(libc_a-writer.o)
                              E:/ST/STM32CubeCLT_1.18.0/GNU-tools-for-STM32/bin/../lib/gcc/arm-none-eabi/13.3.1/../../../../arm-none-eabi/lib/thumb/v7-m/nofp\libg_nano.a(libc_a-stdio.o) (_write_r)
E:/ST/STM32CubeCLT_1.18.0/GNU-tools-for-STM32/bin/../lib/gcc/arm-none-eabi/13.3.1/../../../../arm-none-eabi/lib/thumb/v7-m/nofp\libg_nano.a(libc_a-errno.o)
                              CMakeFiles/stm32f103rbt6_a33.dir/Core/Src/sysmem.c.obj (__errno)
[...]
Memory Configuration

Name             Origin             Length             Attributes
RAM              0x20000000         0x00005000         xrw
FLASH            0x08000000         0x00020000         xr
*default*        0x00000000         0xffffffff

Linker script and memory map

LOAD E:/ST/STM32CubeCLT_1.18.0/GNU-tools-for-STM32/bin/../lib/gcc/arm-none-eabi/13.3.1/thumb/v7-m/nofp/crti.o
LOAD E:/ST/STM32CubeCLT_1.18.0/GNU-tools-for-STM32/bin/../lib/gcc/arm-none-eabi/13.3.1/thumb/v7-m/nofp/crtbegin.o
LOAD E:/ST/STM32CubeCLT_1.18.0/GNU-tools-for-STM32/bin/../lib/gcc/arm-none-eabi/13.3.1/../../../../arm-none-eabi/lib/thumb/v7-m/nofp/crt0.o
LOAD cmake/stm32cubemx/CMakeFiles/STM32_Drivers.dir/__/__/Core/Src/system_stm32f1xx.c.obj
LOAD cmake/stm32cubemx/CMakeFiles/STM32_Drivers.dir/__/__/Drivers/STM32F1xx_HAL_Driver/Src/stm32f1xx_hal_gpio_ex.c.obj
LOAD cmake/stm32cubemx/CMakeFiles/STM32_Drivers.dir/__/__/Drivers/STM32F1xx_HAL_Driver/Src/stm32f1xx_hal_adc.c.obj
LOAD cmake/stm32cubemx/CMakeFiles/STM32_Drivers.dir/__/__/Drivers/STM32F1xx_HAL_Driver/Src/stm32f1xx_hal_adc_ex.c.obj
LOAD cmake/stm32cubemx/CMakeFiles/STM32_Drivers.dir/__/__/Drivers/STM32F1xx_HAL_Driver/Src/stm32f1xx_hal.c.obj
LOAD cmake/stm32cubemx/CMakeFiles/STM32_Drivers.dir/__/__/Drivers/STM32F1xx_HAL_Driver/Src/stm32f1xx_hal_rcc.c.obj
LOAD cmake/stm32cubemx/CMakeFiles/STM32_Drivers.dir/__/__/Drivers/STM32F1xx_HAL_Driver/Src/stm32f1xx_hal_rcc_ex.c.obj
LOAD cmake/stm32cubemx/CMakeFiles/STM32_Drivers.dir/__/__/Drivers/STM32F1xx_HAL_Driver/Src/stm32f1xx_hal_gpio.c.obj
LOAD cmake/stm32cubemx/CMakeFiles/STM32_Drivers.dir/__/__/Drivers/STM32F1xx_HAL_Driver/Src/stm32f1xx_hal_dma.c.obj
LOAD cmake/stm32cubemx/CMakeFiles/STM32_Drivers.dir/__/__/Drivers/STM32F1xx_HAL_Driver/Src/stm32f1xx_hal_cortex.c.obj
LOAD cmake/stm32cubemx/CMakeFiles/STM32_Drivers.dir/__/__/Drivers/STM32F1xx_HAL_Driver/Src/stm32f1xx_hal_pwr.c.obj
LOAD cmake/stm32cubemx/CMakeFiles/STM32_Drivers.dir/__/__/Drivers/STM32F1xx_HAL_Driver/Src/stm32f1xx_hal_flash.c.obj
LOAD cmake/stm32cubemx/CMakeFiles/STM32_Drivers.dir/__/__/Drivers/STM32F1xx_HAL_Driver/Src/stm32f1xx_hal_flash_ex.c.obj
LOAD cmake/stm32cubemx/CMakeFiles/STM32_Drivers.dir/__/__/Drivers/STM32F1xx_HAL_Driver/Src/stm32f1xx_hal_exti.c.obj
LOAD cmake/stm32cubemx/CMakeFiles/STM32_Drivers.dir/__/__/Drivers/STM32F1xx_HAL_Driver/Src/stm32f1xx_hal_uart.c.obj
LOAD CMakeFiles/stm32f103rbt6_a33.dir/Core/Src/main.c.obj
LOAD CMakeFiles/stm32f103rbt6_a33.dir/Core/Src/gpio.c.obj
LOAD CMakeFiles/stm32f103rbt6_a33.dir/Core/Src/adc.c.obj
LOAD CMakeFiles/stm32f103rbt6_a33.dir/Core/Src/usart.c.obj
LOAD CMakeFiles/stm32f103rbt6_a33.dir/Core/Src/stm32f1xx_it.c.obj
LOAD CMakeFiles/stm32f103rbt6_a33.dir/Core/Src/stm32f1xx_hal_msp.c.obj
LOAD CMakeFiles/stm32f103rbt6_a33.dir/Core/Src/sysmem.c.obj
LOAD CMakeFiles/stm32f103rbt6_a33.dir/Core/Src/syscalls.c.obj
LOAD CMakeFiles/stm32f103rbt6_a33.dir/startup_stm32f103xb.s.obj
LOAD CMakeFiles/stm32f103rbt6_a33.dir/App/app_main.c.obj
LOAD CMakeFiles/stm32f103rbt6_a33.dir/App/system_context.c.obj
LOAD CMakeFiles/stm32f103rbt6_a33.dir/BSP/bsp_adc.c.obj
LOAD CMakeFiles/stm32f103rbt6_a33.dir/BSP/bsp_board.c.obj
LOAD CMakeFiles/stm32f103rbt6_a33.dir/BSP/bsp_gpio.c.obj
LOAD CMakeFiles/stm32f103rbt6_a33.dir/BSP/bsp_time.c.obj
LOAD CMakeFiles/stm32f103rbt6_a33.dir/BSP/bsp_uart.c.obj
LOAD CMakeFiles/stm32f103rbt6_a33.dir/Config/default_config.c.obj
LOAD CMakeFiles/stm32f103rbt6_a33.dir/Services/config_store/config_store.c.obj
LOAD CMakeFiles/stm32f103rbt6_a33.dir/Services/event_queue/event_queue.c.obj
LOAD CMakeFiles/stm32f103rbt6_a33.dir/Services/fault_manager/fault_manager.c.obj
LOAD CMakeFiles/stm32f103rbt6_a33.dir/Services/scheduler/scheduler.c.obj
LOAD E:/ST/STM32CubeCLT_1.18.0/GNU-tools-for-STM32/bin/../lib/gcc/arm-none-eabi/13.3.1/../../../../arm-none-eabi/lib/thumb/v7-m/nofp\libm.a
START GROUP
LOAD E:/ST/STM32CubeCLT_1.18.0/GNU-tools-for-STM32/bin/../lib/gcc/arm-none-eabi/13.3.1/thumb/v7-m/nofp\libgcc.a
LOAD E:/ST/STM32CubeCLT_1.18.0/GNU-tools-for-STM32/bin/../lib/gcc/arm-none-eabi/13.3.1/../../../../arm-none-eabi/lib/thumb/v7-m/nofp\libg_nano.a
LOAD E:/ST/STM32CubeCLT_1.18.0/GNU-tools-for-STM32/bin/../lib/gcc/arm-none-eabi/13.3.1/../../../../arm-none-eabi/lib/thumb/v7-m/nofp\libc_nano.a
END GROUP
START GROUP
LOAD E:/ST/STM32CubeCLT_1.18.0/GNU-tools-for-STM32/bin/../lib/gcc/arm-none-eabi/13.3.1/thumb/v7-m/nofp\libgcc.a
LOAD E:/ST/STM32CubeCLT_1.18.0/GNU-tools-for-STM32/bin/../lib/gcc/arm-none-eabi/13.3.1/../../../../arm-none-eabi/lib/thumb/v7-m/nofp\libc_nano.a
END GROUP
LOAD E:/ST/STM32CubeCLT_1.18.0/GNU-tools-for-STM32/bin/../lib/gcc/arm-none-eabi/13.3.1/thumb/v7-m/nofp/crtend.o
LOAD E:/ST/STM32CubeCLT_1.18.0/GNU-tools-for-STM32/bin/../lib/gcc/arm-none-eabi/13.3.1/thumb/v7-m/nofp/crtn.o
                0x20005000                        _estack = (ORIGIN (RAM) + LENGTH (RAM))
                0x00000200                        _Min_Heap_Size = 0x200
                0x00000400                        _Min_Stack_Size = 0x400

.isr_vector     0x08000000      0x10c
                0x08000000                        . = ALIGN (0x4)
 *(.isr_vector)
 .isr_vector    0x08000000      0x10c CMakeFiles/stm32f103rbt6_a33.dir/startup_stm32f103xb.s.obj
                0x08000000                g_pfnVectors
                0x0800010c                        . = ALIGN (0x4)

.text           0x0800010c     0x2b04
                0x0800010c                        . = ALIGN (0x4)
 *(.text)
 .text          0x0800010c       0x40 E:/ST/STM32CubeCLT_1.18.0/GNU-tools-for-STM32/bin/../lib/gcc/arm-none-eabi/13.3.1/thumb/v7-m/nofp/crtbegin.o
 *(.text*)
 .text.SystemInit
                0x0800014c        0xc cmake/stm32cubemx/CMakeFiles/STM32_Drivers.dir/__/__/Core/Src/system_stm32f1xx.c.obj
                0x0800014c                SystemInit
 .text.HAL_ADC_Init
                0x08000158      0x1b0 cmake/stm32cubemx/CMakeFiles/STM32_Drivers.dir/__/__/Drivers/STM32F1xx_HAL_Driver/Src/stm32f1xx_hal_adc.c.obj
                0x08000158                HAL_ADC_Init
 .text.HAL_ADC_ConfigChannel
                0x08000308      0x1f0 cmake/stm32cubemx/CMakeFiles/STM32_Drivers.dir/__/__/Drivers/STM32F1xx_HAL_Driver/Src/stm32f1xx_hal_adc.c.obj
                0x08000308                HAL_ADC_ConfigChannel
 .text.ADC_Enable
                0x080004f8       0xb4 cmake/stm32cubemx/CMakeFiles/STM32_Drivers.dir/__/__/Drivers/STM32F1xx_HAL_Driver/Src/stm32f1xx_hal_adc.c.obj
                0x080004f8                ADC_Enable
 .text.ADC_ConversionStop_Disable
                0x080005ac       0x82 cmake/stm32cubemx/CMakeFiles/STM32_Drivers.dir/__/__/Drivers/STM32F1xx_HAL_Driver/Src/stm32f1xx_hal_adc.c.obj
                0x080005ac                ADC_ConversionStop_Disable
 *fill*         0x0800062e        0x2 
 .text.HAL_ADCEx_Calibration_Start
                0x08000630      0x15c cmake/stm32cubemx/CMakeFiles/STM32_Drivers.dir/__/__/Drivers/STM32F1xx_HAL_Driver/Src/stm32f1xx_hal_adc_ex.c.obj
                0x08000630                HAL_ADCEx_Calibration_Start
 .text.HAL_Init
                0x0800078c       0x2c cmake/stm32cubemx/CMakeFiles/STM32_Drivers.dir/__/__/Drivers/STM32F1xx_HAL_Driver/Src/stm32f1xx_hal.c.obj
                0x0800078c                HAL_Init
 .text.HAL_InitTick
                0x080007b8       0x60 cmake/stm32cubemx/CMakeFiles/STM32_Drivers.dir/__/__/Drivers/STM32F1xx_HAL_Driver/Src/stm32f1xx_hal.c.obj
                0x080007b8                HAL_InitTick
 .text.HAL_IncTick
                0x08000818       0x24 cmake/stm32cubemx/CMakeFiles/STM32_Drivers.dir/__/__/Drivers/STM32F1xx_HAL_Driver/Src/stm32f1xx_hal.c.obj
                0x08000818                HAL_IncTick
 .text.HAL_GetTick
                0x0800083c       0x14 cmake/stm32cubemx/CMakeFiles/STM32_Drivers.dir/__/__/Drivers/STM32F1xx_HAL_Driver/Src/stm32f1xx_hal.c.obj
                0x0800083c                HAL_GetTick
 .text.HAL_RCC_OscConfig
                0x08000850      0x504 cmake/stm32cubemx/CMakeFiles/STM32_Drivers.dir/__/__/Drivers/STM32F1xx_HAL_Driver/Src/stm32f1xx_hal_rcc.c.obj
                0x08000850                HAL_RCC_OscConfig
 .text.HAL_RCC_ClockConfig
                0x08000d54      0x1d4 cmake/stm32cubemx/CMakeFiles/STM32_Drivers.dir/__/__/Drivers/STM32F1xx_HAL_Driver/Src/stm32f1xx_hal_rcc.c.obj
                0x08000d54                HAL_RCC_ClockConfig
 .text.HAL_RCC_GetSysClockFreq
                0x08000f28       0xa8 cmake/stm32cubemx/CMakeFiles/STM32_Drivers.dir/__/__/Drivers/STM32F1xx_HAL_Driver/Src/stm32f1xx_hal_rcc.c.obj
                0x08000f28                HAL_RCC_GetSysClockFreq
 .text.HAL_RCC_GetHCLKFreq
                0x08000fd0       0x14 cmake/stm32cubemx/CMakeFiles/STM32_Drivers.dir/__/__/Drivers/STM32F1xx_HAL_Driver/Src/stm32f1xx_hal_rcc.c.obj
                0x08000fd0                HAL_RCC_GetHCLKFreq
 .text.HAL_RCC_GetPCLK1Freq
                0x08000fe4       0x28 cmake/stm32cubemx/CMakeFiles/STM32_Drivers.dir/__/__/Drivers/STM32F1xx_HAL_Driver/Src/stm32f1xx_hal_rcc.c.obj
                0x08000fe4                HAL_RCC_GetPCLK1Freq
 .text.HAL_RCC_GetPCLK2Freq
                0x0800100c       0x28 cmake/stm32cubemx/CMakeFiles/STM32_Drivers.dir/__/__/Drivers/STM32F1xx_HAL_Driver/Src/stm32f1xx_hal_rcc.c.obj
                0x0800100c                HAL_RCC_GetPCLK2Freq
 .text.RCC_Delay
                0x08001034       0x3c cmake/stm32cubemx/CMakeFiles/STM32_Drivers.dir/__/__/Drivers/STM32F1xx_HAL_Driver/Src/stm32f1xx_hal_rcc.c.obj
 .text.HAL_RCCEx_PeriphCLKConfig
                0x08001070      0x16c cmake/stm32cubemx/CMakeFiles/STM32_Drivers.dir/__/__/Drivers/STM32F1xx_HAL_Driver/Src/stm32f1xx_hal_rcc_ex.c.obj
                0x08001070                HAL_RCCEx_PeriphCLKConfig
 .text.HAL_RCCEx_GetPeriphCLKFreq
                0x080011dc      0x16c cmake/stm32cubemx/CMakeFiles/STM32_Drivers.dir/__/__/Drivers/STM32F1xx_HAL_Driver/Src/stm32f1xx_hal_rcc_ex.c.obj
                0x080011dc                HAL_RCCEx_GetPeriphCLKFreq
 .text.HAL_GPIO_Init
                0x08001348      0x308 cmake/stm32cubemx/CMakeFiles/STM32_Drivers.dir/__/__/Drivers/STM32F1xx_HAL_Driver/Src/stm32f1xx_hal_gpio.c.obj
                0x08001348                HAL_GPIO_Init
 .text.HAL_GPIO_WritePin
                0x08001650       0x30 cmake/stm32cubemx/CMakeFiles/STM32_Drivers.dir/__/__/Drivers/STM32F1xx_HAL_Driver/Src/stm32f1xx_hal_gpio.c.obj
                0x08001650                HAL_GPIO_WritePin
 .text.__NVIC_SetPriorityGrouping
                0x08001680       0x48 cmake/stm32cubemx/CMakeFiles/STM32_Drivers.dir/__/__/Drivers/STM32F1xx_HAL_Driver/Src/stm32f1xx_hal_cortex.c.obj
 .text.__NVIC_GetPriorityGrouping
                0x080016c8       0x1c cmake/stm32cubemx/CMakeFiles/STM32_Drivers.dir/__/__/Drivers/STM32F1xx_HAL_Driver/Src/stm32f1xx_hal_cortex.c.obj
 .text.__NVIC_SetPriority
                0x080016e4       0x54 cmake/stm32cubemx/CMakeFiles/STM32_Drivers.dir/__/__/Drivers/STM32F1xx_HAL_Driver/Src/stm32f1xx_hal_cortex.c.obj
 .text.NVIC_EncodePriority
                0x08001738       0x64 cmake/stm32cubemx/CMakeFiles/STM32_Drivers.dir/__/__/Drivers/STM32F1xx_HAL_Driver/Src/stm32f1xx_hal_cortex.c.obj
 .text.SysTick_Config
                0x0800179c       0x44 cmake/stm32cubemx/CMakeFiles/STM32_Drivers.dir/__/__/Drivers/STM32F1xx_HAL_Driver/Src/stm32f1xx_hal_cortex.c.obj
 .text.HAL_NVIC_SetPriorityGrouping
                0x080017e0       0x16 cmake/stm32cubemx/CMakeFiles/STM32_Drivers.dir/__/__/Drivers/STM32F1xx_HAL_Driver/Src/stm32f1xx_hal_cortex.c.obj
                0x080017e0                HAL_NVIC_SetPriorityGrouping
 .text.HAL_NVIC_SetPriority
                0x080017f6       0x38 cmake/stm32cubemx/CMakeFiles/STM32_Drivers.dir/__/__/Drivers/STM32F1xx_HAL_Driver/Src/stm32f1xx_hal_cortex.c.obj
                0x080017f6                HAL_NVIC_SetPriority
 .text.HAL_SYSTICK_Config
                0x0800182e       0x18 cmake/stm32cubemx/CMakeFiles/STM32_Drivers.dir/__/__/Drivers/STM32F1xx_HAL_Driver/Src/stm32f1xx_hal_cortex.c.obj
                0x0800182e                HAL_SYSTICK_Config
 .text.HAL_UART_Init
                0x08001846       0xa0 cmake/stm32cubemx/CMakeFiles/STM32_Drivers.dir/__/__/Drivers/STM32F1xx_HAL_Driver/Src/stm32f1xx_hal_uart.c.obj
                0x08001846                HAL_UART_Init
 *fill*         0x080018e6        0x2 
 .text.UART_SetConfig
                0x080018e8      0x11c cmake/stm32cubemx/CMakeFiles/STM32_Drivers.dir/__/__/Drivers/STM32F1xx_HAL_Driver/Src/stm32f1xx_hal_uart.c.obj
 .text.main     0x08001a04       0x5c CMakeFiles/stm32f103rbt6_a33.dir/Core/Src/main.c.obj
                0x08001a04                main
 .text.SystemClock_Config
                0x08001a60       0xb6 CMakeFiles/stm32f103rbt6_a33.dir/Core/Src/main.c.obj
                0x08001a60                SystemClock_Config
 .text.Error_Handler
                0x08001b16        0xc CMakeFiles/stm32f103rbt6_a33.dir/Core/Src/main.c.obj
                0x08001b16                Error_Handler
 *fill*         0x08001b22        0x2 
 .text.MX_GPIO_Init
                0x08001b24      0x14c CMakeFiles/stm32f103rbt6_a33.dir/Core/Src/gpio.c.obj
                0x08001b24                MX_GPIO_Init
 .text.MX_ADC1_Init
                0x08001c70       0x7c CMakeFiles/stm32f103rbt6_a33.dir/Core/Src/adc.c.obj
                0x08001c70                MX_ADC1_Init
 .text.HAL_ADC_MspInit
                0x08001cec       0x78 CMakeFiles/stm32f103rbt6_a33.dir/Core/Src/adc.c.obj
                0x08001cec                HAL_ADC_MspInit
 .text.MX_USART1_UART_Init
                0x08001d64       0x54 CMakeFiles/stm32f103rbt6_a33.dir/Core/Src/usart.c.obj
                0x08001d64                MX_USART1_UART_Init
 .text.MX_USART2_UART_Init
                0x08001db8       0x54 CMakeFiles/stm32f103rbt6_a33.dir/Core/Src/usart.c.obj
                0x08001db8                MX_USART2_UART_Init
 .text.HAL_UART_MspInit
                0x08001e0c      0x108 CMakeFiles/stm32f103rbt6_a33.dir/Core/Src/usart.c.obj
                0x08001e0c                HAL_UART_MspInit
 .text.NMI_Handler
                0x08001f14        0x8 CMakeFiles/stm32f103rbt6_a33.dir/Core/Src/stm32f1xx_it.c.obj
                0x08001f14                NMI_Handler
 .text.HardFault_Handler
                0x08001f1c        0x8 CMakeFiles/stm32f103rbt6_a33.dir/Core/Src/stm32f1xx_it.c.obj
                0x08001f1c                HardFault_Handler
 .text.MemManage_Handler
                0x08001f24        0x8 CMakeFiles/stm32f103rbt6_a33.dir/Core/Src/stm32f1xx_it.c.obj
                0x08001f24                MemManage_Handler
 .text.BusFault_Handler
                0x08001f2c        0x8 CMakeFiles/stm32f103rbt6_a33.dir/Core/Src/stm32f1xx_it.c.obj
                0x08001f2c                BusFault_Handler
 .text.UsageFault_Handler
                0x08001f34        0x8 CMakeFiles/stm32f103rbt6_a33.dir/Core/Src/stm32f1xx_it.c.obj
                0x08001f34                UsageFault_Handler
 .text.SVC_Handler
                0x08001f3c        0xc CMakeFiles/stm32f103rbt6_a33.dir/Core/Src/stm32f1xx_it.c.obj
                0x08001f3c                SVC_Handler
 .text.DebugMon_Handler
                0x08001f48        0xc CMakeFiles/stm32f103rbt6_a33.dir/Core/Src/stm32f1xx_it.c.obj
                0x08001f48                DebugMon_Handler
 .text.PendSV_Handler
                0x08001f54        0xc CMakeFiles/stm32f103rbt6_a33.dir/Core/Src/stm32f1xx_it.c.obj
                0x08001f54                PendSV_Handler
 .text.SysTick_Handler
                0x08001f60        0xc CMakeFiles/stm32f103rbt6_a33.dir/Core/Src/stm32f1xx_it.c.obj
                0x08001f60                SysTick_Handler
 .text.HAL_MspInit
                0x08001f6c       0x64 CMakeFiles/stm32f103rbt6_a33.dir/Core/Src/stm32f1xx_hal_msp.c.obj
                0x08001f6c                HAL_MspInit
 .text.Reset_Handler
                0x08001fd0       0x48 CMakeFiles/stm32f103rbt6_a33.dir/startup_stm32f103xb.s.obj
                0x08001fd0                Reset_Handler
 .text.Default_Handler
                0x08002018        0x2 CMakeFiles/stm32f103rbt6_a33.dir/startup_stm32f103xb.s.obj
                0x08002018                RTC_Alarm_IRQHandler
                0x08002018                EXTI2_IRQHandler
                0x08002018                TIM1_CC_IRQHandler
                0x08002018                PVD_IRQHandler
                0x08002018                EXTI3_IRQHandler
                0x08002018                EXTI0_IRQHandler
                0x08002018                I2C2_EV_IRQHandler
                0x08002018                ADC1_2_IRQHandler
                0x08002018                SPI1_IRQHandler
                0x08002018                TAMPER_IRQHandler
                0x08002018                DMA1_Channel4_IRQHandler
                0x08002018                USART3_IRQHandler
                0x08002018                RTC_IRQHandler
                0x08002018                DMA1_Channel7_IRQHandler
                0x08002018                CAN1_RX1_IRQHandler
                0x08002018                TIM4_IRQHandler
                0x08002018                I2C1_EV_IRQHandler
                0x08002018                DMA1_Channel6_IRQHandler
                0x08002018                TIM3_IRQHandler
                0x08002018                RCC_IRQHandler
                0x08002018                TIM1_TRG_COM_IRQHandler
                0x08002018                DMA1_Channel1_IRQHandler
                0x08002018                Default_Handler
                0x08002018                EXTI15_10_IRQHandler
                0x08002018                EXTI9_5_IRQHandler
                0x08002018                SPI2_IRQHandler
                0x08002018                DMA1_Channel5_IRQHandler
                0x08002018                EXTI4_IRQHandler
                0x08002018                USB_LP_CAN1_RX0_IRQHandler
                0x08002018                USB_HP_CAN1_TX_IRQHandler
                0x08002018                DMA1_Channel3_IRQHandler
                0x08002018                TIM1_UP_IRQHandler
                0x08002018                WWDG_IRQHandler
                0x08002018                TIM2_IRQHandler
                0x08002018                TIM1_BRK_IRQHandler
                0x08002018                EXTI1_IRQHandler
                0x08002018                USART2_IRQHandler
                0x08002018                I2C2_ER_IRQHandler
                0x08002018                DMA1_Channel2_IRQHandler
                0x08002018                CAN1_SCE_IRQHandler
                0x08002018                FLASH_IRQHandler
                0x08002018                USART1_IRQHandler
                0x08002018                I2C1_ER_IRQHandler
                0x08002018                USBWakeUp_IRQHandler
 *fill*         0x0800201a        0x2 
 .text.App_Init
                0x0800201c      0x138 CMakeFiles/stm32f103rbt6_a33.dir/App/app_main.c.obj
                0x0800201c                App_Init
 .text.App_Run  0x08002154       0x60 CMakeFiles/stm32f103rbt6_a33.dir/App/app_main.c.obj
                0x08002154                App_Run
 .text.App_1msTask
                0x080021b4       0x14 CMakeFiles/stm32f103rbt6_a33.dir/App/app_main.c.obj
 .text.App_10msTask
                0x080021c8       0x12 CMakeFiles/stm32f103rbt6_a33.dir/App/app_main.c.obj
 .text.App_100msTask
                0x080021da       0x12 CMakeFiles/stm32f103rbt6_a33.dir/App/app_main.c.obj
 .text.App_20msTask
                0x080021ec       0x12 CMakeFiles/stm32f103rbt6_a33.dir/App/app_main.c.obj
 .text.App_500msTask
                0x080021fe       0x12 CMakeFiles/stm32f103rbt6_a33.dir/App/app_main.c.obj
 .text.App_HandleEvent
                0x08002210       0x16 CMakeFiles/stm32f103rbt6_a33.dir/App/app_main.c.obj
 *fill*         0x08002226        0x2 
 .text.App_RunStateMachine
                0x08002228       0x8c CMakeFiles/stm32f103rbt6_a33.dir/App/app_main.c.obj
 .text.App_PushStartupEvent
                0x080022b4       0x36 CMakeFiles/stm32f103rbt6_a33.dir/App/app_main.c.obj
 *fill*         0x080022ea        0x2 
 .text.SystemContext_Init
                0x080022ec       0x64 CMakeFiles/stm32f103rbt6_a33.dir/App/system_context.c.obj
                0x080022ec                SystemContext_Init
 .text.SystemContext_GetState
                0x08002350       0x18 CMakeFiles/stm32f103rbt6_a33.dir/App/system_context.c.obj
                0x08002350                SystemContext_GetState
 .text.SystemContext_SetState
                0x08002368       0x40 CMakeFiles/stm32f103rbt6_a33.dir/App/system_context.c.obj
                0x08002368                SystemContext_SetState
 .text.BSP_BoardInit
                0x080023a8        0xe CMakeFiles/stm32f103rbt6_a33.dir/BSP/bsp_board.c.obj
                0x080023a8                BSP_BoardInit
 .text.BSP_BoardProcess
                0x080023b6        0xc CMakeFiles/stm32f103rbt6_a33.dir/BSP/bsp_board.c.obj
                0x080023b6                BSP_BoardProcess
 .text.BSP_GPIO_Write
                0x080023c2       0x26 CMakeFiles/stm32f103rbt6_a33.dir/BSP/bsp_gpio.c.obj
 .text.BSP_GPIO_Init
                0x080023e8       0x42 CMakeFiles/stm32f103rbt6_a33.dir/BSP/bsp_gpio.c.obj
                0x080023e8                BSP_GPIO_Init
 *fill*         0x0800242a        0x2 
 .text.BSP_GPIO_Process
                0x0800242c       0x34 CMakeFiles/stm32f103rbt6_a33.dir/BSP/bsp_gpio.c.obj
                0x0800242c                BSP_GPIO_Process
 .text.BSP_RS485_SetTransmit
                0x08002460       0x24 CMakeFiles/stm32f103rbt6_a33.dir/BSP/bsp_gpio.c.obj
                0x08002460                BSP_RS485_SetTransmit
 .text.BSP_InternalBuzzer_Set
                0x08002484       0x24 CMakeFiles/stm32f103rbt6_a33.dir/BSP/bsp_gpio.c.obj
                0x08002484                BSP_InternalBuzzer_Set
 .text.BSP_ExternalBuzzer_Set
                0x080024a8       0x24 CMakeFiles/stm32f103rbt6_a33.dir/BSP/bsp_gpio.c.obj
                0x080024a8                BSP_ExternalBuzzer_Set
 .text.BSP_LimitGreen_Set
                0x080024cc       0x24 CMakeFiles/stm32f103rbt6_a33.dir/BSP/bsp_gpio.c.obj
                0x080024cc                BSP_LimitGreen_Set
 .text.BSP_LimitRed_Set
                0x080024f0       0x24 CMakeFiles/stm32f103rbt6_a33.dir/BSP/bsp_gpio.c.obj
                0x080024f0                BSP_LimitRed_Set
 .text.BSP_LimitYellow_Set
                0x08002514       0x24 CMakeFiles/stm32f103rbt6_a33.dir/BSP/bsp_gpio.c.obj
                0x08002514                BSP_LimitYellow_Set
 .text.BSP_LimitOutputsOff
                0x08002538       0x1a CMakeFiles/stm32f103rbt6_a33.dir/BSP/bsp_gpio.c.obj
                0x08002538                BSP_LimitOutputsOff
 *fill*         0x08002552        0x2 
 .text.BSP_CS1237_SetClock
                0x08002554       0x24 CMakeFiles/stm32f103rbt6_a33.dir/BSP/bsp_gpio.c.obj
                0x08002554                BSP_CS1237_SetClock
 .text.BSP_CS1237_SetEnable
                0x08002578       0x24 CMakeFiles/stm32f103rbt6_a33.dir/BSP/bsp_gpio.c.obj
                0x08002578                BSP_CS1237_SetEnable
 .text.BSP_TM1628_SetDio
                0x0800259c       0x24 CMakeFiles/stm32f103rbt6_a33.dir/BSP/bsp_gpio.c.obj
                0x0800259c                BSP_TM1628_SetDio
 .text.BSP_TM1628_SetClock
                0x080025c0       0x24 CMakeFiles/stm32f103rbt6_a33.dir/BSP/bsp_gpio.c.obj
                0x080025c0                BSP_TM1628_SetClock
 .text.BSP_TM1628_SetStrobe
                0x080025e4       0x24 CMakeFiles/stm32f103rbt6_a33.dir/BSP/bsp_gpio.c.obj
                0x080025e4                BSP_TM1628_SetStrobe
 .text.BSP_W02_PwrKeyRelease
                0x08002608       0x24 CMakeFiles/stm32f103rbt6_a33.dir/BSP/bsp_gpio.c.obj
                0x08002608                BSP_W02_PwrKeyRelease
 .text.BSP_TimeNowMs
                0x0800262c        0xe CMakeFiles/stm32f103rbt6_a33.dir/BSP/bsp_time.c.obj
                0x0800262c                BSP_TimeNowMs
 .text.BSP_TimeElapsed
                0x0800263a       0x28 CMakeFiles/stm32f103rbt6_a33.dir/BSP/bsp_time.c.obj
                0x0800263a                BSP_TimeElapsed
 .text.DefaultConfig_Load
                0x08002662      0x112 CMakeFiles/stm32f103rbt6_a33.dir/Config/default_config.c.obj
                0x08002662                DefaultConfig_Load
 .text.ConfigStore_Init
                0x08002774        0xc CMakeFiles/stm32f103rbt6_a33.dir/Services/config_store/config_store.c.obj
                0x08002774                ConfigStore_Init
 .text.ConfigStore_Load
                0x08002780       0x1e CMakeFiles/stm32f103rbt6_a33.dir/Services/config_store/config_store.c.obj
                0x08002780                ConfigStore_Load
 .text.ConfigStore_LoadDefaults
                0x0800279e       0x16 CMakeFiles/stm32f103rbt6_a33.dir/Services/config_store/config_store.c.obj
                0x0800279e                ConfigStore_LoadDefaults
 .text.EventQueue_Init
                0x080027b4       0x34 CMakeFiles/stm32f103rbt6_a33.dir/Services/event_queue/event_queue.c.obj
                0x080027b4                EventQueue_Init
 .text.EventQueue_Push
                0x080027e8       0x80 CMakeFiles/stm32f103rbt6_a33.dir/Services/event_queue/event_queue.c.obj
                0x080027e8                EventQueue_Push
 .text.EventQueue_Pop
                0x08002868       0x70 CMakeFiles/stm32f103rbt6_a33.dir/Services/event_queue/event_queue.c.obj
                0x08002868                EventQueue_Pop
 .text.EventQueue_DroppedCount
                0x080028d8       0x14 CMakeFiles/stm32f103rbt6_a33.dir/Services/event_queue/event_queue.c.obj
                0x080028d8                EventQueue_DroppedCount
 .text.FaultManager_Bit
                0x080028ec       0x32 CMakeFiles/stm32f103rbt6_a33.dir/Services/fault_manager/fault_manager.c.obj
 *fill*         0x0800291e        0x2 
 .text.FaultManager_Init
                0x08002920       0x18 CMakeFiles/stm32f103rbt6_a33.dir/Services/fault_manager/fault_manager.c.obj
                0x08002920                FaultManager_Init
 .text.FaultManager_Set
                0x08002938       0x2c CMakeFiles/stm32f103rbt6_a33.dir/Services/fault_manager/fault_manager.c.obj
                0x08002938                FaultManager_Set
 .text.FaultManager_GetActiveMask
                0x08002964       0x14 CMakeFiles/stm32f103rbt6_a33.dir/Services/fault_manager/fault_manager.c.obj
                0x08002964                FaultManager_GetActiveMask
 .text.Scheduler_IsDue
                0x08002978       0x20 CMakeFiles/stm32f103rbt6_a33.dir/Services/scheduler/scheduler.c.obj
 .text.Scheduler_Init
                0x08002998       0xa8 CMakeFiles/stm32f103rbt6_a33.dir/Services/scheduler/scheduler.c.obj
                0x08002998                Scheduler_Init
 .text.Scheduler_AddPeriodicTask
                0x08002a40       0x8c CMakeFiles/stm32f103rbt6_a33.dir/Services/scheduler/scheduler.c.obj
                0x08002a40                Scheduler_AddPeriodicTask
 .text.Scheduler_RunPending
                0x08002acc       0xb8 CMakeFiles/stm32f103rbt6_a33.dir/Services/scheduler/scheduler.c.obj
                0x08002acc                Scheduler_RunPending
 .text.memset   0x08002b84       0x10 E:/ST/STM32CubeCLT_1.18.0/GNU-tools-for-STM32/bin/../lib/gcc/arm-none-eabi/13.3.1/../../../../arm-none-eabi/lib/thumb/v7-m/nofp\libg_nano.a(libc_a-memset.o)
                0x08002b84                memset
 .text.__libc_init_array
                0x08002b94       0x48 E:/ST/STM32CubeCLT_1.18.0/GNU-tools-for-STM32/bin/../lib/gcc/arm-none-eabi/13.3.1/../../../../arm-none-eabi/lib/thumb/v7-m/nofp\libg_nano.a(libc_a-init.o)
                0x08002b94                __libc_init_array
 .text.memcpy   0x08002bdc       0x1c E:/ST/STM32CubeCLT_1.18.0/GNU-tools-for-STM32/bin/../lib/gcc/arm-none-eabi/13.3.1/../../../../arm-none-eabi/lib/thumb/v7-m/nofp\libg_nano.a(libc_a-memcpy-stub.o)
                0x08002bdc                memcpy
 *(.glue_7)
 .glue_7        0x08002bf8        0x0 linker stubs
 *(.glue_7t)
 .glue_7t       0x08002bf8        0x0 linker stubs
 *(.eh_frame)
 .eh_frame      0x08002bf8        0x0 E:/ST/STM32CubeCLT_1.18.0/GNU-tools-for-STM32/bin/../lib/gcc/arm-none-eabi/13.3.1/thumb/v7-m/nofp/crtbegin.o
 *(.init)
 .init          0x08002bf8        0x4 E:/ST/STM32CubeCLT_1.18.0/GNU-tools-for-STM32/bin/../lib/gcc/arm-none-eabi/13.3.1/thumb/v7-m/nofp/crti.o
                0x08002bf8                _init
 .init          0x08002bfc        0x8 E:/ST/STM32CubeCLT_1.18.0/GNU-tools-for-STM32/bin/../lib/gcc/arm-none-eabi/13.3.1/thumb/v7-m/nofp/crtn.o
 *(.fini)
 .fini          0x08002c04        0x4 E:/ST/STM32CubeCLT_1.18.0/GNU-tools-for-STM32/bin/../lib/gcc/arm-none-eabi/13.3.1/thumb/v7-m/nofp/crti.o
                0x08002c04                _fini
 .fini          0x08002c08        0x8 E:/ST/STM32CubeCLT_1.18.0/GNU-tools-for-STM32/bin/../lib/gcc/arm-none-eabi/13.3.1/thumb/v7-m/nofp/crtn.o
                0x08002c10                        . = ALIGN (0x4)
                0x08002c10                        _etext = .

.vfp11_veneer   0x08002c10        0x0
 .vfp11_veneer  0x08002c10        0x0 linker stubs

.v4_bx          0x08002c10        0x0
 .v4_bx         0x08002c10        0x0 linker stubs

.iplt           0x08002c10        0x0
 .iplt          0x08002c10        0x0 E:/ST/STM32CubeCLT_1.18.0/GNU-tools-for-STM32/bin/../lib/gcc/arm-none-eabi/13.3.1/thumb/v7-m/nofp/crtbegin.o

.rodata         0x08002c10       0x40
                0x08002c10                        . = ALIGN (0x4)
 *(.rodata)
 *(.rodata*)
 .rodata.AHBPrescTable
                0x08002c10       0x10 cmake/stm32cubemx/CMakeFiles/STM32_Drivers.dir/__/__/Core/Src/system_stm32f1xx.c.obj
                0x08002c10                AHBPrescTable
 .rodata.APBPrescTable
                0x08002c20        0x8 cmake/stm32cubemx/CMakeFiles/STM32_Drivers.dir/__/__/Core/Src/system_stm32f1xx.c.obj
                0x08002c20                APBPrescTable
 .rodata.aPLLMULFactorTable.1
                0x08002c28       0x10 cmake/stm32cubemx/CMakeFiles/STM32_Drivers.dir/__/__/Drivers/STM32F1xx_HAL_Driver/Src/stm32f1xx_hal_rcc.c.obj
 .rodata.aPredivFactorTable.0
                0x08002c38        0x2 cmake/stm32cubemx/CMakeFiles/STM32_Drivers.dir/__/__/Drivers/STM32F1xx_HAL_Driver/Src/stm32f1xx_hal_rcc.c.obj
 *fill*         0x08002c3a        0x2 
 .rodata.aPLLMULFactorTable.1
                0x08002c3c       0x10 cmake/stm32cubemx/CMakeFiles/STM32_Drivers.dir/__/__/Drivers/STM32F1xx_HAL_Driver/Src/stm32f1xx_hal_rcc_ex.c.obj
 .rodata.aPredivFactorTable.0
                0x08002c4c        0x2 cmake/stm32cubemx/CMakeFiles/STM32_Drivers.dir/__/__/Drivers/STM32F1xx_HAL_Driver/Src/stm32f1xx_hal_rcc_ex.c.obj
                0x08002c50                        . = ALIGN (0x4)
 *fill*         0x08002c4e        0x2 

.ARM.extab      0x08002c50        0x0
                0x08002c50                        . = ALIGN (0x4)
 *(.ARM.extab* .gnu.linkonce.armextab.*)
                0x08002c50                        . = ALIGN (0x4)

.ARM            0x08002c50        0x0
                0x08002c50                        . = ALIGN (0x4)
                0x08002c50                        __exidx_start = .
 *(.ARM.exidx*)
                0x08002c50                        __exidx_end = .
                0x08002c50                        . = ALIGN (0x4)

.preinit_array  0x08002c50        0x0
                0x08002c50                        . = ALIGN (0x4)
                0x08002c50                        PROVIDE (__preinit_array_start = .)
 *(.preinit_array*)
                0x08002c50                        PROVIDE (__preinit_array_end = .)
                0x08002c50                        . = ALIGN (0x4)

.init_array     0x08002c50        0x4
                0x08002c50                        . = ALIGN (0x4)
                0x08002c50                        PROVIDE (__init_array_start = .)
 *(SORT_BY_NAME(.init_array.*))
 *(.init_array*)
 .init_array    0x08002c50        0x4 E:/ST/STM32CubeCLT_1.18.0/GNU-tools-for-STM32/bin/../lib/gcc/arm-none-eabi/13.3.1/thumb/v7-m/nofp/crtbegin.o
                0x08002c54                        PROVIDE (__init_array_end = .)
                0x08002c54                        . = ALIGN (0x4)

.fini_array     0x08002c54        0x4
                0x08002c54                        . = ALIGN (0x4)
                [!provide]                        PROVIDE (__fini_array_start = .)
 *(SORT_BY_NAME(.fini_array.*))
 *(.fini_array*)
 .fini_array    0x08002c54        0x4 E:/ST/STM32CubeCLT_1.18.0/GNU-tools-for-STM32/bin/../lib/gcc/arm-none-eabi/13.3.1/thumb/v7-m/nofp/crtbegin.o
                [!provide]                        PROVIDE (__fini_array_end = .)
                0x08002c58                        . = ALIGN (0x4)
                0x08002c58                        _sidata = LOADADDR (.data)

.rel.dyn        0x08002c58        0x0
 .rel.iplt      0x08002c58        0x0 E:/ST/STM32CubeCLT_1.18.0/GNU-tools-for-STM32/bin/../lib/gcc/arm-none-eabi/13.3.1/thumb/v7-m/nofp/crtbegin.o

.data           0x20000000        0xc load address 0x08002c58
                0x20000000                        . = ALIGN (0x4)
                0x20000000                        _sdata = .
 *(.data)
 *(.data*)
 .data.SystemCoreClock
                0x20000000        0x4 cmake/stm32cubemx/CMakeFiles/STM32_Drivers.dir/__/__/Core/Src/system_stm32f1xx.c.obj
                0x20000000                SystemCoreClock
 .data.uwTickPrio
                0x20000004        0x4 cmake/stm32cubemx/CMakeFiles/STM32_Drivers.dir/__/__/Drivers/STM32F1xx_HAL_Driver/Src/stm32f1xx_hal.c.obj
                0x20000004                uwTickPrio
 .data.uwTickFreq
                0x20000008        0x1 cmake/stm32cubemx/CMakeFiles/STM32_Drivers.dir/__/__/Drivers/STM32F1xx_HAL_Driver/Src/stm32f1xx_hal.c.obj
                0x20000008                uwTickFreq
 *(.RamFunc)
 *(.RamFunc*)
                0x2000000c                        . = ALIGN (0x4)
 *fill*         0x20000009        0x3 

.igot.plt       0x2000000c        0x0 load address 0x08002c64
 .igot.plt      0x2000000c        0x0 E:/ST/STM32CubeCLT_1.18.0/GNU-tools-for-STM32/bin/../lib/gcc/arm-none-eabi/13.3.1/thumb/v7-m/nofp/crtbegin.o

.tdata          0x2000000c        0x0 load address 0x08002c64
 *(.tdata .tdata.* .gnu.linkonce.td.*)
                0x2000000c                        . = ALIGN (0x4)
                0x2000000c                        _edata = .
                [!provide]                        PROVIDE (__data_end = .)
                [!provide]                        PROVIDE (__tdata_end = .)
                [!provide]                        PROVIDE (__tdata_start = ADDR (.tdata))
                [!provide]                        PROVIDE (__tdata_size = (__tdata_end - __tdata_start))
                [!provide]                        PROVIDE (__data_start = ADDR (.data))
                [!provide]                        PROVIDE (__data_size = (__data_end - __data_start))
                [!provide]                        PROVIDE (__tdata_source = LOADADDR (.tdata))
                [!provide]                        PROVIDE (__tdata_source_end = (LOADADDR (.tdata) + SIZEOF (.tdata)))
                [!provide]                        PROVIDE (__tdata_source_size = (__tdata_source_end - __tdata_source))
                [!provide]                        PROVIDE (__data_source = LOADADDR (.data))
                [!provide]                        PROVIDE (__data_source_end = __tdata_source_end)
                [!provide]                        PROVIDE (__data_source_size = (__data_source_end - __data_source))

.tbss           0x2000000c        0x0 load address 0x08002c64
                0x2000000c                        _sbss = .
                0x2000000c                        __bss_start__ = _sbss
 *(.tbss .tbss.*)
                0x2000000c                        . = ALIGN (0x4)
                [!provide]                        PROVIDE (__tbss_end = .)
                [!provide]                        PROVIDE (__tbss_start = ADDR (.tbss))
                [!provide]                        PROVIDE (__tbss_size = (__tbss_end - __tbss_start))
                [!provide]                        PROVIDE (__tbss_offset = (ADDR (.tbss) - ADDR (.tdata)))
                [!provide]                        PROVIDE (__tls_base = __tdata_start)
                [!provide]                        PROVIDE (__tls_end = __tbss_end)
                [!provide]                        PROVIDE (__tls_size = (__tls_end - __tls_base))
                [!provide]                        PROVIDE (__tls_align = MAX (ALIGNOF (.tdata), ALIGNOF (.tbss)))
                [!provide]                        PROVIDE (__tls_size_align = (((__tls_size + __tls_align) - 0x1) & ~ ((__tls_align - 0x1))))
                [!provide]                        PROVIDE (__arm32_tls_tcb_offset = MAX (0x8, __tls_align))
                [!provide]                        PROVIDE (__arm64_tls_tcb_offset = MAX (0x10, __tls_align))

.bss            0x2000000c      0x3a8 load address 0x08002c64
 *(.bss)
 .bss           0x2000000c       0x1c E:/ST/STM32CubeCLT_1.18.0/GNU-tools-for-STM32/bin/../lib/gcc/arm-none-eabi/13.3.1/thumb/v7-m/nofp/crtbegin.o
 *(.bss*)
 .bss.uwTick    0x20000028        0x4 cmake/stm32cubemx/CMakeFiles/STM32_Drivers.dir/__/__/Drivers/STM32F1xx_HAL_Driver/Src/stm32f1xx_hal.c.obj
                0x20000028                uwTick
 .bss.hadc1     0x2000002c       0x30 CMakeFiles/stm32f103rbt6_a33.dir/Core/Src/adc.c.obj
                0x2000002c                hadc1
 .bss.huart1    0x2000005c       0x48 CMakeFiles/stm32f103rbt6_a33.dir/Core/Src/usart.c.obj
                0x2000005c                huart1
 .bss.huart2    0x200000a4       0x48 CMakeFiles/stm32f103rbt6_a33.dir/Core/Src/usart.c.obj
                0x200000a4                huart2
 .bss.observed_dropped_count.0
                0x200000ec        0x4 CMakeFiles/stm32f103rbt6_a33.dir/App/app_main.c.obj
 .bss.s_system_context
                0x200000f0       0xcc CMakeFiles/stm32f103rbt6_a33.dir/App/system_context.c.obj
 .bss.s_w02_pwrkey_asserted
                0x200001bc        0x1 CMakeFiles/stm32f103rbt6_a33.dir/BSP/bsp_gpio.c.obj
 *fill*         0x200001bd        0x3 
 .bss.s_w02_assert_start_ms
                0x200001c0        0x4 CMakeFiles/stm32f103rbt6_a33.dir/BSP/bsp_gpio.c.obj
 .bss.s_queue   0x200001c4      0x140 CMakeFiles/stm32f103rbt6_a33.dir/Services/event_queue/event_queue.c.obj
 .bss.s_head    0x20000304        0x1 CMakeFiles/stm32f103rbt6_a33.dir/Services/event_queue/event_queue.c.obj
 .bss.s_tail    0x20000305        0x1 CMakeFiles/stm32f103rbt6_a33.dir/Services/event_queue/event_queue.c.obj
 .bss.s_count   0x20000306        0x1 CMakeFiles/stm32f103rbt6_a33.dir/Services/event_queue/event_queue.c.obj
 *fill*         0x20000307        0x1 
 .bss.s_dropped_count
                0x20000308        0x4 CMakeFiles/stm32f103rbt6_a33.dir/Services/event_queue/event_queue.c.obj
 .bss.s_fault_mask
                0x2000030c        0x4 CMakeFiles/stm32f103rbt6_a33.dir/Services/fault_manager/fault_manager.c.obj
 .bss.s_tasks   0x20000310       0xa0 CMakeFiles/stm32f103rbt6_a33.dir/Services/scheduler/scheduler.c.obj
 .bss.s_task_count
                0x200003b0        0x1 CMakeFiles/stm32f103rbt6_a33.dir/Services/scheduler/scheduler.c.obj
 *(COMMON)
                0x200003b4                        . = ALIGN (0x4)
 *fill*         0x200003b1        0x3 
                0x200003b4                        _ebss = .
                0x200003b4                        __bss_end__ = _ebss
                [!provide]                        PROVIDE (__bss_end = .)
                [!provide]                        PROVIDE (__non_tls_bss_start = ADDR (.bss))
                [!provide]                        PROVIDE (__bss_start = __tbss_start)
                [!provide]                        PROVIDE (__bss_size = (__bss_end - __bss_start))

._user_heap_stack
                0x200003b4      0x604 load address 0x08002c64
                0x200003b8                        . = ALIGN (0x8)
 *fill*         0x200003b4        0x4 
                [!provide]                        PROVIDE (end = .)
                0x200003b8                        PROVIDE (_end = .)
                0x200005b8                        . = (. + _Min_Heap_Size)
 *fill*         0x200003b8      0x200 
                0x200009b8                        . = (. + _Min_Stack_Size)
 *fill*         0x200005b8      0x400 
                0x200009b8                        . = ALIGN (0x8)

/DISCARD/
 libc.a:*(*)
 libm.a:*(*)
 libgcc.a:*(*)
OUTPUT(stm32f103rbt6_a33.elf elf32-littlearm)
LOAD linker stubs

.ARM.attributes
                0x00000000       0x29
 .ARM.attributes
                0x00000000       0x1d E:/ST/STM32CubeCLT_1.18.0/GNU-tools-for-STM32/bin/../lib/gcc/arm-none-eabi/13.3.1/thumb/v7-m/nofp/crti.o
 .ARM.attributes
                0x0000001d       0x2d E:/ST/STM32CubeCLT_1.18.0/GNU-tools-for-STM32/bin/../lib/gcc/arm-none-eabi/13.3.1/thumb/v7-m/nofp/crtbegin.o
 .ARM.attributes
                0x0000004a       0x2d cmake/stm32cubemx/CMakeFiles/STM32_Drivers.dir/__/__/Core/Src/system_stm32f1xx.c.obj
 .ARM.attributes
                0x00000077       0x2d cmake/stm32cubemx/CMakeFiles/STM32_Drivers.dir/__/__/Drivers/STM32F1xx_HAL_Driver/Src/stm32f1xx_hal_adc.c.obj
 .ARM.attributes
                0x000000a4       0x2d cmake/stm32cubemx/CMakeFiles/STM32_Drivers.dir/__/__/Drivers/STM32F1xx_HAL_Driver/Src/stm32f1xx_hal_adc_ex.c.obj
 .ARM.attributes
                0x000000d1       0x2d cmake/stm32cubemx/CMakeFiles/STM32_Drivers.dir/__/__/Drivers/STM32F1xx_HAL_Driver/Src/stm32f1xx_hal.c.obj
 .ARM.attributes
                0x000000fe       0x2d cmake/stm32cubemx/CMakeFiles/STM32_Drivers.dir/__/__/Drivers/STM32F1xx_HAL_Driver/Src/stm32f1xx_hal_rcc.c.obj
 .ARM.attributes
                0x0000012b       0x2d cmake/stm32cubemx/CMakeFiles/STM32_Drivers.dir/__/__/Drivers/STM32F1xx_HAL_Driver/Src/stm32f1xx_hal_rcc_ex.c.obj
 .ARM.attributes
                0x00000158       0x2d cmake/stm32cubemx/CMakeFiles/STM32_Drivers.dir/__/__/Drivers/STM32F1xx_HAL_Driver/Src/stm32f1xx_hal_gpio.c.obj
 .ARM.attributes
                0x00000185       0x2d cmake/stm32cubemx/CMakeFiles/STM32_Drivers.dir/__/__/Drivers/STM32F1xx_HAL_Driver/Src/stm32f1xx_hal_cortex.c.obj
 .ARM.attributes
                0x000001b2       0x2d cmake/stm32cubemx/CMakeFiles/STM32_Drivers.dir/__/__/Drivers/STM32F1xx_HAL_Driver/Src/stm32f1xx_hal_uart.c.obj
 .ARM.attributes
                0x000001df       0x2d CMakeFiles/stm32f103rbt6_a33.dir/Core/Src/main.c.obj
 .ARM.attributes
                0x0000020c       0x2d CMakeFiles/stm32f103rbt6_a33.dir/Core/Src/gpio.c.obj
 .ARM.attributes
                0x00000239       0x2d CMakeFiles/stm32f103rbt6_a33.dir/Core/Src/adc.c.obj
 .ARM.attributes
                0x00000266       0x2d CMakeFiles/stm32f103rbt6_a33.dir/Core/Src/usart.c.obj
 .ARM.attributes
                0x00000293       0x2d CMakeFiles/stm32f103rbt6_a33.dir/Core/Src/stm32f1xx_it.c.obj
 .ARM.attributes
                0x000002c0       0x2d CMakeFiles/stm32f103rbt6_a33.dir/Core/Src/stm32f1xx_hal_msp.c.obj
 .ARM.attributes
                0x000002ed       0x21 CMakeFiles/stm32f103rbt6_a33.dir/startup_stm32f103xb.s.obj
 .ARM.attributes
                0x0000030e       0x2d CMakeFiles/stm32f103rbt6_a33.dir/App/app_main.c.obj
 .ARM.attributes
                0x0000033b       0x2d CMakeFiles/stm32f103rbt6_a33.dir/App/system_context.c.obj
 .ARM.attributes
                0x00000368       0x2d CMakeFiles/stm32f103rbt6_a33.dir/BSP/bsp_board.c.obj
 .ARM.attributes
                0x00000395       0x2d CMakeFiles/stm32f103rbt6_a33.dir/BSP/bsp_gpio.c.obj
 .ARM.attributes
                0x000003c2       0x2d CMakeFiles/stm32f103rbt6_a33.dir/BSP/bsp_time.c.obj
 .ARM.attributes
                0x000003ef       0x2d CMakeFiles/stm32f103rbt6_a33.dir/Config/default_config.c.obj
 .ARM.attributes
                0x0000041c       0x2d CMakeFiles/stm32f103rbt6_a33.dir/Services/config_store/config_store.c.obj
 .ARM.attributes
                0x00000449       0x2d CMakeFiles/stm32f103rbt6_a33.dir/Services/event_queue/event_queue.c.obj
 .ARM.attributes
                0x00000476       0x2d CMakeFiles/stm32f103rbt6_a33.dir/Services/fault_manager/fault_manager.c.obj
 .ARM.attributes
                0x000004a3       0x2d CMakeFiles/stm32f103rbt6_a33.dir/Services/scheduler/scheduler.c.obj
 .ARM.attributes
                0x000004d0       0x2d E:/ST/STM32CubeCLT_1.18.0/GNU-tools-for-STM32/bin/../lib/gcc/arm-none-eabi/13.3.1/../../../../arm-none-eabi/lib/thumb/v7-m/nofp\libg_nano.a(libc_a-memset.o)
 .ARM.attributes
                0x000004fd       0x2d E:/ST/STM32CubeCLT_1.18.0/GNU-tools-for-STM32/bin/../lib/gcc/arm-none-eabi/13.3.1/../../../../arm-none-eabi/lib/thumb/v7-m/nofp\libg_nano.a(libc_a-init.o)
 .ARM.attributes
                0x0000052a       0x2d E:/ST/STM32CubeCLT_1.18.0/GNU-tools-for-STM32/bin/../lib/gcc/arm-none-eabi/13.3.1/../../../../arm-none-eabi/lib/thumb/v7-m/nofp\libg_nano.a(libc_a-memcpy-stub.o)
 .ARM.attributes
                0x00000557       0x1d E:/ST/STM32CubeCLT_1.18.0/GNU-tools-for-STM32/bin/../lib/gcc/arm-none-eabi/13.3.1/thumb/v7-m/nofp/crtn.o

.comment        0x00000000       0x43
 .comment       0x00000000       0x43 cmake/stm32cubemx/CMakeFiles/STM32_Drivers.dir/__/__/Core/Src/system_stm32f1xx.c.obj
                                 0x44 (size before relaxing)
 .comment       0x00000043       0x44 cmake/stm32cubemx/CMakeFiles/STM32_Drivers.dir/__/__/Drivers/STM32F1xx_HAL_Driver/Src/stm32f1xx_hal_adc.c.obj
 .comment       0x00000043       0x44 cmake/stm32cubemx/CMakeFiles/STM32_Drivers.dir/__/__/Drivers/STM32F1xx_HAL_Driver/Src/stm32f1xx_hal_adc_ex.c.obj
 .comment       0x00000043       0x44 cmake/stm32cubemx/CMakeFiles/STM32_Drivers.dir/__/__/Drivers/STM32F1xx_HAL_Driver/Src/stm32f1xx_hal.c.obj
 .comment       0x00000043       0x44 cmake/stm32cubemx/CMakeFiles/STM32_Drivers.dir/__/__/Drivers/STM32F1xx_HAL_Driver/Src/stm32f1xx_hal_rcc.c.obj
 .comment       0x00000043       0x44 cmake/stm32cubemx/CMakeFiles/STM32_Drivers.dir/__/__/Drivers/STM32F1xx_HAL_Driver/Src/stm32f1xx_hal_rcc_ex.c.obj
 .comment       0x00000043       0x44 cmake/stm32cubemx/CMakeFiles/STM32_Drivers.dir/__/__/Drivers/STM32F1xx_HAL_Driver/Src/stm32f1xx_hal_gpio.c.obj
 .comment       0x00000043       0x44 cmake/stm32cubemx/CMakeFiles/STM32_Drivers.dir/__/__/Drivers/STM32F1xx_HAL_Driver/Src/stm32f1xx_hal_cortex.c.obj
 .comment       0x00000043       0x44 cmake/stm32cubemx/CMakeFiles/STM32_Drivers.dir/__/__/Drivers/STM32F1xx_HAL_Driver/Src/stm32f1xx_hal_uart.c.obj
 .comment       0x00000043       0x44 CMakeFiles/stm32f103rbt6_a33.dir/Core/Src/main.c.obj
 .comment       0x00000043       0x44 CMakeFiles/stm32f103rbt6_a33.dir/Core/Src/gpio.c.obj
 .comment       0x00000043       0x44 CMakeFiles/stm32f103rbt6_a33.dir/Core/Src/adc.c.obj
 .comment       0x00000043       0x44 CMakeFiles/stm32f103rbt6_a33.dir/Core/Src/usart.c.obj
 .comment       0x00000043       0x44 CMakeFiles/stm32f103rbt6_a33.dir/Core/Src/stm32f1xx_it.c.obj
 .comment       0x00000043       0x44 CMakeFiles/stm32f103rbt6_a33.dir/Core/Src/stm32f1xx_hal_msp.c.obj
 .comment       0x00000043       0x44 CMakeFiles/stm32f103rbt6_a33.dir/App/app_main.c.obj
 .comment       0x00000043       0x44 CMakeFiles/stm32f103rbt6_a33.dir/App/system_context.c.obj
 .comment       0x00000043       0x44 CMakeFiles/stm32f103rbt6_a33.dir/BSP/bsp_board.c.obj
 .comment       0x00000043       0x44 CMakeFiles/stm32f103rbt6_a33.dir/BSP/bsp_gpio.c.obj
 .comment       0x00000043       0x44 CMakeFiles/stm32f103rbt6_a33.dir/BSP/bsp_time.c.obj
 .comment       0x00000043       0x44 CMakeFiles/stm32f103rbt6_a33.dir/Config/default_config.c.obj
 .comment       0x00000043       0x44 CMakeFiles/stm32f103rbt6_a33.dir/Services/config_store/config_store.c.obj
 .comment       0x00000043       0x44 CMakeFiles/stm32f103rbt6_a33.dir/Services/event_queue/event_queue.c.obj
 .comment       0x00000043       0x44 CMakeFiles/stm32f103rbt6_a33.dir/Services/fault_manager/fault_manager.c.obj
 .comment       0x00000043       0x44 CMakeFiles/stm32f103rbt6_a33.dir/Services/scheduler/scheduler.c.obj
 .comment       0x00000043       0x44 E:/ST/STM32CubeCLT_1.18.0/GNU-tools-for-STM32/bin/../lib/gcc/arm-none-eabi/13.3.1/../../../../arm-none-eabi/lib/thumb/v7-m/nofp\libg_nano.a(libc_a-memset.o)
 .comment       0x00000043       0x44 E:/ST/STM32CubeCLT_1.18.0/GNU-tools-for-STM32/bin/../lib/gcc/arm-none-eabi/13.3.1/../../../../arm-none-eabi/lib/thumb/v7-m/nofp\libg_nano.a(libc_a-init.o)
 .comment       0x00000043       0x44 E:/ST/STM32CubeCLT_1.18.0/GNU-tools-for-STM32/bin/../lib/gcc/arm-none-eabi/13.3.1/../../../../arm-none-eabi/lib/thumb/v7-m/nofp\libg_nano.a(libc_a-memcpy-stub.o)

.debug_info     0x00000000     0xbaa3
 .debug_info    0x00000000      0x222 cmake/stm32cubemx/CMakeFiles/STM32_Drivers.dir/__/__/Core/Src/system_stm32f1xx.c.obj
 .debug_info    0x00000222      0xc50 cmake/stm32cubemx/CMakeFiles/STM32_Drivers.dir/__/__/Drivers/STM32F1xx_HAL_Driver/Src/stm32f1xx_hal_adc.c.obj
 .debug_info    0x00000e72      0xa10 cmake/stm32cubemx/CMakeFiles/STM32_Drivers.dir/__/__/Drivers/STM32F1xx_HAL_Driver/Src/stm32f1xx_hal_adc_ex.c.obj
 .debug_info    0x00001882      0x704 cmake/stm32cubemx/CMakeFiles/STM32_Drivers.dir/__/__/Drivers/STM32F1xx_HAL_Driver/Src/stm32f1xx_hal.c.obj
 .debug_info    0x00001f86      0x7d5 cmake/stm32cubemx/CMakeFiles/STM32_Drivers.dir/__/__/Drivers/STM32F1xx_HAL_Driver/Src/stm32f1xx_hal_rcc.c.obj
 .debug_info    0x0000275b      0x3c0 cmake/stm32cubemx/CMakeFiles/STM32_Drivers.dir/__/__/Drivers/STM32F1xx_HAL_Driver/Src/stm32f1xx_hal_rcc_ex.c.obj
 .debug_info    0x00002b1b      0x5ab cmake/stm32cubemx/CMakeFiles/STM32_Drivers.dir/__/__/Drivers/STM32F1xx_HAL_Driver/Src/stm32f1xx_hal_gpio.c.obj
 .debug_info    0x000030c6      0xa87 cmake/stm32cubemx/CMakeFiles/STM32_Drivers.dir/__/__/Drivers/STM32F1xx_HAL_Driver/Src/stm32f1xx_hal_cortex.c.obj
 .debug_info    0x00003b4d     0x2eed cmake/stm32cubemx/CMakeFiles/STM32_Drivers.dir/__/__/Drivers/STM32F1xx_HAL_Driver/Src/stm32f1xx_hal_uart.c.obj
 .debug_info    0x00006a3a      0x82d CMakeFiles/stm32f103rbt6_a33.dir/Core/Src/main.c.obj
 .debug_info    0x00007267      0x2d3 CMakeFiles/stm32f103rbt6_a33.dir/Core/Src/gpio.c.obj
 .debug_info    0x0000753a      0x7b8 CMakeFiles/stm32f103rbt6_a33.dir/Core/Src/adc.c.obj
 .debug_info    0x00007cf2      0x7f0 CMakeFiles/stm32f103rbt6_a33.dir/Core/Src/usart.c.obj
 .debug_info    0x000084e2      0x113 CMakeFiles/stm32f103rbt6_a33.dir/Core/Src/stm32f1xx_it.c.obj
 .debug_info    0x000085f5      0x1f1 CMakeFiles/stm32f103rbt6_a33.dir/Core/Src/stm32f1xx_hal_msp.c.obj
 .debug_info    0x000087e6       0x30 CMakeFiles/stm32f103rbt6_a33.dir/startup_stm32f103xb.s.obj
 .debug_info    0x00008816      0xb84 CMakeFiles/stm32f103rbt6_a33.dir/App/app_main.c.obj
 .debug_info    0x0000939a      0x8da CMakeFiles/stm32f103rbt6_a33.dir/App/system_context.c.obj
 .debug_info    0x00009c74       0x6e CMakeFiles/stm32f103rbt6_a33.dir/BSP/bsp_board.c.obj
 .debug_info    0x00009ce2      0x41d CMakeFiles/stm32f103rbt6_a33.dir/BSP/bsp_gpio.c.obj
 .debug_info    0x0000a0ff      0x10c CMakeFiles/stm32f103rbt6_a33.dir/BSP/bsp_time.c.obj
 .debug_info    0x0000a20b      0x6cf CMakeFiles/stm32f103rbt6_a33.dir/Config/default_config.c.obj
 .debug_info    0x0000a8da      0x74d CMakeFiles/stm32f103rbt6_a33.dir/Services/config_store/config_store.c.obj
 .debug_info    0x0000b027      0x280 CMakeFiles/stm32f103rbt6_a33.dir/Services/event_queue/event_queue.c.obj
 .debug_info    0x0000b2a7      0x1d7 CMakeFiles/stm32f103rbt6_a33.dir/Services/fault_manager/fault_manager.c.obj
 .debug_info    0x0000b47e      0x319 CMakeFiles/stm32f103rbt6_a33.dir/Services/scheduler/scheduler.c.obj
 .debug_info    0x0000b797       0xe0 E:/ST/STM32CubeCLT_1.18.0/GNU-tools-for-STM32/bin/../lib/gcc/arm-none-eabi/13.3.1/../../../../arm-none-eabi/lib/thumb/v7-m/nofp\libg_nano.a(libc_a-memset.o)
 .debug_info    0x0000b877      0x10b E:/ST/STM32CubeCLT_1.18.0/GNU-tools-for-STM32/bin/../lib/gcc/arm-none-eabi/13.3.1/../../../../arm-none-eabi/lib/thumb/v7-m/nofp\libg_nano.a(libc_a-init.o)
 .debug_info    0x0000b982      0x121 E:/ST/STM32CubeCLT_1.18.0/GNU-tools-for-STM32/bin/../lib/gcc/arm-none-eabi/13.3.1/../../../../arm-none-eabi/lib/thumb/v7-m/nofp\libg_nano.a(libc_a-memcpy-stub.o)

.debug_abbrev   0x00000000     0x2980
 .debug_abbrev  0x00000000      0x13f cmake/stm32cubemx/CMakeFiles/STM32_Drivers.dir/__/__/Core/Src/system_stm32f1xx.c.obj
 .debug_abbrev  0x0000013f      0x225 cmake/stm32cubemx/CMakeFiles/STM32_Drivers.dir/__/__/Drivers/STM32F1xx_HAL_Driver/Src/stm32f1xx_hal_adc.c.obj
 .debug_abbrev  0x00000364      0x249 cmake/stm32cubemx/CMakeFiles/STM32_Drivers.dir/__/__/Drivers/STM32F1xx_HAL_Driver/Src/stm32f1xx_hal_adc_ex.c.obj
 .debug_abbrev  0x000005ad      0x201 cmake/stm32cubemx/CMakeFiles/STM32_Drivers.dir/__/__/Drivers/STM32F1xx_HAL_Driver/Src/stm32f1xx_hal.c.obj
 .debug_abbrev  0x000007ae      0x2b3 cmake/stm32cubemx/CMakeFiles/STM32_Drivers.dir/__/__/Drivers/STM32F1xx_HAL_Driver/Src/stm32f1xx_hal_rcc.c.obj
 .debug_abbrev  0x00000a61      0x188 cmake/stm32cubemx/CMakeFiles/STM32_Drivers.dir/__/__/Drivers/STM32F1xx_HAL_Driver/Src/stm32f1xx_hal_rcc_ex.c.obj
 .debug_abbrev  0x00000be9      0x1ca cmake/stm32cubemx/CMakeFiles/STM32_Drivers.dir/__/__/Drivers/STM32F1xx_HAL_Driver/Src/stm32f1xx_hal_gpio.c.obj
 .debug_abbrev  0x00000db3      0x2f8 cmake/stm32cubemx/CMakeFiles/STM32_Drivers.dir/__/__/Drivers/STM32F1xx_HAL_Driver/Src/stm32f1xx_hal_cortex.c.obj
 .debug_abbrev  0x000010ab      0x2f8 cmake/stm32cubemx/CMakeFiles/STM32_Drivers.dir/__/__/Drivers/STM32F1xx_HAL_Driver/Src/stm32f1xx_hal_uart.c.obj
 .debug_abbrev  0x000013a3      0x1f7 CMakeFiles/stm32f103rbt6_a33.dir/Core/Src/main.c.obj
 .debug_abbrev  0x0000159a      0x13f CMakeFiles/stm32f103rbt6_a33.dir/Core/Src/gpio.c.obj
 .debug_abbrev  0x000016d9      0x1e1 CMakeFiles/stm32f103rbt6_a33.dir/Core/Src/adc.c.obj
 .debug_abbrev  0x000018ba      0x1ec CMakeFiles/stm32f103rbt6_a33.dir/Core/Src/usart.c.obj
 .debug_abbrev  0x00001aa6       0x73 CMakeFiles/stm32f103rbt6_a33.dir/Core/Src/stm32f1xx_it.c.obj
 .debug_abbrev  0x00001b19       0xdb CMakeFiles/stm32f103rbt6_a33.dir/Core/Src/stm32f1xx_hal_msp.c.obj
 .debug_abbrev  0x00001bf4       0x24 CMakeFiles/stm32f103rbt6_a33.dir/startup_stm32f103xb.s.obj
 .debug_abbrev  0x00001c18      0x1b6 CMakeFiles/stm32f103rbt6_a33.dir/App/app_main.c.obj
 .debug_abbrev  0x00001dce      0x13c CMakeFiles/stm32f103rbt6_a33.dir/App/system_context.c.obj
 .debug_abbrev  0x00001f0a       0x7d CMakeFiles/stm32f103rbt6_a33.dir/BSP/bsp_board.c.obj
 .debug_abbrev  0x00001f87      0x194 CMakeFiles/stm32f103rbt6_a33.dir/BSP/bsp_gpio.c.obj
 .debug_abbrev  0x0000211b       0xab CMakeFiles/stm32f103rbt6_a33.dir/BSP/bsp_time.c.obj
 .debug_abbrev  0x000021c6       0xea CMakeFiles/stm32f103rbt6_a33.dir/Config/default_config.c.obj
 .debug_abbrev  0x000022b0      0x121 CMakeFiles/stm32f103rbt6_a33.dir/Services/config_store/config_store.c.obj
 .debug_abbrev  0x000023d1      0x11b CMakeFiles/stm32f103rbt6_a33.dir/Services/event_queue/event_queue.c.obj
 .debug_abbrev  0x000024ec      0x113 CMakeFiles/stm32f103rbt6_a33.dir/Services/fault_manager/fault_manager.c.obj
 .debug_abbrev  0x000025ff      0x159 CMakeFiles/stm32f103rbt6_a33.dir/Services/scheduler/scheduler.c.obj
 .debug_abbrev  0x00002758       0x9e E:/ST/STM32CubeCLT_1.18.0/GNU-tools-for-STM32/bin/../lib/gcc/arm-none-eabi/13.3.1/../../../../arm-none-eabi/lib/thumb/v7-m/nofp\libg_nano.a(libc_a-memset.o)
 .debug_abbrev  0x000027f6       0xc9 E:/ST/STM32CubeCLT_1.18.0/GNU-tools-for-STM32/bin/../lib/gcc/arm-none-eabi/13.3.1/../../../../arm-none-eabi/lib/thumb/v7-m/nofp\libg_nano.a(libc_a-init.o)
 .debug_abbrev  0x000028bf       0xc1 E:/ST/STM32CubeCLT_1.18.0/GNU-tools-for-STM32/bin/../lib/gcc/arm-none-eabi/13.3.1/../../../../arm-none-eabi/lib/thumb/v7-m/nofp\libg_nano.a(libc_a-memcpy-stub.o)

.debug_aranges  0x00000000      0xb20
 .debug_aranges
                0x00000000       0x28 cmake/stm32cubemx/CMakeFiles/STM32_Drivers.dir/__/__/Core/Src/system_stm32f1xx.c.obj
 .debug_aranges
                0x00000028       0xf0 cmake/stm32cubemx/CMakeFiles/STM32_Drivers.dir/__/__/Drivers/STM32F1xx_HAL_Driver/Src/stm32f1xx_hal_adc.c.obj
 .debug_aranges
                0x00000118       0x80 cmake/stm32cubemx/CMakeFiles/STM32_Drivers.dir/__/__/Drivers/STM32F1xx_HAL_Driver/Src/stm32f1xx_hal_adc_ex.c.obj
 .debug_aranges
                0x00000198       0xe0 cmake/stm32cubemx/CMakeFiles/STM32_Drivers.dir/__/__/Drivers/STM32F1xx_HAL_Driver/Src/stm32f1xx_hal.c.obj
 .debug_aranges
                0x00000278       0x90 cmake/stm32cubemx/CMakeFiles/STM32_Drivers.dir/__/__/Drivers/STM32F1xx_HAL_Driver/Src/stm32f1xx_hal_rcc.c.obj
 .debug_aranges
                0x00000308       0x30 cmake/stm32cubemx/CMakeFiles/STM32_Drivers.dir/__/__/Drivers/STM32F1xx_HAL_Driver/Src/stm32f1xx_hal_rcc_ex.c.obj
 .debug_aranges
                0x00000338       0x58 cmake/stm32cubemx/CMakeFiles/STM32_Drivers.dir/__/__/Drivers/STM32F1xx_HAL_Driver/Src/stm32f1xx_hal_gpio.c.obj
 .debug_aranges
                0x00000390      0x100 cmake/stm32cubemx/CMakeFiles/STM32_Drivers.dir/__/__/Drivers/STM32F1xx_HAL_Driver/Src/stm32f1xx_hal_cortex.c.obj
 .debug_aranges
                0x00000490      0x208 cmake/stm32cubemx/CMakeFiles/STM32_Drivers.dir/__/__/Drivers/STM32F1xx_HAL_Driver/Src/stm32f1xx_hal_uart.c.obj
 .debug_aranges
                0x00000698       0x30 CMakeFiles/stm32f103rbt6_a33.dir/Core/Src/main.c.obj
 .debug_aranges
                0x000006c8       0x20 CMakeFiles/stm32f103rbt6_a33.dir/Core/Src/gpio.c.obj
 .debug_aranges
                0x000006e8       0x30 CMakeFiles/stm32f103rbt6_a33.dir/Core/Src/adc.c.obj
 .debug_aranges
                0x00000718       0x38 CMakeFiles/stm32f103rbt6_a33.dir/Core/Src/usart.c.obj
 .debug_aranges
                0x00000750       0x60 CMakeFiles/stm32f103rbt6_a33.dir/Core/Src/stm32f1xx_it.c.obj
 .debug_aranges
                0x000007b0       0x20 CMakeFiles/stm32f103rbt6_a33.dir/Core/Src/stm32f1xx_hal_msp.c.obj
 .debug_aranges
                0x000007d0       0x28 CMakeFiles/stm32f103rbt6_a33.dir/startup_stm32f103xb.s.obj
 .debug_aranges
                0x000007f8       0x68 CMakeFiles/stm32f103rbt6_a33.dir/App/app_main.c.obj
 .debug_aranges
                0x00000860       0x38 CMakeFiles/stm32f103rbt6_a33.dir/App/system_context.c.obj
 .debug_aranges
                0x00000898       0x28 CMakeFiles/stm32f103rbt6_a33.dir/BSP/bsp_board.c.obj
 .debug_aranges
                0x000008c0       0xb0 CMakeFiles/stm32f103rbt6_a33.dir/BSP/bsp_gpio.c.obj
 .debug_aranges
                0x00000970       0x28 CMakeFiles/stm32f103rbt6_a33.dir/BSP/bsp_time.c.obj
 .debug_aranges
                0x00000998       0x20 CMakeFiles/stm32f103rbt6_a33.dir/Config/default_config.c.obj
 .debug_aranges
                0x000009b8       0x38 CMakeFiles/stm32f103rbt6_a33.dir/Services/config_store/config_store.c.obj
 .debug_aranges
                0x000009f0       0x40 CMakeFiles/stm32f103rbt6_a33.dir/Services/event_queue/event_queue.c.obj
 .debug_aranges
                0x00000a30       0x48 CMakeFiles/stm32f103rbt6_a33.dir/Services/fault_manager/fault_manager.c.obj
 .debug_aranges
                0x00000a78       0x48 CMakeFiles/stm32f103rbt6_a33.dir/Services/scheduler/scheduler.c.obj
 .debug_aranges
                0x00000ac0       0x20 E:/ST/STM32CubeCLT_1.18.0/GNU-tools-for-STM32/bin/../lib/gcc/arm-none-eabi/13.3.1/../../../../arm-none-eabi/lib/thumb/v7-m/nofp\libg_nano.a(libc_a-memset.o)
 .debug_aranges
                0x00000ae0       0x20 E:/ST/STM32CubeCLT_1.18.0/GNU-tools-for-STM32/bin/../lib/gcc/arm-none-eabi/13.3.1/../../../../arm-none-eabi/lib/thumb/v7-m/nofp\libg_nano.a(libc_a-init.o)
 .debug_aranges
                0x00000b00       0x20 E:/ST/STM32CubeCLT_1.18.0/GNU-tools-for-STM32/bin/../lib/gcc/arm-none-eabi/13.3.1/../../../../arm-none-eabi/lib/thumb/v7-m/nofp\libg_nano.a(libc_a-memcpy-stub.o)

.debug_rnglists
                0x00000000      0x82d
 .debug_rnglists
                0x00000000       0x1a cmake/stm32cubemx/CMakeFiles/STM32_Drivers.dir/__/__/Core/Src/system_stm32f1xx.c.obj
 .debug_rnglists
                0x0000001a       0xbc cmake/stm32cubemx/CMakeFiles/STM32_Drivers.dir/__/__/Drivers/STM32F1xx_HAL_Driver/Src/stm32f1xx_hal_adc.c.obj
 .debug_rnglists
                0x000000d6       0x65 cmake/stm32cubemx/CMakeFiles/STM32_Drivers.dir/__/__/Drivers/STM32F1xx_HAL_Driver/Src/stm32f1xx_hal_adc_ex.c.obj
 .debug_rnglists
                0x0000013b       0xa3 cmake/stm32cubemx/CMakeFiles/STM32_Drivers.dir/__/__/Drivers/STM32F1xx_HAL_Driver/Src/stm32f1xx_hal.c.obj
 .debug_rnglists
                0x000001de       0x6c cmake/stm32cubemx/CMakeFiles/STM32_Drivers.dir/__/__/Drivers/STM32F1xx_HAL_Driver/Src/stm32f1xx_hal_rcc.c.obj
 .debug_rnglists
                0x0000024a       0x21 cmake/stm32cubemx/CMakeFiles/STM32_Drivers.dir/__/__/Drivers/STM32F1xx_HAL_Driver/Src/stm32f1xx_hal_rcc_ex.c.obj
 .debug_rnglists
                0x0000026b       0x3f cmake/stm32cubemx/CMakeFiles/STM32_Drivers.dir/__/__/Drivers/STM32F1xx_HAL_Driver/Src/stm32f1xx_hal_gpio.c.obj
 .debug_rnglists
                0x000002aa       0xbb cmake/stm32cubemx/CMakeFiles/STM32_Drivers.dir/__/__/Drivers/STM32F1xx_HAL_Driver/Src/stm32f1xx_hal_cortex.c.obj
 .debug_rnglists
                0x00000365      0x1bc cmake/stm32cubemx/CMakeFiles/STM32_Drivers.dir/__/__/Drivers/STM32F1xx_HAL_Driver/Src/stm32f1xx_hal_uart.c.obj
 .debug_rnglists
                0x00000521       0x20 CMakeFiles/stm32f103rbt6_a33.dir/Core/Src/main.c.obj
 .debug_rnglists
                0x00000541       0x14 CMakeFiles/stm32f103rbt6_a33.dir/Core/Src/gpio.c.obj
 .debug_rnglists
                0x00000555       0x1f CMakeFiles/stm32f103rbt6_a33.dir/Core/Src/adc.c.obj
 .debug_rnglists
                0x00000574       0x26 CMakeFiles/stm32f103rbt6_a33.dir/Core/Src/usart.c.obj
 .debug_rnglists
                0x0000059a       0x43 CMakeFiles/stm32f103rbt6_a33.dir/Core/Src/stm32f1xx_it.c.obj
 .debug_rnglists
                0x000005dd       0x13 CMakeFiles/stm32f103rbt6_a33.dir/Core/Src/stm32f1xx_hal_msp.c.obj
 .debug_rnglists
                0x000005f0       0x19 CMakeFiles/stm32f103rbt6_a33.dir/startup_stm32f103xb.s.obj
 .debug_rnglists
                0x00000609       0x4b CMakeFiles/stm32f103rbt6_a33.dir/App/app_main.c.obj
 .debug_rnglists
                0x00000654       0x25 CMakeFiles/stm32f103rbt6_a33.dir/App/system_context.c.obj
 .debug_rnglists
                0x00000679       0x19 CMakeFiles/stm32f103rbt6_a33.dir/BSP/bsp_board.c.obj
 .debug_rnglists
                0x00000692       0x7f CMakeFiles/stm32f103rbt6_a33.dir/BSP/bsp_gpio.c.obj
 .debug_rnglists
                0x00000711       0x19 CMakeFiles/stm32f103rbt6_a33.dir/BSP/bsp_time.c.obj
 .debug_rnglists
                0x0000072a       0x14 CMakeFiles/stm32f103rbt6_a33.dir/Config/default_config.c.obj
 .debug_rnglists
                0x0000073e       0x25 CMakeFiles/stm32f103rbt6_a33.dir/Services/config_store/config_store.c.obj
 .debug_rnglists
                0x00000763       0x2c CMakeFiles/stm32f103rbt6_a33.dir/Services/event_queue/event_queue.c.obj
 .debug_rnglists
                0x0000078f       0x31 CMakeFiles/stm32f103rbt6_a33.dir/Services/fault_manager/fault_manager.c.obj
 .debug_rnglists
                0x000007c0       0x34 CMakeFiles/stm32f103rbt6_a33.dir/Services/scheduler/scheduler.c.obj
 .debug_rnglists
                0x000007f4       0x13 E:/ST/STM32CubeCLT_1.18.0/GNU-tools-for-STM32/bin/../lib/gcc/arm-none-eabi/13.3.1/../../../../arm-none-eabi/lib/thumb/v7-m/nofp\libg_nano.a(libc_a-memset.o)
 .debug_rnglists
                0x00000807       0x13 E:/ST/STM32CubeCLT_1.18.0/GNU-tools-for-STM32/bin/../lib/gcc/arm-none-eabi/13.3.1/../../../../arm-none-eabi/lib/thumb/v7-m/nofp\libg_nano.a(libc_a-init.o)
 .debug_rnglists
                0x0000081a       0x13 E:/ST/STM32CubeCLT_1.18.0/GNU-tools-for-STM32/bin/../lib/gcc/arm-none-eabi/13.3.1/../../../../arm-none-eabi/lib/thumb/v7-m/nofp\libg_nano.a(libc_a-memcpy-stub.o)

.debug_macro    0x00000000    0x17abf
 .debug_macro   0x00000000      0x1a2 cmake/stm32cubemx/CMakeFiles/STM32_Drivers.dir/__/__/Core/Src/system_stm32f1xx.c.obj
 .debug_macro   0x000001a2      0xacc cmake/stm32cubemx/CMakeFiles/STM32_Drivers.dir/__/__/Core/Src/system_stm32f1xx.c.obj
 .debug_macro   0x00000c6e       0x2e cmake/stm32cubemx/CMakeFiles/STM32_Drivers.dir/__/__/Core/Src/system_stm32f1xx.c.obj
 .debug_macro   0x00000c9c       0x22 cmake/stm32cubemx/CMakeFiles/STM32_Drivers.dir/__/__/Core/Src/system_stm32f1xx.c.obj
 .debug_macro   0x00000cbe       0x22 cmake/stm32cubemx/CMakeFiles/STM32_Drivers.dir/__/__/Core/Src/system_stm32f1xx.c.obj
 .debug_macro   0x00000ce0       0x8e cmake/stm32cubemx/CMakeFiles/STM32_Drivers.dir/__/__/Core/Src/system_stm32f1xx.c.obj
 .debug_macro   0x00000d6e       0x51 cmake/stm32cubemx/CMakeFiles/STM32_Drivers.dir/__/__/Core/Src/system_stm32f1xx.c.obj
 .debug_macro   0x00000dbf      0x103 cmake/stm32cubemx/CMakeFiles/STM32_Drivers.dir/__/__/Core/Src/system_stm32f1xx.c.obj
 .debug_macro   0x00000ec2       0x6a cmake/stm32cubemx/CMakeFiles/STM32_Drivers.dir/__/__/Core/Src/system_stm32f1xx.c.obj
 .debug_macro   0x00000f2c      0x1df cmake/stm32cubemx/CMakeFiles/STM32_Drivers.dir/__/__/Core/Src/system_stm32f1xx.c.obj
 .debug_macro   0x0000110b       0x1c cmake/stm32cubemx/CMakeFiles/STM32_Drivers.dir/__/__/Core/Src/system_stm32f1xx.c.obj
 .debug_macro   0x00001127       0x22 cmake/stm32cubemx/CMakeFiles/STM32_Drivers.dir/__/__/Core/Src/system_stm32f1xx.c.obj
 .debug_macro   0x00001149       0xbd cmake/stm32cubemx/CMakeFiles/STM32_Drivers.dir/__/__/Core/Src/system_stm32f1xx.c.obj
 .debug_macro   0x00001206      0xd23 cmake/stm32cubemx/CMakeFiles/STM32_Drivers.dir/__/__/Core/Src/system_stm32f1xx.c.obj
 .debug_macro   0x00001f29     0xe09e cmake/stm32cubemx/CMakeFiles/STM32_Drivers.dir/__/__/Core/Src/system_stm32f1xx.c.obj
 .debug_macro   0x0000ffc7       0x6d cmake/stm32cubemx/CMakeFiles/STM32_Drivers.dir/__/__/Core/Src/system_stm32f1xx.c.obj
 .debug_macro   0x00010034      0x21b cmake/stm32cubemx/CMakeFiles/STM32_Drivers.dir/__/__/Core/Src/system_stm32f1xx.c.obj
 .debug_macro   0x0001024f     0x34a2 cmake/stm32cubemx/CMakeFiles/STM32_Drivers.dir/__/__/Core/Src/system_stm32f1xx.c.obj
 .debug_macro   0x000136f1      0x190 cmake/stm32cubemx/CMakeFiles/STM32_Drivers.dir/__/__/Core/Src/system_stm32f1xx.c.obj
 .debug_macro   0x00013881       0x5c cmake/stm32cubemx/CMakeFiles/STM32_Drivers.dir/__/__/Core/Src/system_stm32f1xx.c.obj
 .debug_macro   0x000138dd      0x5bc cmake/stm32cubemx/CMakeFiles/STM32_Drivers.dir/__/__/Core/Src/system_stm32f1xx.c.obj
 .debug_macro   0x00013e99      0x289 cmake/stm32cubemx/CMakeFiles/STM32_Drivers.dir/__/__/Core/Src/system_stm32f1xx.c.obj
 .debug_macro   0x00014122      0x1cb cmake/stm32cubemx/CMakeFiles/STM32_Drivers.dir/__/__/Core/Src/system_stm32f1xx.c.obj
 .debug_macro   0x000142ed      0x114 cmake/stm32cubemx/CMakeFiles/STM32_Drivers.dir/__/__/Core/Src/system_stm32f1xx.c.obj
 .debug_macro   0x00014401      0x1b2 cmake/stm32cubemx/CMakeFiles/STM32_Drivers.dir/__/__/Core/Src/system_stm32f1xx.c.obj
 .debug_macro   0x000145b3       0x27 cmake/stm32cubemx/CMakeFiles/STM32_Drivers.dir/__/__/Core/Src/system_stm32f1xx.c.obj
 .debug_macro   0x000145da      0x136 cmake/stm32cubemx/CMakeFiles/STM32_Drivers.dir/__/__/Core/Src/system_stm32f1xx.c.obj
 .debug_macro   0x00014710      0x1bc cmake/stm32cubemx/CMakeFiles/STM32_Drivers.dir/__/__/Core/Src/system_stm32f1xx.c.obj
 .debug_macro   0x000148cc       0x34 cmake/stm32cubemx/CMakeFiles/STM32_Drivers.dir/__/__/Core/Src/system_stm32f1xx.c.obj
 .debug_macro   0x00014900       0x3c cmake/stm32cubemx/CMakeFiles/STM32_Drivers.dir/__/__/Core/Src/system_stm32f1xx.c.obj
 .debug_macro   0x0001493c       0x57 cmake/stm32cubemx/CMakeFiles/STM32_Drivers.dir/__/__/Core/Src/system_stm32f1xx.c.obj
 .debug_macro   0x00014993      0x46a cmake/stm32cubemx/CMakeFiles/STM32_Drivers.dir/__/__/Core/Src/system_stm32f1xx.c.obj
 .debug_macro   0x00014dfd      0x1b5 cmake/stm32cubemx/CMakeFiles/STM32_Drivers.dir/__/__/Core/Src/system_stm32f1xx.c.obj
 .debug_macro   0x00014fb2       0x87 cmake/stm32cubemx/CMakeFiles/STM32_Drivers.dir/__/__/Core/Src/system_stm32f1xx.c.obj
 .debug_macro   0x00015039      0x240 cmake/stm32cubemx/CMakeFiles/STM32_Drivers.dir/__/__/Core/Src/system_stm32f1xx.c.obj
 .debug_macro   0x00015279      0x140 cmake/stm32cubemx/CMakeFiles/STM32_Drivers.dir/__/__/Core/Src/system_stm32f1xx.c.obj
 .debug_macro   0x000153b9      0x28e cmake/stm32cubemx/CMakeFiles/STM32_Drivers.dir/__/__/Core/Src/system_stm32f1xx.c.obj
 .debug_macro   0x00015647       0x83 cmake/stm32cubemx/CMakeFiles/STM32_Drivers.dir/__/__/Core/Src/system_stm32f1xx.c.obj
 .debug_macro   0x000156ca      0x1bf cmake/stm32cubemx/CMakeFiles/STM32_Drivers.dir/__/__/Drivers/STM32F1xx_HAL_Driver/Src/stm32f1xx_hal_adc.c.obj
 .debug_macro   0x00015889      0x1b4 cmake/stm32cubemx/CMakeFiles/STM32_Drivers.dir/__/__/Drivers/STM32F1xx_HAL_Driver/Src/stm32f1xx_hal_adc_ex.c.obj
 .debug_macro   0x00015a3d      0x1c6 cmake/stm32cubemx/CMakeFiles/STM32_Drivers.dir/__/__/Drivers/STM32F1xx_HAL_Driver/Src/stm32f1xx_hal.c.obj
 .debug_macro   0x00015c03      0x1b4 cmake/stm32cubemx/CMakeFiles/STM32_Drivers.dir/__/__/Drivers/STM32F1xx_HAL_Driver/Src/stm32f1xx_hal_rcc.c.obj
 .debug_macro   0x00015db7      0x1a2 cmake/stm32cubemx/CMakeFiles/STM32_Drivers.dir/__/__/Drivers/STM32F1xx_HAL_Driver/Src/stm32f1xx_hal_rcc_ex.c.obj
 .debug_macro   0x00015f59      0x20d cmake/stm32cubemx/CMakeFiles/STM32_Drivers.dir/__/__/Drivers/STM32F1xx_HAL_Driver/Src/stm32f1xx_hal_gpio.c.obj
 .debug_macro   0x00016166      0x1a2 cmake/stm32cubemx/CMakeFiles/STM32_Drivers.dir/__/__/Drivers/STM32F1xx_HAL_Driver/Src/stm32f1xx_hal_cortex.c.obj
 .debug_macro   0x00016308      0x1a3 cmake/stm32cubemx/CMakeFiles/STM32_Drivers.dir/__/__/Drivers/STM32F1xx_HAL_Driver/Src/stm32f1xx_hal_uart.c.obj
 .debug_macro   0x000164ab      0x1e6 CMakeFiles/stm32f103rbt6_a33.dir/Core/Src/main.c.obj
 .debug_macro   0x00016691       0xdc CMakeFiles/stm32f103rbt6_a33.dir/Core/Src/main.c.obj
 .debug_macro   0x0001676d       0x22 CMakeFiles/stm32f103rbt6_a33.dir/Core/Src/main.c.obj
 .debug_macro   0x0001678f      0x1bb CMakeFiles/stm32f103rbt6_a33.dir/Core/Src/gpio.c.obj
 .debug_macro   0x0001694a      0x1bb CMakeFiles/stm32f103rbt6_a33.dir/Core/Src/adc.c.obj
 .debug_macro   0x00016b05      0x1bb CMakeFiles/stm32f103rbt6_a33.dir/Core/Src/usart.c.obj
 .debug_macro   0x00016cc0      0x1bb CMakeFiles/stm32f103rbt6_a33.dir/Core/Src/stm32f1xx_it.c.obj
 .debug_macro   0x00016e7b      0x1b1 CMakeFiles/stm32f103rbt6_a33.dir/Core/Src/stm32f1xx_hal_msp.c.obj
 .debug_macro   0x0001702c       0xec CMakeFiles/stm32f103rbt6_a33.dir/App/app_main.c.obj
 .debug_macro   0x00017118       0x70 CMakeFiles/stm32f103rbt6_a33.dir/App/app_main.c.obj
 .debug_macro   0x00017188      0x15c CMakeFiles/stm32f103rbt6_a33.dir/App/system_context.c.obj
 .debug_macro   0x000172e4       0x74 CMakeFiles/stm32f103rbt6_a33.dir/App/system_context.c.obj
 .debug_macro   0x00017358       0x10 CMakeFiles/stm32f103rbt6_a33.dir/App/system_context.c.obj
 .debug_macro   0x00017368       0x20 CMakeFiles/stm32f103rbt6_a33.dir/App/system_context.c.obj
 .debug_macro   0x00017388       0x37 CMakeFiles/stm32f103rbt6_a33.dir/BSP/bsp_board.c.obj
 .debug_macro   0x000173bf      0x1d7 CMakeFiles/stm32f103rbt6_a33.dir/BSP/bsp_gpio.c.obj
 .debug_macro   0x00017596      0x1b5 CMakeFiles/stm32f103rbt6_a33.dir/BSP/bsp_time.c.obj
 .debug_macro   0x0001774b      0x14d CMakeFiles/stm32f103rbt6_a33.dir/Config/default_config.c.obj
 .debug_macro   0x00017898       0x97 CMakeFiles/stm32f103rbt6_a33.dir/Services/config_store/config_store.c.obj
 .debug_macro   0x0001792f       0x88 CMakeFiles/stm32f103rbt6_a33.dir/Services/event_queue/event_queue.c.obj
 .debug_macro   0x000179b7       0x76 CMakeFiles/stm32f103rbt6_a33.dir/Services/fault_manager/fault_manager.c.obj
 .debug_macro   0x00017a2d       0x92 CMakeFiles/stm32f103rbt6_a33.dir/Services/scheduler/scheduler.c.obj

.debug_line     0x00000000     0xdfc2
 .debug_line    0x00000000      0x749 cmake/stm32cubemx/CMakeFiles/STM32_Drivers.dir/__/__/Core/Src/system_stm32f1xx.c.obj
 .debug_line    0x00000749      0xf9f cmake/stm32cubemx/CMakeFiles/STM32_Drivers.dir/__/__/Drivers/STM32F1xx_HAL_Driver/Src/stm32f1xx_hal_adc.c.obj
 .debug_line    0x000016e8      0xcc1 cmake/stm32cubemx/CMakeFiles/STM32_Drivers.dir/__/__/Drivers/STM32F1xx_HAL_Driver/Src/stm32f1xx_hal_adc_ex.c.obj
 .debug_line    0x000023a9      0x97a cmake/stm32cubemx/CMakeFiles/STM32_Drivers.dir/__/__/Drivers/STM32F1xx_HAL_Driver/Src/stm32f1xx_hal.c.obj
 .debug_line    0x00002d23      0xe33 cmake/stm32cubemx/CMakeFiles/STM32_Drivers.dir/__/__/Drivers/STM32F1xx_HAL_Driver/Src/stm32f1xx_hal_rcc.c.obj
 .debug_line    0x00003b56      0x8e4 cmake/stm32cubemx/CMakeFiles/STM32_Drivers.dir/__/__/Drivers/STM32F1xx_HAL_Driver/Src/stm32f1xx_hal_rcc_ex.c.obj
 .debug_line    0x0000443a      0x9d7 cmake/stm32cubemx/CMakeFiles/STM32_Drivers.dir/__/__/Drivers/STM32F1xx_HAL_Driver/Src/stm32f1xx_hal_gpio.c.obj
 .debug_line    0x00004e11      0xb44 cmake/stm32cubemx/CMakeFiles/STM32_Drivers.dir/__/__/Drivers/STM32F1xx_HAL_Driver/Src/stm32f1xx_hal_cortex.c.obj
 .debug_line    0x00005955     0x2496 cmake/stm32cubemx/CMakeFiles/STM32_Drivers.dir/__/__/Drivers/STM32F1xx_HAL_Driver/Src/stm32f1xx_hal_uart.c.obj
 .debug_line    0x00007deb      0x7df CMakeFiles/stm32f103rbt6_a33.dir/Core/Src/main.c.obj
 .debug_line    0x000085ca      0x70e CMakeFiles/stm32f103rbt6_a33.dir/Core/Src/gpio.c.obj
 .debug_line    0x00008cd8      0x742 CMakeFiles/stm32f103rbt6_a33.dir/Core/Src/adc.c.obj
 .debug_line    0x0000941a      0x7b2 CMakeFiles/stm32f103rbt6_a33.dir/Core/Src/usart.c.obj
 .debug_line    0x00009bcc      0x779 CMakeFiles/stm32f103rbt6_a33.dir/Core/Src/stm32f1xx_it.c.obj
 .debug_line    0x0000a345      0x6cb CMakeFiles/stm32f103rbt6_a33.dir/Core/Src/stm32f1xx_hal_msp.c.obj
 .debug_line    0x0000aa10       0x78 CMakeFiles/stm32f103rbt6_a33.dir/startup_stm32f103xb.s.obj
 .debug_line    0x0000aa88      0x6d9 CMakeFiles/stm32f103rbt6_a33.dir/App/app_main.c.obj
 .debug_line    0x0000b161      0x44d CMakeFiles/stm32f103rbt6_a33.dir/App/system_context.c.obj
 .debug_line    0x0000b5ae      0x14f CMakeFiles/stm32f103rbt6_a33.dir/BSP/bsp_board.c.obj
 .debug_line    0x0000b6fd      0x91f CMakeFiles/stm32f103rbt6_a33.dir/BSP/bsp_gpio.c.obj
 .debug_line    0x0000c01c      0x6e4 CMakeFiles/stm32f103rbt6_a33.dir/BSP/bsp_time.c.obj
 .debug_line    0x0000c700      0x3eb CMakeFiles/stm32f103rbt6_a33.dir/Config/default_config.c.obj
 .debug_line    0x0000caeb      0x37e CMakeFiles/stm32f103rbt6_a33.dir/Services/config_store/config_store.c.obj
 .debug_line    0x0000ce69      0x3ca CMakeFiles/stm32f103rbt6_a33.dir/Services/event_queue/event_queue.c.obj
 .debug_line    0x0000d233      0x38f CMakeFiles/stm32f103rbt6_a33.dir/Services/fault_manager/fault_manager.c.obj
 .debug_line    0x0000d5c2      0x516 CMakeFiles/stm32f103rbt6_a33.dir/Services/scheduler/scheduler.c.obj
 .debug_line    0x0000dad8      0x17e E:/ST/STM32CubeCLT_1.18.0/GNU-tools-for-STM32/bin/../lib/gcc/arm-none-eabi/13.3.1/../../../../arm-none-eabi/lib/thumb/v7-m/nofp\libg_nano.a(libc_a-memset.o)
 .debug_line    0x0000dc56      0x165 E:/ST/STM32CubeCLT_1.18.0/GNU-tools-for-STM32/bin/../lib/gcc/arm-none-eabi/13.3.1/../../../../arm-none-eabi/lib/thumb/v7-m/nofp\libg_nano.a(libc_a-init.o)
 .debug_line    0x0000ddbb      0x207 E:/ST/STM32CubeCLT_1.18.0/GNU-tools-for-STM32/bin/../lib/gcc/arm-none-eabi/13.3.1/../../../../arm-none-eabi/lib/thumb/v7-m/nofp\libg_nano.a(libc_a-memcpy-stub.o)

.debug_str      0x00000000    0x880bf
 .debug_str     0x00000000    0x880bf cmake/stm32cubemx/CMakeFiles/STM32_Drivers.dir/__/__/Core/Src/system_stm32f1xx.c.obj
                              0x81450 (size before relaxing)
 .debug_str     0x000880bf    0x81b34 cmake/stm32cubemx/CMakeFiles/STM32_Drivers.dir/__/__/Drivers/STM32F1xx_HAL_Driver/Src/stm32f1xx_hal_adc.c.obj
 .debug_str     0x000880bf    0x81b04 cmake/stm32cubemx/CMakeFiles/STM32_Drivers.dir/__/__/Drivers/STM32F1xx_HAL_Driver/Src/stm32f1xx_hal_adc_ex.c.obj
 .debug_str     0x000880bf    0x81b83 cmake/stm32cubemx/CMakeFiles/STM32_Drivers.dir/__/__/Drivers/STM32F1xx_HAL_Driver/Src/stm32f1xx_hal.c.obj
 .debug_str     0x000880bf    0x8187f cmake/stm32cubemx/CMakeFiles/STM32_Drivers.dir/__/__/Drivers/STM32F1xx_HAL_Driver/Src/stm32f1xx_hal_rcc.c.obj
 .debug_str     0x000880bf    0x815cf cmake/stm32cubemx/CMakeFiles/STM32_Drivers.dir/__/__/Drivers/STM32F1xx_HAL_Driver/Src/stm32f1xx_hal_rcc_ex.c.obj
 .debug_str     0x000880bf    0x817d6 cmake/stm32cubemx/CMakeFiles/STM32_Drivers.dir/__/__/Drivers/STM32F1xx_HAL_Driver/Src/stm32f1xx_hal_gpio.c.obj
 .debug_str     0x000880bf    0x81acf cmake/stm32cubemx/CMakeFiles/STM32_Drivers.dir/__/__/Drivers/STM32F1xx_HAL_Driver/Src/stm32f1xx_hal_cortex.c.obj
 .debug_str     0x000880bf    0x81ef0 cmake/stm32cubemx/CMakeFiles/STM32_Drivers.dir/__/__/Drivers/STM32F1xx_HAL_Driver/Src/stm32f1xx_hal_uart.c.obj
 .debug_str     0x000880bf    0x81d99 CMakeFiles/stm32f103rbt6_a33.dir/Core/Src/main.c.obj
 .debug_str     0x000880bf    0x81849 CMakeFiles/stm32f103rbt6_a33.dir/Core/Src/gpio.c.obj
 .debug_str     0x000880bf    0x81bee CMakeFiles/stm32f103rbt6_a33.dir/Core/Src/adc.c.obj
 .debug_str     0x000880bf    0x81cac CMakeFiles/stm32f103rbt6_a33.dir/Core/Src/usart.c.obj
 .debug_str     0x000880bf    0x817e6 CMakeFiles/stm32f103rbt6_a33.dir/Core/Src/stm32f1xx_it.c.obj
 .debug_str     0x000880bf    0x817d1 CMakeFiles/stm32f103rbt6_a33.dir/Core/Src/stm32f1xx_hal_msp.c.obj
 .debug_str     0x000880bf       0x92 CMakeFiles/stm32f103rbt6_a33.dir/startup_stm32f103xb.s.obj
 .debug_str     0x000880bf     0x5089 CMakeFiles/stm32f103rbt6_a33.dir/App/app_main.c.obj
 .debug_str     0x000880bf     0x765c CMakeFiles/stm32f103rbt6_a33.dir/App/system_context.c.obj
 .debug_str     0x000880bf     0x30b6 CMakeFiles/stm32f103rbt6_a33.dir/BSP/bsp_board.c.obj
 .debug_str     0x000880bf    0x81bf2 CMakeFiles/stm32f103rbt6_a33.dir/BSP/bsp_gpio.c.obj
 .debug_str     0x000880bf    0x8142f CMakeFiles/stm32f103rbt6_a33.dir/BSP/bsp_time.c.obj
 .debug_str     0x000880bf     0x765a CMakeFiles/stm32f103rbt6_a33.dir/Config/default_config.c.obj
 .debug_str     0x000880bf     0x495d CMakeFiles/stm32f103rbt6_a33.dir/Services/config_store/config_store.c.obj
 .debug_str     0x000880bf     0x44ff CMakeFiles/stm32f103rbt6_a33.dir/Services/event_queue/event_queue.c.obj
 .debug_str     0x000880bf     0x3f4e CMakeFiles/stm32f103rbt6_a33.dir/Services/fault_manager/fault_manager.c.obj
 .debug_str     0x000880bf     0x448c CMakeFiles/stm32f103rbt6_a33.dir/Services/scheduler/scheduler.c.obj
 .debug_str     0x000880bf      0x209 E:/ST/STM32CubeCLT_1.18.0/GNU-tools-for-STM32/bin/../lib/gcc/arm-none-eabi/13.3.1/../../../../arm-none-eabi/lib/thumb/v7-m/nofp\libg_nano.a(libc_a-memset.o)
 .debug_str     0x000880bf      0x26a E:/ST/STM32CubeCLT_1.18.0/GNU-tools-for-STM32/bin/../lib/gcc/arm-none-eabi/13.3.1/../../../../arm-none-eabi/lib/thumb/v7-m/nofp\libg_nano.a(libc_a-init.o)
 .debug_str     0x000880bf      0x227 E:/ST/STM32CubeCLT_1.18.0/GNU-tools-for-STM32/bin/../lib/gcc/arm-none-eabi/13.3.1/../../../../arm-none-eabi/lib/thumb/v7-m/nofp\libg_nano.a(libc_a-memcpy-stub.o)

.debug_frame    0x00000000     0x26fc
 .debug_frame   0x00000000       0x58 cmake/stm32cubemx/CMakeFiles/STM32_Drivers.dir/__/__/Core/Src/system_stm32f1xx.c.obj
 .debug_frame   0x00000058      0x40c cmake/stm32cubemx/CMakeFiles/STM32_Drivers.dir/__/__/Drivers/STM32F1xx_HAL_Driver/Src/stm32f1xx_hal_adc.c.obj
 .debug_frame   0x00000464      0x200 cmake/stm32cubemx/CMakeFiles/STM32_Drivers.dir/__/__/Drivers/STM32F1xx_HAL_Driver/Src/stm32f1xx_hal_adc_ex.c.obj
 .debug_frame   0x00000664      0x334 cmake/stm32cubemx/CMakeFiles/STM32_Drivers.dir/__/__/Drivers/STM32F1xx_HAL_Driver/Src/stm32f1xx_hal.c.obj
 .debug_frame   0x00000998      0x218 cmake/stm32cubemx/CMakeFiles/STM32_Drivers.dir/__/__/Drivers/STM32F1xx_HAL_Driver/Src/stm32f1xx_hal_rcc.c.obj
 .debug_frame   0x00000bb0       0x80 cmake/stm32cubemx/CMakeFiles/STM32_Drivers.dir/__/__/Drivers/STM32F1xx_HAL_Driver/Src/stm32f1xx_hal_rcc_ex.c.obj
 .debug_frame   0x00000c30      0x14c cmake/stm32cubemx/CMakeFiles/STM32_Drivers.dir/__/__/Drivers/STM32F1xx_HAL_Driver/Src/stm32f1xx_hal_gpio.c.obj
 .debug_frame   0x00000d7c      0x428 cmake/stm32cubemx/CMakeFiles/STM32_Drivers.dir/__/__/Drivers/STM32F1xx_HAL_Driver/Src/stm32f1xx_hal_cortex.c.obj
 .debug_frame   0x000011a4      0x944 cmake/stm32cubemx/CMakeFiles/STM32_Drivers.dir/__/__/Drivers/STM32F1xx_HAL_Driver/Src/stm32f1xx_hal_uart.c.obj
 .debug_frame   0x00001ae8       0x68 CMakeFiles/stm32f103rbt6_a33.dir/Core/Src/main.c.obj
 .debug_frame   0x00001b50       0x34 CMakeFiles/stm32f103rbt6_a33.dir/Core/Src/gpio.c.obj
 .debug_frame   0x00001b84       0x7c CMakeFiles/stm32f103rbt6_a33.dir/Core/Src/adc.c.obj
 .debug_frame   0x00001c00       0x90 CMakeFiles/stm32f103rbt6_a33.dir/Core/Src/usart.c.obj
 .debug_frame   0x00001c90      0x104 CMakeFiles/stm32f103rbt6_a33.dir/Core/Src/stm32f1xx_it.c.obj
 .debug_frame   0x00001d94       0x38 CMakeFiles/stm32f103rbt6_a33.dir/Core/Src/stm32f1xx_hal_msp.c.obj
 .debug_frame   0x00001dcc      0x190 CMakeFiles/stm32f103rbt6_a33.dir/App/app_main.c.obj
 .debug_frame   0x00001f5c       0x9c CMakeFiles/stm32f103rbt6_a33.dir/App/system_context.c.obj
 .debug_frame   0x00001ff8       0x48 CMakeFiles/stm32f103rbt6_a33.dir/BSP/bsp_board.c.obj
 .debug_frame   0x00002040      0x284 CMakeFiles/stm32f103rbt6_a33.dir/BSP/bsp_gpio.c.obj
 .debug_frame   0x000022c4       0x54 CMakeFiles/stm32f103rbt6_a33.dir/BSP/bsp_time.c.obj
 .debug_frame   0x00002318       0x34 CMakeFiles/stm32f103rbt6_a33.dir/Config/default_config.c.obj
 .debug_frame   0x0000234c       0xa4 CMakeFiles/stm32f103rbt6_a33.dir/Services/config_store/config_store.c.obj
 .debug_frame   0x000023f0       0xc8 CMakeFiles/stm32f103rbt6_a33.dir/Services/event_queue/event_queue.c.obj
 .debug_frame   0x000024b8       0xe4 CMakeFiles/stm32f103rbt6_a33.dir/Services/fault_manager/fault_manager.c.obj
 .debug_frame   0x0000259c       0xec CMakeFiles/stm32f103rbt6_a33.dir/Services/scheduler/scheduler.c.obj
 .debug_frame   0x00002688       0x20 E:/ST/STM32CubeCLT_1.18.0/GNU-tools-for-STM32/bin/../lib/gcc/arm-none-eabi/13.3.1/../../../../arm-none-eabi/lib/thumb/v7-m/nofp\libg_nano.a(libc_a-memset.o)
 .debug_frame   0x000026a8       0x2c E:/ST/STM32CubeCLT_1.18.0/GNU-tools-for-STM32/bin/../lib/gcc/arm-none-eabi/13.3.1/../../../../arm-none-eabi/lib/thumb/v7-m/nofp\libg_nano.a(libc_a-init.o)
 .debug_frame   0x000026d4       0x28 E:/ST/STM32CubeCLT_1.18.0/GNU-tools-for-STM32/bin/../lib/gcc/arm-none-eabi/13.3.1/../../../../arm-none-eabi/lib/thumb/v7-m/nofp\libg_nano.a(libc_a-memcpy-stub.o)

.debug_line_str
                0x00000000       0x76
 .debug_line_str
                0x00000000       0x76 CMakeFiles/stm32f103rbt6_a33.dir/startup_stm32f103xb.s.obj

.debug_loclists
                0x00000000      0x11c
 .debug_loclists
                0x00000000       0x3b E:/ST/STM32CubeCLT_1.18.0/GNU-tools-for-STM32/bin/../lib/gcc/arm-none-eabi/13.3.1/../../../../arm-none-eabi/lib/thumb/v7-m/nofp\libg_nano.a(libc_a-memset.o)
 .debug_loclists
                0x0000003b       0x34 E:/ST/STM32CubeCLT_1.18.0/GNU-tools-for-STM32/bin/../lib/gcc/arm-none-eabi/13.3.1/../../../../arm-none-eabi/lib/thumb/v7-m/nofp\libg_nano.a(libc_a-init.o)
 .debug_loclists
                0x0000006f       0xad E:/ST/STM32CubeCLT_1.18.0/GNU-tools-for-STM32/bin/../lib/gcc/arm-none-eabi/13.3.1/../../../../arm-none-eabi/lib/thumb/v7-m/nofp\libg_nano.a(libc_a-memcpy-stub.o)
