Archive member included to satisfy reference by file (symbol)

E:/ST/STM32CubeCLT_1.18.0/GNU-tools-for-STM32/bin/../lib/gcc/arm-none-eabi/13.3.1/thumb/v7-m/nofp\libgcc.a(_aeabi_ldivmod.o)
                              CMakeFiles/stm32f103rbt6_a33.dir/BSP/bsp_adc.c.obj (__aeabi_ldivmod)
E:/ST/STM32CubeCLT_1.18.0/GNU-tools-for-STM32/bin/../lib/gcc/arm-none-eabi/13.3.1/thumb/v7-m/nofp\libgcc.a(_aeabi_uldivmod.o)
                              CMakeFiles/stm32f103rbt6_a33.dir/BSP/bsp_adc.c.obj (__aeabi_uldivmod)
E:/ST/STM32CubeCLT_1.18.0/GNU-tools-for-STM32/bin/../lib/gcc/arm-none-eabi/13.3.1/thumb/v7-m/nofp\libgcc.a(_udivmoddi4.o)
                              E:/ST/STM32CubeCLT_1.18.0/GNU-tools-for-STM32/bin/../lib/gcc/arm-none-eabi/13.3.1/thumb/v7-m/nofp\libgcc.a(_aeabi_ldivmod.o) (__udivmoddi4)
E:/ST/STM32CubeCLT_1.18.0/GNU-tools-for-STM32/bin/../lib/gcc/arm-none-eabi/13.3.1/thumb/v7-m/nofp\libgcc.a(_dvmd_tls.o)
                              E:/ST/STM32CubeCLT_1.18.0/GNU-tools-for-STM32/bin/../lib/gcc/arm-none-eabi/13.3.1/thumb/v7-m/nofp\libgcc.a(_aeabi_ldivmod.o) (__aeabi_ldiv0)
E:/ST/STM32CubeCLT_1.18.0/GNU-tools-for-STM32/bin/../lib/gcc/arm-none-eabi/13.3.1/../../../../arm-none-eabi/lib/thumb/v7-m/nofp\libg_nano.a(libc_a-exit.o)
                              E:/ST/STM32CubeCLT_1.18.0/GNU-tools-for-STM32/bin/../lib/gcc/arm-none-eabi/13.3.1/../../../../arm-none-eabi/lib/thumb/v7-m/nofp/crt0.o (exit)
E:/ST/STM32CubeCLT_1.18.0/GNU-tools-for-STM32/bin/../lib/gcc/arm-none-eabi/13.3.1/../../../../arm-none-eabi/lib/thumb/v7-m/nofp\libg_nano.a(libc_a-findfp.o)
                              E:/ST/STM32CubeCLT_1.18.0/GNU-tools-for-STM32/bin/../lib/gcc/arm-none-eabi/13.3.1/../../../../arm-none-eabi/lib/thumb/v7-m/nofp\libg_nano.a(libc_a-exit.o) (__stdio_exit_handler)
E:/ST/STM32CubeCLT_1.18.0/GNU-tools-for-STM32/bin/../lib/gcc/arm-none-eabi/13.3.1/../../../../arm-none-eabi/lib/thumb/v7-m/nofp\libg_nano.a(libc_a-fwalk.o)
                              E:/ST/STM32CubeCLT_1.18.0/GNU-tools-for-STM32/bin/../lib/gcc/arm-none-eabi/13.3.1/../../../../arm-none-eabi/lib/thumb/v7-m/nofp\libg_nano.a(libc_a-findfp.o) (_fwalk_sglue)
E:/ST/STM32CubeCLT_1.18.0/GNU-tools-for-STM32/bin/../lib/gcc/arm-none-eabi/13.3.1/../../../../arm-none-eabi/lib/thumb/v7-m/nofp\libg_nano.a(libc_a-stdio.o)
                              E:/ST/STM32CubeCLT_1.18.0/GNU-tools-for-STM32/bin/../lib/gcc/arm-none-eabi/13.3.1/../../../../arm-none-eabi/lib/thumb/v7-m/nofp\libg_nano.a(libc_a-findfp.o) (__sread)
E:/ST/STM32CubeCLT_1.18.0/GNU-tools-for-STM32/bin/../lib/gcc/arm-none-eabi/13.3.1/../../../../arm-none-eabi/lib/thumb/v7-m/nofp\libg_nano.a(libc_a-memset.o)
                              E:/ST/STM32CubeCLT_1.18.0/GNU-tools-for-STM32/bin/../lib/gcc/arm-none-eabi/13.3.1/../../../../arm-none-eabi/lib/thumb/v7-m/nofp/crt0.o (memset)
E:/ST/STM32CubeCLT_1.18.0/GNU-tools-for-STM32/bin/../lib/gcc/arm-none-eabi/13.3.1/../../../../arm-none-eabi/lib/thumb/v7-m/nofp\libg_nano.a(libc_a-closer.o)
                              E:/ST/STM32CubeCLT_1.18.0/GNU-tools-for-STM32/bin/../lib/gcc/arm-none-eabi/13.3.1/../../../../arm-none-eabi/lib/thumb/v7-m/nofp\libg_nano.a(libc_a-stdio.o) (_close_r)
E:/ST/STM32CubeCLT_1.18.0/GNU-tools-for-STM32/bin/../lib/gcc/arm-none-eabi/13.3.1/../../../../arm-none-eabi/lib/thumb/v7-m/nofp\libg_nano.a(libc_a-reent.o)
                              E:/ST/STM32CubeCLT_1.18.0/GNU-tools-for-STM32/bin/../lib/gcc/arm-none-eabi/13.3.1/../../../../arm-none-eabi/lib/thumb/v7-m/nofp\libg_nano.a(libc_a-closer.o) (errno)
E:/ST/STM32CubeCLT_1.18.0/GNU-tools-for-STM32/bin/../lib/gcc/arm-none-eabi/13.3.1/../../../../arm-none-eabi/lib/thumb/v7-m/nofp\libg_nano.a(libc_a-impure.o)
                              E:/ST/STM32CubeCLT_1.18.0/GNU-tools-for-STM32/bin/../lib/gcc/arm-none-eabi/13.3.1/../../../../arm-none-eabi/lib/thumb/v7-m/nofp\libg_nano.a(libc_a-reent.o) (_impure_ptr)
E:/ST/STM32CubeCLT_1.18.0/GNU-tools-for-STM32/bin/../lib/gcc/arm-none-eabi/13.3.1/../../../../arm-none-eabi/lib/thumb/v7-m/nofp\libg_nano.a(libc_a-lseekr.o)
                              E:/ST/STM32CubeCLT_1.18.0/GNU-tools-for-STM32/bin/../lib/gcc/arm-none-eabi/13.3.1/../../../../arm-none-eabi/lib/thumb/v7-m/nofp\libg_nano.a(libc_a-stdio.o) (_lseek_r)
E:/ST/STM32CubeCLT_1.18.0/GNU-tools-for-STM32/bin/../lib/gcc/arm-none-eabi/13.3.1/../../../../arm-none-eabi/lib/thumb/v7-m/nofp\libg_nano.a(libc_a-readr.o)
                              E:/ST/STM32CubeCLT_1.18.0/GNU-tools-for-STM32/bin/../lib/gcc/arm-none-eabi/13.3.1/../../../../arm-none-eabi/lib/thumb/v7-m/nofp\libg_nano.a(libc_a-stdio.o) (_read_r)
E:/ST/STM32CubeCLT_1.18.0/GNU-tools-for-STM32/bin/../lib/gcc/arm-none-eabi/13.3.1/../../../../arm-none-eabi/lib/thumb/v7-m/nofp\libg_nano.a(libc_a-writer.o)
                              E:/ST/STM32CubeCLT_1.18.0/GNU-tools-for-STM32/bin/../lib/gcc/arm-none-eabi/13.3.1/../../../../arm-none-eabi/lib/thumb/v7-m/nofp\libg_nano.a(libc_a-stdio.o) (_write_r)
[...]
Memory Configuration

Name             Origin             Length             Attributes
RAM              0x20000000         0x00005000         xrw
FLASH            0x08000000         0x00020000         xr
*default*        0x00000000         0xffffffff

Linker script and memory map

LOAD E:/ST/STM32CubeCLT_1.18.0/GNU-tools-for-STM32/bin/../lib/gcc/arm-none-eabi/13.3.1/thumb/v7-m/nofp/crti.o
LOAD E:/ST/STM32CubeCLT_1.18.0/GNU-tools-for-STM32/bin/../lib/gcc/arm-none-eabi/13.3.1/thumb/v7-m/nofp/crtbegin.o
LOAD E:/ST/STM32CubeCLT_1.18.0/GNU-tools-for-STM32/bin/../lib/gcc/arm-none-eabi/13.3.1/../../../../arm-none-eabi/lib/thumb/v7-m/nofp/crt0.o
LOAD cmake/stm32cubemx/CMakeFiles/STM32_Drivers.dir/__/__/Core/Src/system_stm32f1xx.c.obj
LOAD cmake/stm32cubemx/CMakeFiles/STM32_Drivers.dir/__/__/Drivers/STM32F1xx_HAL_Driver/Src/stm32f1xx_hal_gpio_ex.c.obj
LOAD cmake/stm32cubemx/CMakeFiles/STM32_Drivers.dir/__/__/Drivers/STM32F1xx_HAL_Driver/Src/stm32f1xx_hal_adc.c.obj
LOAD cmake/stm32cubemx/CMakeFiles/STM32_Drivers.dir/__/__/Drivers/STM32F1xx_HAL_Driver/Src/stm32f1xx_hal_adc_ex.c.obj
LOAD cmake/stm32cubemx/CMakeFiles/STM32_Drivers.dir/__/__/Drivers/STM32F1xx_HAL_Driver/Src/stm32f1xx_hal.c.obj
LOAD cmake/stm32cubemx/CMakeFiles/STM32_Drivers.dir/__/__/Drivers/STM32F1xx_HAL_Driver/Src/stm32f1xx_hal_rcc.c.obj
LOAD cmake/stm32cubemx/CMakeFiles/STM32_Drivers.dir/__/__/Drivers/STM32F1xx_HAL_Driver/Src/stm32f1xx_hal_rcc_ex.c.obj
LOAD cmake/stm32cubemx/CMakeFiles/STM32_Drivers.dir/__/__/Drivers/STM32F1xx_HAL_Driver/Src/stm32f1xx_hal_gpio.c.obj
LOAD cmake/stm32cubemx/CMakeFiles/STM32_Drivers.dir/__/__/Drivers/STM32F1xx_HAL_Driver/Src/stm32f1xx_hal_dma.c.obj
LOAD cmake/stm32cubemx/CMakeFiles/STM32_Drivers.dir/__/__/Drivers/STM32F1xx_HAL_Driver/Src/stm32f1xx_hal_cortex.c.obj
LOAD cmake/stm32cubemx/CMakeFiles/STM32_Drivers.dir/__/__/Drivers/STM32F1xx_HAL_Driver/Src/stm32f1xx_hal_pwr.c.obj
LOAD cmake/stm32cubemx/CMakeFiles/STM32_Drivers.dir/__/__/Drivers/STM32F1xx_HAL_Driver/Src/stm32f1xx_hal_flash.c.obj
LOAD cmake/stm32cubemx/CMakeFiles/STM32_Drivers.dir/__/__/Drivers/STM32F1xx_HAL_Driver/Src/stm32f1xx_hal_flash_ex.c.obj
LOAD cmake/stm32cubemx/CMakeFiles/STM32_Drivers.dir/__/__/Drivers/STM32F1xx_HAL_Driver/Src/stm32f1xx_hal_exti.c.obj
LOAD cmake/stm32cubemx/CMakeFiles/STM32_Drivers.dir/__/__/Drivers/STM32F1xx_HAL_Driver/Src/stm32f1xx_hal_uart.c.obj
LOAD CMakeFiles/stm32f103rbt6_a33.dir/Core/Src/main.c.obj
LOAD CMakeFiles/stm32f103rbt6_a33.dir/Core/Src/gpio.c.obj
LOAD CMakeFiles/stm32f103rbt6_a33.dir/Core/Src/adc.c.obj
LOAD CMakeFiles/stm32f103rbt6_a33.dir/Core/Src/usart.c.obj
LOAD CMakeFiles/stm32f103rbt6_a33.dir/Core/Src/stm32f1xx_it.c.obj
LOAD CMakeFiles/stm32f103rbt6_a33.dir/Core/Src/stm32f1xx_hal_msp.c.obj
LOAD CMakeFiles/stm32f103rbt6_a33.dir/Core/Src/sysmem.c.obj
LOAD CMakeFiles/stm32f103rbt6_a33.dir/Core/Src/syscalls.c.obj
LOAD CMakeFiles/stm32f103rbt6_a33.dir/startup_stm32f103xb.s.obj
LOAD CMakeFiles/stm32f103rbt6_a33.dir/App/app_main.c.obj
LOAD CMakeFiles/stm32f103rbt6_a33.dir/App/device_manager.c.obj
LOAD CMakeFiles/stm32f103rbt6_a33.dir/App/measurement_bridge.c.obj
LOAD CMakeFiles/stm32f103rbt6_a33.dir/App/system_context.c.obj
LOAD CMakeFiles/stm32f103rbt6_a33.dir/BSP/bsp_adc.c.obj
LOAD CMakeFiles/stm32f103rbt6_a33.dir/BSP/bsp_board.c.obj
LOAD CMakeFiles/stm32f103rbt6_a33.dir/BSP/bsp_gpio.c.obj
LOAD CMakeFiles/stm32f103rbt6_a33.dir/BSP/bsp_time.c.obj
LOAD CMakeFiles/stm32f103rbt6_a33.dir/BSP/bsp_uart.c.obj
LOAD CMakeFiles/stm32f103rbt6_a33.dir/Config/default_config.c.obj
LOAD CMakeFiles/stm32f103rbt6_a33.dir/Diagnostics/stage2a_driver_diagnostics.c.obj
LOAD CMakeFiles/stm32f103rbt6_a33.dir/Diagnostics/stage2b_board_diagnostics.c.obj
LOAD CMakeFiles/stm32f103rbt6_a33.dir/Diagnostics/stage2b_display_font.c.obj
LOAD CMakeFiles/stm32f103rbt6_a33.dir/Domain/measurement/raw_measurement.c.obj
LOAD CMakeFiles/stm32f103rbt6_a33.dir/Drivers/battery_adc/battery_adc.c.obj
LOAD CMakeFiles/stm32f103rbt6_a33.dir/Drivers/cs1237/cs1237.c.obj
LOAD CMakeFiles/stm32f103rbt6_a33.dir/Drivers/output_gpio/output_gpio.c.obj
LOAD CMakeFiles/stm32f103rbt6_a33.dir/Drivers/tm1628/tm1628.c.obj
LOAD CMakeFiles/stm32f103rbt6_a33.dir/Drivers/tm1628/tm1628_board_map.c.obj
LOAD CMakeFiles/stm32f103rbt6_a33.dir/Drivers/w02/w02_pwrkey.c.obj
LOAD CMakeFiles/stm32f103rbt6_a33.dir/Services/config_store/config_store.c.obj
LOAD CMakeFiles/stm32f103rbt6_a33.dir/Services/event_queue/event_queue.c.obj
LOAD CMakeFiles/stm32f103rbt6_a33.dir/Services/fault_manager/fault_manager.c.obj
LOAD CMakeFiles/stm32f103rbt6_a33.dir/Services/scheduler/scheduler.c.obj
LOAD E:/ST/STM32CubeCLT_1.18.0/GNU-tools-for-STM32/bin/../lib/gcc/arm-none-eabi/13.3.1/../../../../arm-none-eabi/lib/thumb/v7-m/nofp\libm.a
START GROUP
LOAD E:/ST/STM32CubeCLT_1.18.0/GNU-tools-for-STM32/bin/../lib/gcc/arm-none-eabi/13.3.1/thumb/v7-m/nofp\libgcc.a
LOAD E:/ST/STM32CubeCLT_1.18.0/GNU-tools-for-STM32/bin/../lib/gcc/arm-none-eabi/13.3.1/../../../../arm-none-eabi/lib/thumb/v7-m/nofp\libg_nano.a
LOAD E:/ST/STM32CubeCLT_1.18.0/GNU-tools-for-STM32/bin/../lib/gcc/arm-none-eabi/13.3.1/../../../../arm-none-eabi/lib/thumb/v7-m/nofp\libc_nano.a
END GROUP
START GROUP
LOAD E:/ST/STM32CubeCLT_1.18.0/GNU-tools-for-STM32/bin/../lib/gcc/arm-none-eabi/13.3.1/thumb/v7-m/nofp\libgcc.a
LOAD E:/ST/STM32CubeCLT_1.18.0/GNU-tools-for-STM32/bin/../lib/gcc/arm-none-eabi/13.3.1/../../../../arm-none-eabi/lib/thumb/v7-m/nofp\libc_nano.a
END GROUP
LOAD E:/ST/STM32CubeCLT_1.18.0/GNU-tools-for-STM32/bin/../lib/gcc/arm-none-eabi/13.3.1/thumb/v7-m/nofp/crtend.o
LOAD E:/ST/STM32CubeCLT_1.18.0/GNU-tools-for-STM32/bin/../lib/gcc/arm-none-eabi/13.3.1/thumb/v7-m/nofp/crtn.o
                0x20005000                        _estack = (ORIGIN (RAM) + LENGTH (RAM))
                0x00000200                        _Min_Heap_Size = 0x200
                0x00000400                        _Min_Stack_Size = 0x400

.isr_vector     0x08000000      0x10c
                0x08000000                        . = ALIGN (0x4)
 *(.isr_vector)
 .isr_vector    0x08000000      0x10c CMakeFiles/stm32f103rbt6_a33.dir/startup_stm32f103xb.s.obj
                0x08000000                g_pfnVectors
                0x0800010c                        . = ALIGN (0x4)

.text           0x0800010c     0x37e8
                0x0800010c                        . = ALIGN (0x4)
 *(.text)
 .text          0x0800010c       0x40 E:/ST/STM32CubeCLT_1.18.0/GNU-tools-for-STM32/bin/../lib/gcc/arm-none-eabi/13.3.1/thumb/v7-m/nofp/crtbegin.o
 .text          0x0800014c       0xa0 E:/ST/STM32CubeCLT_1.18.0/GNU-tools-for-STM32/bin/../lib/gcc/arm-none-eabi/13.3.1/thumb/v7-m/nofp\libgcc.a(_aeabi_ldivmod.o)
                0x0800014c                __aeabi_ldivmod
 .text          0x080001ec       0x30 E:/ST/STM32CubeCLT_1.18.0/GNU-tools-for-STM32/bin/../lib/gcc/arm-none-eabi/13.3.1/thumb/v7-m/nofp\libgcc.a(_aeabi_uldivmod.o)
                0x080001ec                __aeabi_uldivmod
 .text          0x0800021c      0x300 E:/ST/STM32CubeCLT_1.18.0/GNU-tools-for-STM32/bin/../lib/gcc/arm-none-eabi/13.3.1/thumb/v7-m/nofp\libgcc.a(_udivmoddi4.o)
                0x0800021c                __udivmoddi4
 .text          0x0800051c        0x4 E:/ST/STM32CubeCLT_1.18.0/GNU-tools-for-STM32/bin/../lib/gcc/arm-none-eabi/13.3.1/thumb/v7-m/nofp\libgcc.a(_dvmd_tls.o)
                0x0800051c                __aeabi_idiv0
                0x0800051c                __aeabi_ldiv0
 *(.text*)
 .text.SystemInit
                0x08000520        0x2 cmake/stm32cubemx/CMakeFiles/STM32_Drivers.dir/__/__/Core/Src/system_stm32f1xx.c.obj
                0x08000520                SystemInit
 *fill*         0x08000522        0x2 
 .text.HAL_ADC_PollForConversion
                0x08000524      0x148 cmake/stm32cubemx/CMakeFiles/STM32_Drivers.dir/__/__/Drivers/STM32F1xx_HAL_Driver/Src/stm32f1xx_hal_adc.c.obj
                0x08000524                HAL_ADC_PollForConversion
 .text.HAL_ADC_GetValue
                0x0800066c        0x6 cmake/stm32cubemx/CMakeFiles/STM32_Drivers.dir/__/__/Drivers/STM32F1xx_HAL_Driver/Src/stm32f1xx_hal_adc.c.obj
                0x0800066c                HAL_ADC_GetValue
 *fill*         0x08000672        0x2 
 .text.HAL_ADC_ConfigChannel
                0x08000674       0xfc cmake/stm32cubemx/CMakeFiles/STM32_Drivers.dir/__/__/Drivers/STM32F1xx_HAL_Driver/Src/stm32f1xx_hal_adc.c.obj
                0x08000674                HAL_ADC_ConfigChannel
 .text.ADC_Enable
                0x08000770       0x78 cmake/stm32cubemx/CMakeFiles/STM32_Drivers.dir/__/__/Drivers/STM32F1xx_HAL_Driver/Src/stm32f1xx_hal_adc.c.obj
                0x08000770                ADC_Enable
 .text.HAL_ADC_Start
                0x080007e8       0xc4 cmake/stm32cubemx/CMakeFiles/STM32_Drivers.dir/__/__/Drivers/STM32F1xx_HAL_Driver/Src/stm32f1xx_hal_adc.c.obj
                0x080007e8                HAL_ADC_Start
 .text.ADC_ConversionStop_Disable
                0x080008ac       0x4c cmake/stm32cubemx/CMakeFiles/STM32_Drivers.dir/__/__/Drivers/STM32F1xx_HAL_Driver/Src/stm32f1xx_hal_adc.c.obj
                0x080008ac                ADC_ConversionStop_Disable
 .text.HAL_ADC_Init
                0x080008f8       0xfc cmake/stm32cubemx/CMakeFiles/STM32_Drivers.dir/__/__/Drivers/STM32F1xx_HAL_Driver/Src/stm32f1xx_hal_adc.c.obj
                0x080008f8                HAL_ADC_Init
 .text.HAL_ADC_Stop
                0x080009f4       0x34 cmake/stm32cubemx/CMakeFiles/STM32_Drivers.dir/__/__/Drivers/STM32F1xx_HAL_Driver/Src/stm32f1xx_hal_adc.c.obj
                0x080009f4                HAL_ADC_Stop
 .text.HAL_ADCEx_Calibration_Start
                0x08000a28       0xe0 cmake/stm32cubemx/CMakeFiles/STM32_Drivers.dir/__/__/Drivers/STM32F1xx_HAL_Driver/Src/stm32f1xx_hal_adc_ex.c.obj
                0x08000a28                HAL_ADCEx_Calibration_Start
 .text.HAL_InitTick
                0x08000b08       0x48 cmake/stm32cubemx/CMakeFiles/STM32_Drivers.dir/__/__/Drivers/STM32F1xx_HAL_Driver/Src/stm32f1xx_hal.c.obj
                0x08000b08                HAL_InitTick
 .text.HAL_Init
                0x08000b50       0x24 cmake/stm32cubemx/CMakeFiles/STM32_Drivers.dir/__/__/Drivers/STM32F1xx_HAL_Driver/Src/stm32f1xx_hal.c.obj
                0x08000b50                HAL_Init
 .text.HAL_IncTick
                0x08000b74       0x18 cmake/stm32cubemx/CMakeFiles/STM32_Drivers.dir/__/__/Drivers/STM32F1xx_HAL_Driver/Src/stm32f1xx_hal.c.obj
                0x08000b74                HAL_IncTick
 .text.HAL_GetTick
                0x08000b8c        0xc cmake/stm32cubemx/CMakeFiles/STM32_Drivers.dir/__/__/Drivers/STM32F1xx_HAL_Driver/Src/stm32f1xx_hal.c.obj
                0x08000b8c                HAL_GetTick
 .text.HAL_RCC_OscConfig
                0x08000b98      0x338 cmake/stm32cubemx/CMakeFiles/STM32_Drivers.dir/__/__/Drivers/STM32F1xx_HAL_Driver/Src/stm32f1xx_hal_rcc.c.obj
                0x08000b98                HAL_RCC_OscConfig
 .text.HAL_RCC_GetSysClockFreq
                0x08000ed0       0x4c cmake/stm32cubemx/CMakeFiles/STM32_Drivers.dir/__/__/Drivers/STM32F1xx_HAL_Driver/Src/stm32f1xx_hal_rcc.c.obj
                0x08000ed0                HAL_RCC_GetSysClockFreq
 .text.HAL_RCC_ClockConfig
                0x08000f1c      0x138 cmake/stm32cubemx/CMakeFiles/STM32_Drivers.dir/__/__/Drivers/STM32F1xx_HAL_Driver/Src/stm32f1xx_hal_rcc.c.obj
                0x08000f1c                HAL_RCC_ClockConfig
 .text.HAL_RCC_GetPCLK1Freq
                0x08001054       0x20 cmake/stm32cubemx/CMakeFiles/STM32_Drivers.dir/__/__/Drivers/STM32F1xx_HAL_Driver/Src/stm32f1xx_hal_rcc.c.obj
                0x08001054                HAL_RCC_GetPCLK1Freq
 .text.HAL_RCC_GetPCLK2Freq
                0x08001074       0x20 cmake/stm32cubemx/CMakeFiles/STM32_Drivers.dir/__/__/Drivers/STM32F1xx_HAL_Driver/Src/stm32f1xx_hal_rcc.c.obj
                0x08001074                HAL_RCC_GetPCLK2Freq
 .text.HAL_RCCEx_PeriphCLKConfig
                0x08001094       0xf4 cmake/stm32cubemx/CMakeFiles/STM32_Drivers.dir/__/__/Drivers/STM32F1xx_HAL_Driver/Src/stm32f1xx_hal_rcc_ex.c.obj
                0x08001094                HAL_RCCEx_PeriphCLKConfig
 .text.HAL_RCCEx_GetPeriphCLKFreq
                0x08001188       0xbc cmake/stm32cubemx/CMakeFiles/STM32_Drivers.dir/__/__/Drivers/STM32F1xx_HAL_Driver/Src/stm32f1xx_hal_rcc_ex.c.obj
                0x08001188                HAL_RCCEx_GetPeriphCLKFreq
 .text.HAL_GPIO_Init
                0x08001244      0x1a8 cmake/stm32cubemx/CMakeFiles/STM32_Drivers.dir/__/__/Drivers/STM32F1xx_HAL_Driver/Src/stm32f1xx_hal_gpio.c.obj
                0x08001244                HAL_GPIO_Init
 .text.HAL_GPIO_ReadPin
                0x080013ec        0xc cmake/stm32cubemx/CMakeFiles/STM32_Drivers.dir/__/__/Drivers/STM32F1xx_HAL_Driver/Src/stm32f1xx_hal_gpio.c.obj
                0x080013ec                HAL_GPIO_ReadPin
 .text.HAL_GPIO_WritePin
                0x080013f8        0xa cmake/stm32cubemx/CMakeFiles/STM32_Drivers.dir/__/__/Drivers/STM32F1xx_HAL_Driver/Src/stm32f1xx_hal_gpio.c.obj
                0x080013f8                HAL_GPIO_WritePin
 *fill*         0x08001402        0x2 
 .text.HAL_NVIC_SetPriorityGrouping
                0x08001404       0x24 cmake/stm32cubemx/CMakeFiles/STM32_Drivers.dir/__/__/Drivers/STM32F1xx_HAL_Driver/Src/stm32f1xx_hal_cortex.c.obj
                0x08001404                HAL_NVIC_SetPriorityGrouping
 .text.HAL_NVIC_SetPriority
                0x08001428       0x60 cmake/stm32cubemx/CMakeFiles/STM32_Drivers.dir/__/__/Drivers/STM32F1xx_HAL_Driver/Src/stm32f1xx_hal_cortex.c.obj
                0x08001428                HAL_NVIC_SetPriority
 .text.HAL_SYSTICK_Config
                0x08001488       0x28 cmake/stm32cubemx/CMakeFiles/STM32_Drivers.dir/__/__/Drivers/STM32F1xx_HAL_Driver/Src/stm32f1xx_hal_cortex.c.obj
                0x08001488                HAL_SYSTICK_Config
 .text.UART_SetConfig
                0x080014b0       0x74 cmake/stm32cubemx/CMakeFiles/STM32_Drivers.dir/__/__/Drivers/STM32F1xx_HAL_Driver/Src/stm32f1xx_hal_uart.c.obj
 .text.HAL_UART_Init
                0x08001524       0x5e cmake/stm32cubemx/CMakeFiles/STM32_Drivers.dir/__/__/Drivers/STM32F1xx_HAL_Driver/Src/stm32f1xx_hal_uart.c.obj
                0x08001524                HAL_UART_Init
 .text.SystemClock_Config
                0x08001582       0x7e CMakeFiles/stm32f103rbt6_a33.dir/Core/Src/main.c.obj
                0x08001582                SystemClock_Config
 .text.startup.main
                0x08001600       0x48 CMakeFiles/stm32f103rbt6_a33.dir/Core/Src/main.c.obj
                0x08001600                main
 .text.Error_Handler
                0x08001648        0x4 CMakeFiles/stm32f103rbt6_a33.dir/Core/Src/main.c.obj
                0x08001648                Error_Handler
 .text.MX_GPIO_Init
                0x0800164c      0x110 CMakeFiles/stm32f103rbt6_a33.dir/Core/Src/gpio.c.obj
                0x0800164c                MX_GPIO_Init
 .text.MX_ADC1_Init
                0x0800175c       0x50 CMakeFiles/stm32f103rbt6_a33.dir/Core/Src/adc.c.obj
                0x0800175c                MX_ADC1_Init
 .text.HAL_ADC_MspInit
                0x080017ac       0x5c CMakeFiles/stm32f103rbt6_a33.dir/Core/Src/adc.c.obj
                0x080017ac                HAL_ADC_MspInit
 .text.MX_USART1_UART_Init
                0x08001808       0x38 CMakeFiles/stm32f103rbt6_a33.dir/Core/Src/usart.c.obj
                0x08001808                MX_USART1_UART_Init
 .text.MX_USART2_UART_Init
                0x08001840       0x38 CMakeFiles/stm32f103rbt6_a33.dir/Core/Src/usart.c.obj
                0x08001840                MX_USART2_UART_Init
 .text.HAL_UART_MspInit
                0x08001878       0xc4 CMakeFiles/stm32f103rbt6_a33.dir/Core/Src/usart.c.obj
                0x08001878                HAL_UART_MspInit
 .text.NMI_Handler
                0x0800193c        0x2 CMakeFiles/stm32f103rbt6_a33.dir/Core/Src/stm32f1xx_it.c.obj
                0x0800193c                NMI_Handler
 .text.HardFault_Handler
                0x0800193e        0x2 CMakeFiles/stm32f103rbt6_a33.dir/Core/Src/stm32f1xx_it.c.obj
                0x0800193e                HardFault_Handler
 .text.MemManage_Handler
                0x08001940        0x2 CMakeFiles/stm32f103rbt6_a33.dir/Core/Src/stm32f1xx_it.c.obj
                0x08001940                MemManage_Handler
 .text.BusFault_Handler
                0x08001942        0x2 CMakeFiles/stm32f103rbt6_a33.dir/Core/Src/stm32f1xx_it.c.obj
                0x08001942                BusFault_Handler
 .text.UsageFault_Handler
                0x08001944        0x2 CMakeFiles/stm32f103rbt6_a33.dir/Core/Src/stm32f1xx_it.c.obj
                0x08001944                UsageFault_Handler
 .text.SVC_Handler
                0x08001946        0x2 CMakeFiles/stm32f103rbt6_a33.dir/Core/Src/stm32f1xx_it.c.obj
                0x08001946                SVC_Handler
 .text.DebugMon_Handler
                0x08001948        0x2 CMakeFiles/stm32f103rbt6_a33.dir/Core/Src/stm32f1xx_it.c.obj
                0x08001948                DebugMon_Handler
 .text.PendSV_Handler
                0x0800194a        0x2 CMakeFiles/stm32f103rbt6_a33.dir/Core/Src/stm32f1xx_it.c.obj
                0x0800194a                PendSV_Handler
 .text.SysTick_Handler
                0x0800194c        0x4 CMakeFiles/stm32f103rbt6_a33.dir/Core/Src/stm32f1xx_it.c.obj
                0x0800194c                SysTick_Handler
 .text.HAL_MspInit
                0x08001950       0x44 CMakeFiles/stm32f103rbt6_a33.dir/Core/Src/stm32f1xx_hal_msp.c.obj
                0x08001950                HAL_MspInit
 .text.Reset_Handler
                0x08001994       0x48 CMakeFiles/stm32f103rbt6_a33.dir/startup_stm32f103xb.s.obj
                0x08001994                Reset_Handler
 .text.Default_Handler
                0x080019dc        0x2 CMakeFiles/stm32f103rbt6_a33.dir/startup_stm32f103xb.s.obj
                0x080019dc                RTC_Alarm_IRQHandler
                0x080019dc                EXTI2_IRQHandler
                0x080019dc                TIM1_CC_IRQHandler
                0x080019dc                PVD_IRQHandler
                0x080019dc                EXTI3_IRQHandler
                0x080019dc                EXTI0_IRQHandler
                0x080019dc                I2C2_EV_IRQHandler
                0x080019dc                ADC1_2_IRQHandler
                0x080019dc                SPI1_IRQHandler
                0x080019dc                TAMPER_IRQHandler
                0x080019dc                DMA1_Channel4_IRQHandler
                0x080019dc                USART3_IRQHandler
                0x080019dc                RTC_IRQHandler
                0x080019dc                DMA1_Channel7_IRQHandler
                0x080019dc                CAN1_RX1_IRQHandler
                0x080019dc                TIM4_IRQHandler
                0x080019dc                I2C1_EV_IRQHandler
                0x080019dc                DMA1_Channel6_IRQHandler
                0x080019dc                TIM3_IRQHandler
                0x080019dc                RCC_IRQHandler
                0x080019dc                TIM1_TRG_COM_IRQHandler
                0x080019dc                DMA1_Channel1_IRQHandler
                0x080019dc                Default_Handler
                0x080019dc                EXTI15_10_IRQHandler
                0x080019dc                EXTI9_5_IRQHandler
                0x080019dc                SPI2_IRQHandler
                0x080019dc                DMA1_Channel5_IRQHandler
                0x080019dc                EXTI4_IRQHandler
                0x080019dc                USB_LP_CAN1_RX0_IRQHandler
                0x080019dc                USB_HP_CAN1_TX_IRQHandler
                0x080019dc                DMA1_Channel3_IRQHandler
                0x080019dc                TIM1_UP_IRQHandler
                0x080019dc                WWDG_IRQHandler
                0x080019dc                TIM2_IRQHandler
                0x080019dc                TIM1_BRK_IRQHandler
                0x080019dc                EXTI1_IRQHandler
                0x080019dc                USART2_IRQHandler
                0x080019dc                I2C2_ER_IRQHandler
                0x080019dc                DMA1_Channel2_IRQHandler
                0x080019dc                CAN1_SCE_IRQHandler
                0x080019dc                FLASH_IRQHandler
                0x080019dc                USART1_IRQHandler
                0x080019dc                I2C1_ER_IRQHandler
                0x080019dc                USBWakeUp_IRQHandler
 .text.App_100msTask
                0x080019de        0x2 CMakeFiles/stm32f103rbt6_a33.dir/App/app_main.c.obj
 .text.App_500msTask
                0x080019e0        0x4 CMakeFiles/stm32f103rbt6_a33.dir/App/app_main.c.obj
 .text.App_20msTask
                0x080019e4       0x28 CMakeFiles/stm32f103rbt6_a33.dir/App/app_main.c.obj
 .text.App_PushStartupEvent
                0x08001a0c       0x20 CMakeFiles/stm32f103rbt6_a33.dir/App/app_main.c.obj
 .text.App_10msTask
                0x08001a2c        0x4 CMakeFiles/stm32f103rbt6_a33.dir/App/app_main.c.obj
 .text.App_1msTask
                0x08001a30        0xe CMakeFiles/stm32f103rbt6_a33.dir/App/app_main.c.obj
 *fill*         0x08001a3e        0x2 
 .text.App_Init
                0x08001a40       0xf4 CMakeFiles/stm32f103rbt6_a33.dir/App/app_main.c.obj
                0x08001a40                App_Init
 .text.App_Run  0x08001b34      0x13c CMakeFiles/stm32f103rbt6_a33.dir/App/app_main.c.obj
                0x08001b34                App_Run
 .text.DeviceManager_Init
                0x08001c70       0xc0 CMakeFiles/stm32f103rbt6_a33.dir/App/device_manager.c.obj
                0x08001c70                DeviceManager_Init
 .text.DeviceManager_ProcessFast
                0x08001d30       0x34 CMakeFiles/stm32f103rbt6_a33.dir/App/device_manager.c.obj
                0x08001d30                DeviceManager_ProcessFast
 .text.DeviceManager_Process1ms
                0x08001d64       0x34 CMakeFiles/stm32f103rbt6_a33.dir/App/device_manager.c.obj
                0x08001d64                DeviceManager_Process1ms
 .text.DeviceManager_Process10ms
                0x08001d98       0x88 CMakeFiles/stm32f103rbt6_a33.dir/App/device_manager.c.obj
                0x08001d98                DeviceManager_Process10ms
 .text.DeviceManager_Process20ms
                0x08001e20       0x50 CMakeFiles/stm32f103rbt6_a33.dir/App/device_manager.c.obj
                0x08001e20                DeviceManager_Process20ms
 .text.DeviceManager_Process500ms
                0x08001e70       0x64 CMakeFiles/stm32f103rbt6_a33.dir/App/device_manager.c.obj
                0x08001e70                DeviceManager_Process500ms
 .text.DeviceManager_IsReady
                0x08001ed4       0x10 CMakeFiles/stm32f103rbt6_a33.dir/App/device_manager.c.obj
                0x08001ed4                DeviceManager_IsReady
 .text.DeviceManager_ObserveCs1237Consumption
                0x08001ee4       0x4c CMakeFiles/stm32f103rbt6_a33.dir/App/device_manager.c.obj
                0x08001ee4                DeviceManager_ObserveCs1237Consumption
 .text.DeviceManager_EnterSafeState
                0x08001f30       0x24 CMakeFiles/stm32f103rbt6_a33.dir/App/device_manager.c.obj
                0x08001f30                DeviceManager_EnterSafeState
 .text.MeasurementBridge_Init
                0x08001f54       0x2c CMakeFiles/stm32f103rbt6_a33.dir/App/measurement_bridge.c.obj
                0x08001f54                MeasurementBridge_Init
 .text.MeasurementBridge_Process
                0x08001f80       0x78 CMakeFiles/stm32f103rbt6_a33.dir/App/measurement_bridge.c.obj
                0x08001f80                MeasurementBridge_Process
 .text.MeasurementBridge_GetConsumedCount
                0x08001ff8        0xc CMakeFiles/stm32f103rbt6_a33.dir/App/measurement_bridge.c.obj
                0x08001ff8                MeasurementBridge_GetConsumedCount
 .text.MeasurementBridge_GetLastBacklog
                0x08002004        0xc CMakeFiles/stm32f103rbt6_a33.dir/App/measurement_bridge.c.obj
                0x08002004                MeasurementBridge_GetLastBacklog
 .text.MeasurementBridge_GetObservedOverrunCount
                0x08002010        0xc CMakeFiles/stm32f103rbt6_a33.dir/App/measurement_bridge.c.obj
                0x08002010                MeasurementBridge_GetObservedOverrunCount
 .text.MeasurementBridge_BuildUpdateEvent
                0x0800201c       0x32 CMakeFiles/stm32f103rbt6_a33.dir/App/measurement_bridge.c.obj
                0x0800201c                MeasurementBridge_BuildUpdateEvent
 *fill*         0x0800204e        0x2 
 .text.SystemContext_Init
                0x08002050       0x34 CMakeFiles/stm32f103rbt6_a33.dir/App/system_context.c.obj
                0x08002050                SystemContext_Init
 .text.SystemContext_Get
                0x08002084       0x14 CMakeFiles/stm32f103rbt6_a33.dir/App/system_context.c.obj
                0x08002084                SystemContext_Get
 .text.SystemContext_GetState
                0x08002098        0xc CMakeFiles/stm32f103rbt6_a33.dir/App/system_context.c.obj
                0x08002098                SystemContext_GetState
 .text.SystemContext_SetState
                0x080020a4       0x18 CMakeFiles/stm32f103rbt6_a33.dir/App/system_context.c.obj
                0x080020a4                SystemContext_SetState
 .text.BSP_BatteryAdcReadRaw
                0x080020bc       0x3c CMakeFiles/stm32f103rbt6_a33.dir/BSP/bsp_adc.c.obj
                0x080020bc                BSP_BatteryAdcReadRaw
 .text.BSP_BatteryRawToAdcMv
                0x080020f8       0x1c CMakeFiles/stm32f103rbt6_a33.dir/BSP/bsp_adc.c.obj
                0x080020f8                BSP_BatteryRawToAdcMv
 .text.BSP_BoardInit
                0x08002114       0x12 CMakeFiles/stm32f103rbt6_a33.dir/BSP/bsp_board.c.obj
                0x08002114                BSP_BoardInit
 .text.BSP_BoardProcess
                0x08002126        0x4 CMakeFiles/stm32f103rbt6_a33.dir/BSP/bsp_board.c.obj
                0x08002126                BSP_BoardProcess
 *fill*         0x0800212a        0x2 
 .text.BSP_RS485_SetTransmit
                0x0800212c       0x14 CMakeFiles/stm32f103rbt6_a33.dir/BSP/bsp_gpio.c.obj
                0x0800212c                BSP_RS485_SetTransmit
 .text.BSP_InternalBuzzer_Set
                0x08002140       0x14 CMakeFiles/stm32f103rbt6_a33.dir/BSP/bsp_gpio.c.obj
                0x08002140                BSP_InternalBuzzer_Set
 .text.BSP_ExternalBuzzer_Set
                0x08002154       0x18 CMakeFiles/stm32f103rbt6_a33.dir/BSP/bsp_gpio.c.obj
                0x08002154                BSP_ExternalBuzzer_Set
 .text.BSP_LimitGreen_Set
                0x0800216c       0x14 CMakeFiles/stm32f103rbt6_a33.dir/BSP/bsp_gpio.c.obj
                0x0800216c                BSP_LimitGreen_Set
 .text.BSP_LimitRed_Set
                0x08002180       0x14 CMakeFiles/stm32f103rbt6_a33.dir/BSP/bsp_gpio.c.obj
                0x08002180                BSP_LimitRed_Set
 .text.BSP_LimitYellow_Set
                0x08002194       0x18 CMakeFiles/stm32f103rbt6_a33.dir/BSP/bsp_gpio.c.obj
                0x08002194                BSP_LimitYellow_Set
 .text.BSP_LimitOutputsOff
                0x080021ac       0x1c CMakeFiles/stm32f103rbt6_a33.dir/BSP/bsp_gpio.c.obj
                0x080021ac                BSP_LimitOutputsOff
 .text.BSP_CS1237_SetClock
                0x080021c8       0x18 CMakeFiles/stm32f103rbt6_a33.dir/BSP/bsp_gpio.c.obj
                0x080021c8                BSP_CS1237_SetClock
 .text.BSP_CS1237_SetDataDirection
                0x080021e0       0x38 CMakeFiles/stm32f103rbt6_a33.dir/BSP/bsp_gpio.c.obj
                0x080021e0                BSP_CS1237_SetDataDirection
 .text.BSP_CS1237_WriteData
                0x08002218       0x18 CMakeFiles/stm32f103rbt6_a33.dir/BSP/bsp_gpio.c.obj
                0x08002218                BSP_CS1237_WriteData
 .text.BSP_CS1237_ReadData
                0x08002230       0x18 CMakeFiles/stm32f103rbt6_a33.dir/BSP/bsp_gpio.c.obj
                0x08002230                BSP_CS1237_ReadData
 .text.BSP_CS1237_SetEnable
                0x08002248       0x18 CMakeFiles/stm32f103rbt6_a33.dir/BSP/bsp_gpio.c.obj
                0x08002248                BSP_CS1237_SetEnable
 .text.BSP_TM1628_SetDio
                0x08002260       0x14 CMakeFiles/stm32f103rbt6_a33.dir/BSP/bsp_gpio.c.obj
                0x08002260                BSP_TM1628_SetDio
 .text.BSP_TM1628_ReadDio
                0x08002274       0x18 CMakeFiles/stm32f103rbt6_a33.dir/BSP/bsp_gpio.c.obj
                0x08002274                BSP_TM1628_ReadDio
 .text.BSP_TM1628_SetClock
                0x0800228c       0x18 CMakeFiles/stm32f103rbt6_a33.dir/BSP/bsp_gpio.c.obj
                0x0800228c                BSP_TM1628_SetClock
 .text.BSP_TM1628_SetStrobe
                0x080022a4       0x18 CMakeFiles/stm32f103rbt6_a33.dir/BSP/bsp_gpio.c.obj
                0x080022a4                BSP_TM1628_SetStrobe
 .text.BSP_TM1628_ReleaseBus
                0x080022bc       0x18 CMakeFiles/stm32f103rbt6_a33.dir/BSP/bsp_gpio.c.obj
                0x080022bc                BSP_TM1628_ReleaseBus
 .text.BSP_W02_PwrKeyRelease
                0x080022d4       0x18 CMakeFiles/stm32f103rbt6_a33.dir/BSP/bsp_gpio.c.obj
                0x080022d4                BSP_W02_PwrKeyRelease
 .text.BSP_GPIO_Init
                0x080022ec       0x50 CMakeFiles/stm32f103rbt6_a33.dir/BSP/bsp_gpio.c.obj
                0x080022ec                BSP_GPIO_Init
 .text.BSP_GPIO_Process
                0x0800233c       0x2c CMakeFiles/stm32f103rbt6_a33.dir/BSP/bsp_gpio.c.obj
                0x0800233c                BSP_GPIO_Process
 .text.BSP_TimeNowMs
                0x08002368        0x4 CMakeFiles/stm32f103rbt6_a33.dir/BSP/bsp_time.c.obj
                0x08002368                BSP_TimeNowMs
 .text.BSP_TimeElapsed
                0x0800236c        0xc CMakeFiles/stm32f103rbt6_a33.dir/BSP/bsp_time.c.obj
                0x0800236c                BSP_TimeElapsed
 .text.BSP_TimeInitMicrosecondCounter
                0x08002378       0x64 CMakeFiles/stm32f103rbt6_a33.dir/BSP/bsp_time.c.obj
                0x08002378                BSP_TimeInitMicrosecondCounter
 .text.BSP_DelayUs
                0x080023dc       0x3c CMakeFiles/stm32f103rbt6_a33.dir/BSP/bsp_time.c.obj
                0x080023dc                BSP_DelayUs
 .text.BSP_InterruptSaveAndDisable
                0x08002418        0x8 CMakeFiles/stm32f103rbt6_a33.dir/BSP/bsp_time.c.obj
                0x08002418                BSP_InterruptSaveAndDisable
 .text.BSP_InterruptRestore
                0x08002420        0x6 CMakeFiles/stm32f103rbt6_a33.dir/BSP/bsp_time.c.obj
                0x08002420                BSP_InterruptRestore
 .text.DefaultConfig_Load
                0x08002426       0x5a CMakeFiles/stm32f103rbt6_a33.dir/Config/default_config.c.obj
                0x08002426                DefaultConfig_Load
 .text.Stage2B_DiagnosticsRenderSingle.isra.0
                0x08002480       0x3c CMakeFiles/stm32f103rbt6_a33.dir/Diagnostics/stage2b_board_diagnostics.c.obj
 .text.Stage2B_DiagnosticsStopAllOutputs
                0x080024bc       0x20 CMakeFiles/stm32f103rbt6_a33.dir/Diagnostics/stage2b_board_diagnostics.c.obj
                0x080024bc                Stage2B_DiagnosticsStopAllOutputs
 .text.Stage2B_DiagnosticsEnterFault
                0x080024dc       0x24 CMakeFiles/stm32f103rbt6_a33.dir/Diagnostics/stage2b_board_diagnostics.c.obj
                0x080024dc                Stage2B_DiagnosticsEnterFault
 .text.Stage2B_DiagnosticsUpdateCs1237Stats
                0x08002500        0xc CMakeFiles/stm32f103rbt6_a33.dir/Diagnostics/stage2b_board_diagnostics.c.obj
                0x08002500                Stage2B_DiagnosticsUpdateCs1237Stats
 .text.Stage2B_DisplayText6
                0x0800250c       0x74 CMakeFiles/stm32f103rbt6_a33.dir/Diagnostics/stage2b_board_diagnostics.c.obj
                0x0800250c                Stage2B_DisplayText6
 .text.Stage2B_DiagnosticsRenderBattery
                0x08002580       0x32 CMakeFiles/stm32f103rbt6_a33.dir/Diagnostics/stage2b_board_diagnostics.c.obj
 *fill*         0x080025b2        0x2 
 .text.Stage2B_DiagnosticsRenderKey
                0x080025b4       0x20 CMakeFiles/stm32f103rbt6_a33.dir/Diagnostics/stage2b_board_diagnostics.c.obj
 .text.Stage2B_DiagnosticsSetRawKeyMask
                0x080025d4       0x3c CMakeFiles/stm32f103rbt6_a33.dir/Diagnostics/stage2b_board_diagnostics.c.obj
                0x080025d4                Stage2B_DiagnosticsSetRawKeyMask
 .text.Stage2B_DisplayHex24
                0x08002610       0x1c CMakeFiles/stm32f103rbt6_a33.dir/Diagnostics/stage2b_board_diagnostics.c.obj
                0x08002610                Stage2B_DisplayHex24
 .text.Stage2B_DiagnosticsRenderRaw
                0x0800262c       0x34 CMakeFiles/stm32f103rbt6_a33.dir/Diagnostics/stage2b_board_diagnostics.c.obj
 .text.Stage2B_DiagnosticsEnterState
                0x08002660       0x90 CMakeFiles/stm32f103rbt6_a33.dir/Diagnostics/stage2b_board_diagnostics.c.obj
 .text.Stage2B_DiagnosticsInit
                0x080026f0       0x3c CMakeFiles/stm32f103rbt6_a33.dir/Diagnostics/stage2b_board_diagnostics.c.obj
                0x080026f0                Stage2B_DiagnosticsInit
 .text.Stage2B_DiagnosticsProcess
                0x0800272c      0x1b8 CMakeFiles/stm32f103rbt6_a33.dir/Diagnostics/stage2b_board_diagnostics.c.obj
                0x0800272c                Stage2B_DiagnosticsProcess
 .text.Stage2B_FontEncode
                0x080028e4       0xa8 CMakeFiles/stm32f103rbt6_a33.dir/Diagnostics/stage2b_display_font.c.obj
                0x080028e4                Stage2B_FontEncode
 .text.Stage2B_FormatHex24
                0x0800298c       0x2e CMakeFiles/stm32f103rbt6_a33.dir/Diagnostics/stage2b_display_font.c.obj
                0x0800298c                Stage2B_FormatHex24
 *fill*         0x080029ba        0x2 
 .text.Stage2B_FormatBatteryMv
                0x080029bc       0x68 CMakeFiles/stm32f103rbt6_a33.dir/Diagnostics/stage2b_display_font.c.obj
                0x080029bc                Stage2B_FormatBatteryMv
 .text.Stage2B_FormatKeyMask
                0x08002a24       0x30 CMakeFiles/stm32f103rbt6_a33.dir/Diagnostics/stage2b_display_font.c.obj
                0x08002a24                Stage2B_FormatKeyMask
 .text.RawMeasurement_Init
                0x08002a54       0x10 CMakeFiles/stm32f103rbt6_a33.dir/Domain/measurement/raw_measurement.c.obj
                0x08002a54                RawMeasurement_Init
 .text.RawMeasurement_Accept
                0x08002a64       0x70 CMakeFiles/stm32f103rbt6_a33.dir/Domain/measurement/raw_measurement.c.obj
                0x08002a64                RawMeasurement_Accept
 .text.RawMeasurement_GetState
                0x08002ad4        0x8 CMakeFiles/stm32f103rbt6_a33.dir/Domain/measurement/raw_measurement.c.obj
                0x08002ad4                RawMeasurement_GetState
 .text.BatteryAdc_Init
                0x08002adc       0x54 CMakeFiles/stm32f103rbt6_a33.dir/Drivers/battery_adc/battery_adc.c.obj
                0x08002adc                BatteryAdc_Init
 .text.BatteryAdc_GetState
                0x08002b30       0x18 CMakeFiles/stm32f103rbt6_a33.dir/Drivers/battery_adc/battery_adc.c.obj
                0x08002b30                BatteryAdc_GetState
 .text.BatteryAdc_GetErrorCount
                0x08002b48        0xc CMakeFiles/stm32f103rbt6_a33.dir/Drivers/battery_adc/battery_adc.c.obj
                0x08002b48                BatteryAdc_GetErrorCount
 .text.BatteryAdc_ConvertAdcMv
                0x08002b54       0xa4 CMakeFiles/stm32f103rbt6_a33.dir/Drivers/battery_adc/battery_adc.c.obj
                0x08002b54                BatteryAdc_ConvertAdcMv
 .text.BatteryAdc_Process500ms
                0x08002bf8       0x98 CMakeFiles/stm32f103rbt6_a33.dir/Drivers/battery_adc/battery_adc.c.obj
                0x08002bf8                BatteryAdc_Process500ms
 .text.CS1237_ConfigIsValid
                0x08002c90       0x1e CMakeFiles/stm32f103rbt6_a33.dir/Drivers/cs1237/cs1237.c.obj
 .text.CS1237_WriteBit
                0x08002cae       0x34 CMakeFiles/stm32f103rbt6_a33.dir/Drivers/cs1237/cs1237.c.obj
 .text.CS1237_ClockOnly
                0x08002ce2       0x2a CMakeFiles/stm32f103rbt6_a33.dir/Drivers/cs1237/cs1237.c.obj
 .text.CS1237_NotifySamplesAvailable
                0x08002d0c       0x3c CMakeFiles/stm32f103rbt6_a33.dir/Drivers/cs1237/cs1237.c.obj
 .text.CS1237_ReadBit.part.0
                0x08002d48       0x32 CMakeFiles/stm32f103rbt6_a33.dir/Drivers/cs1237/cs1237.c.obj
 *fill*         0x08002d7a        0x2 
 .text.CS1237_Init
                0x08002d7c       0x94 CMakeFiles/stm32f103rbt6_a33.dir/Drivers/cs1237/cs1237.c.obj
                0x08002d7c                CS1237_Init
 .text.CS1237_IsReady
                0x08002e10       0x10 CMakeFiles/stm32f103rbt6_a33.dir/Drivers/cs1237/cs1237.c.obj
                0x08002e10                CS1237_IsReady
 .text.CS1237_TryPopSample
                0x08002e20       0x4c CMakeFiles/stm32f103rbt6_a33.dir/Drivers/cs1237/cs1237.c.obj
                0x08002e20                CS1237_TryPopSample
 .text.CS1237_GetBufferedSampleCount
                0x08002e6c        0xc CMakeFiles/stm32f103rbt6_a33.dir/Drivers/cs1237/cs1237.c.obj
                0x08002e6c                CS1237_GetBufferedSampleCount
 .text.CS1237_GetBufferOverrunCount
                0x08002e78        0xc CMakeFiles/stm32f103rbt6_a33.dir/Drivers/cs1237/cs1237.c.obj
                0x08002e78                CS1237_GetBufferOverrunCount
 .text.CS1237_GetState
                0x08002e84        0xc CMakeFiles/stm32f103rbt6_a33.dir/Drivers/cs1237/cs1237.c.obj
                0x08002e84                CS1237_GetState
 .text.CS1237_GetLastConfigRegister
                0x08002e90        0xc CMakeFiles/stm32f103rbt6_a33.dir/Drivers/cs1237/cs1237.c.obj
                0x08002e90                CS1237_GetLastConfigRegister
 .text.CS1237_EnterSafeState
                0x08002e9c       0x20 CMakeFiles/stm32f103rbt6_a33.dir/Drivers/cs1237/cs1237.c.obj
                0x08002e9c                CS1237_EnterSafeState
 .text.CS1237_SignExtend24
                0x08002ebc       0x10 CMakeFiles/stm32f103rbt6_a33.dir/Drivers/cs1237/cs1237.c.obj
                0x08002ebc                CS1237_SignExtend24
 .text.CS1237_ReadDataFrame
                0x08002ecc       0x7a CMakeFiles/stm32f103rbt6_a33.dir/Drivers/cs1237/cs1237.c.obj
 .text.CS1237_ConfigTransaction
                0x08002f46       0xba CMakeFiles/stm32f103rbt6_a33.dir/Drivers/cs1237/cs1237.c.obj
 .text.CS1237_EncodeConfig
                0x08003000       0x38 CMakeFiles/stm32f103rbt6_a33.dir/Drivers/cs1237/cs1237.c.obj
                0x08003000                CS1237_EncodeConfig
 .text.CS1237_VerifyConfig
                0x08003038       0x34 CMakeFiles/stm32f103rbt6_a33.dir/Drivers/cs1237/cs1237.c.obj
                0x08003038                CS1237_VerifyConfig
 .text.CS1237_Process
                0x0800306c      0x15c CMakeFiles/stm32f103rbt6_a33.dir/Drivers/cs1237/cs1237.c.obj
                0x0800306c                CS1237_Process
 .text.OutputGpio_Apply
                0x080031c8       0x28 CMakeFiles/stm32f103rbt6_a33.dir/Drivers/output_gpio/output_gpio.c.obj
 .text.OutputGpio_Set
                0x080031f0       0x24 CMakeFiles/stm32f103rbt6_a33.dir/Drivers/output_gpio/output_gpio.c.obj
                0x080031f0                OutputGpio_Set
 .text.OutputGpio_AllOff
                0x08003214       0x20 CMakeFiles/stm32f103rbt6_a33.dir/Drivers/output_gpio/output_gpio.c.obj
                0x08003214                OutputGpio_AllOff
 .text.OutputGpio_Init
                0x08003234        0x4 CMakeFiles/stm32f103rbt6_a33.dir/Drivers/output_gpio/output_gpio.c.obj
                0x08003234                OutputGpio_Init
 .text.TM1628_StartTransaction
                0x08003238       0x1e CMakeFiles/stm32f103rbt6_a33.dir/Drivers/tm1628/tm1628.c.obj
 .text.TM1628_WriteByte
                0x08003256       0x40 CMakeFiles/stm32f103rbt6_a33.dir/Drivers/tm1628/tm1628.c.obj
 .text.TM1628_EndTransaction
                0x08003296       0x1e CMakeFiles/stm32f103rbt6_a33.dir/Drivers/tm1628/tm1628.c.obj
 .text.TM1628_SendCommand
                0x080032b4       0x16 CMakeFiles/stm32f103rbt6_a33.dir/Drivers/tm1628/tm1628.c.obj
 *fill*         0x080032ca        0x2 
 .text.TM1628_SendDisplayControl
                0x080032cc       0x24 CMakeFiles/stm32f103rbt6_a33.dir/Drivers/tm1628/tm1628.c.obj
 .text.TM1628_WriteFullRam
                0x080032f0       0x2c CMakeFiles/stm32f103rbt6_a33.dir/Drivers/tm1628/tm1628.c.obj
 .text.TM1628_Init
                0x0800331c       0x64 CMakeFiles/stm32f103rbt6_a33.dir/Drivers/tm1628/tm1628.c.obj
                0x0800331c                TM1628_Init
 .text.TM1628_Clear
                0x08003380       0x34 CMakeFiles/stm32f103rbt6_a33.dir/Drivers/tm1628/tm1628.c.obj
                0x08003380                TM1628_Clear
 .text.TM1628_Flush
                0x080033b4       0x44 CMakeFiles/stm32f103rbt6_a33.dir/Drivers/tm1628/tm1628.c.obj
                0x080033b4                TM1628_Flush
 .text.TM1628_IsDirty
                0x080033f8        0xc CMakeFiles/stm32f103rbt6_a33.dir/Drivers/tm1628/tm1628.c.obj
                0x080033f8                TM1628_IsDirty
 .text.TM1628_GetErrorCount
                0x08003404        0xc CMakeFiles/stm32f103rbt6_a33.dir/Drivers/tm1628/tm1628.c.obj
                0x08003404                TM1628_GetErrorCount
 .text.TM1628_ReleaseBus
                0x08003410        0x4 CMakeFiles/stm32f103rbt6_a33.dir/Drivers/tm1628/tm1628.c.obj
                0x08003410                TM1628_ReleaseBus
 .text.TM1628_EncodeGridSegments
                0x08003414       0x26 CMakeFiles/stm32f103rbt6_a33.dir/Drivers/tm1628/tm1628.c.obj
                0x08003414                TM1628_EncodeGridSegments
 *fill*         0x0800343a        0x2 
 .text.TM1628_SetGridSegments
                0x0800343c       0x48 CMakeFiles/stm32f103rbt6_a33.dir/Drivers/tm1628/tm1628.c.obj
                0x0800343c                TM1628_SetGridSegments
 .text.TM1628_DecodeBoardKeys
                0x08003484       0x30 CMakeFiles/stm32f103rbt6_a33.dir/Drivers/tm1628/tm1628.c.obj
                0x08003484                TM1628_DecodeBoardKeys
 .text.TM1628_ReadKeys
                0x080034b4       0xd0 CMakeFiles/stm32f103rbt6_a33.dir/Drivers/tm1628/tm1628.c.obj
                0x080034b4                TM1628_ReadKeys
 .text.TM1628_BoardMapSegments
                0x08003584       0x30 CMakeFiles/stm32f103rbt6_a33.dir/Drivers/tm1628/tm1628_board_map.c.obj
                0x08003584                TM1628_BoardMapSegments
 .text.W02PwrKey_Init
                0x080035b4       0x24 CMakeFiles/stm32f103rbt6_a33.dir/Drivers/w02/w02_pwrkey.c.obj
                0x080035b4                W02PwrKey_Init
 .text.W02PwrKey_Process
                0x080035d8       0x88 CMakeFiles/stm32f103rbt6_a33.dir/Drivers/w02/w02_pwrkey.c.obj
                0x080035d8                W02PwrKey_Process
 .text.W02PwrKey_IsBusy
                0x08003660       0x10 CMakeFiles/stm32f103rbt6_a33.dir/Drivers/w02/w02_pwrkey.c.obj
                0x08003660                W02PwrKey_IsBusy
 .text.W02PwrKey_GetState
                0x08003670        0xc CMakeFiles/stm32f103rbt6_a33.dir/Drivers/w02/w02_pwrkey.c.obj
                0x08003670                W02PwrKey_GetState
 .text.ConfigStore_Init
                0x0800367c        0x2 CMakeFiles/stm32f103rbt6_a33.dir/Services/config_store/config_store.c.obj
                0x0800367c                ConfigStore_Init
 .text.ConfigStore_Load
                0x0800367e        0xa CMakeFiles/stm32f103rbt6_a33.dir/Services/config_store/config_store.c.obj
                0x0800367e                ConfigStore_Load
 .text.ConfigStore_LoadDefaults
                0x08003688        0x4 CMakeFiles/stm32f103rbt6_a33.dir/Services/config_store/config_store.c.obj
                0x08003688                ConfigStore_LoadDefaults
 .text.EventQueue_Init
                0x0800368c       0x24 CMakeFiles/stm32f103rbt6_a33.dir/Services/event_queue/event_queue.c.obj
                0x0800368c                EventQueue_Init
 .text.EventQueue_Push
                0x080036b0       0x5c CMakeFiles/stm32f103rbt6_a33.dir/Services/event_queue/event_queue.c.obj
                0x080036b0                EventQueue_Push
 .text.EventQueue_Pop
                0x0800370c       0x4c CMakeFiles/stm32f103rbt6_a33.dir/Services/event_queue/event_queue.c.obj
                0x0800370c                EventQueue_Pop
 .text.EventQueue_DroppedCount
                0x08003758        0xc CMakeFiles/stm32f103rbt6_a33.dir/Services/event_queue/event_queue.c.obj
                0x08003758                EventQueue_DroppedCount
 .text.FaultManager_Init
                0x08003764        0xc CMakeFiles/stm32f103rbt6_a33.dir/Services/fault_manager/fault_manager.c.obj
                0x08003764                FaultManager_Init
 .text.FaultManager_Set
                0x08003770       0x1c CMakeFiles/stm32f103rbt6_a33.dir/Services/fault_manager/fault_manager.c.obj
                0x08003770                FaultManager_Set
 .text.FaultManager_GetActiveMask
                0x0800378c        0xc CMakeFiles/stm32f103rbt6_a33.dir/Services/fault_manager/fault_manager.c.obj
                0x0800378c                FaultManager_GetActiveMask
 .text.Scheduler_Init
                0x08003798       0x2c CMakeFiles/stm32f103rbt6_a33.dir/Services/scheduler/scheduler.c.obj
                0x08003798                Scheduler_Init
 .text.Scheduler_AddPeriodicTask
                0x080037c4       0x48 CMakeFiles/stm32f103rbt6_a33.dir/Services/scheduler/scheduler.c.obj
                0x080037c4                Scheduler_AddPeriodicTask
 .text.Scheduler_RunPending
                0x0800380c       0x5c CMakeFiles/stm32f103rbt6_a33.dir/Services/scheduler/scheduler.c.obj
                0x0800380c                Scheduler_RunPending
 .text.memset   0x08003868       0x10 E:/ST/STM32CubeCLT_1.18.0/GNU-tools-for-STM32/bin/../lib/gcc/arm-none-eabi/13.3.1/../../../../arm-none-eabi/lib/thumb/v7-m/nofp\libg_nano.a(libc_a-memset.o)
                0x08003868                memset
 .text.__libc_init_array
                0x08003878       0x48 E:/ST/STM32CubeCLT_1.18.0/GNU-tools-for-STM32/bin/../lib/gcc/arm-none-eabi/13.3.1/../../../../arm-none-eabi/lib/thumb/v7-m/nofp\libg_nano.a(libc_a-init.o)
                0x08003878                __libc_init_array
 .text.memcpy   0x080038c0       0x1c E:/ST/STM32CubeCLT_1.18.0/GNU-tools-for-STM32/bin/../lib/gcc/arm-none-eabi/13.3.1/../../../../arm-none-eabi/lib/thumb/v7-m/nofp\libg_nano.a(libc_a-memcpy-stub.o)
                0x080038c0                memcpy
 *(.glue_7)
 .glue_7        0x080038dc        0x0 linker stubs
 *(.glue_7t)
 .glue_7t       0x080038dc        0x0 linker stubs
 *(.eh_frame)
 .eh_frame      0x080038dc        0x0 E:/ST/STM32CubeCLT_1.18.0/GNU-tools-for-STM32/bin/../lib/gcc/arm-none-eabi/13.3.1/thumb/v7-m/nofp/crtbegin.o
 *(.init)
 .init          0x080038dc        0x4 E:/ST/STM32CubeCLT_1.18.0/GNU-tools-for-STM32/bin/../lib/gcc/arm-none-eabi/13.3.1/thumb/v7-m/nofp/crti.o
                0x080038dc                _init
 .init          0x080038e0        0x8 E:/ST/STM32CubeCLT_1.18.0/GNU-tools-for-STM32/bin/../lib/gcc/arm-none-eabi/13.3.1/thumb/v7-m/nofp/crtn.o
 *(.fini)
 .fini          0x080038e8        0x4 E:/ST/STM32CubeCLT_1.18.0/GNU-tools-for-STM32/bin/../lib/gcc/arm-none-eabi/13.3.1/thumb/v7-m/nofp/crti.o
                0x080038e8                _fini
 .fini          0x080038ec        0x8 E:/ST/STM32CubeCLT_1.18.0/GNU-tools-for-STM32/bin/../lib/gcc/arm-none-eabi/13.3.1/thumb/v7-m/nofp/crtn.o
                0x080038f4                        . = ALIGN (0x4)
                0x080038f4                        _etext = .

.vfp11_veneer   0x080038f4        0x0
 .vfp11_veneer  0x080038f4        0x0 linker stubs

.v4_bx          0x080038f4        0x0
 .v4_bx         0x080038f4        0x0 linker stubs

.iplt           0x080038f4        0x0
 .iplt          0x080038f4        0x0 E:/ST/STM32CubeCLT_1.18.0/GNU-tools-for-STM32/bin/../lib/gcc/arm-none-eabi/13.3.1/thumb/v7-m/nofp/crtbegin.o

.rodata         0x080038f4       0x64
                0x080038f4                        . = ALIGN (0x4)
 *(.rodata)
 *(.rodata*)
 .rodata.APBPrescTable
                0x080038f4        0x8 cmake/stm32cubemx/CMakeFiles/STM32_Drivers.dir/__/__/Core/Src/system_stm32f1xx.c.obj
                0x080038f4                APBPrescTable
 .rodata.AHBPrescTable
                0x080038fc       0x10 cmake/stm32cubemx/CMakeFiles/STM32_Drivers.dir/__/__/Core/Src/system_stm32f1xx.c.obj
                0x080038fc                AHBPrescTable
 .rodata.aPredivFactorTable.0
                0x0800390c        0x2 cmake/stm32cubemx/CMakeFiles/STM32_Drivers.dir/__/__/Drivers/STM32F1xx_HAL_Driver/Src/stm32f1xx_hal_rcc.c.obj
 .rodata.aPLLMULFactorTable.1
                0x0800390e       0x10 cmake/stm32cubemx/CMakeFiles/STM32_Drivers.dir/__/__/Drivers/STM32F1xx_HAL_Driver/Src/stm32f1xx_hal_rcc.c.obj
 .rodata.aPredivFactorTable.0
                0x0800391e        0x2 cmake/stm32cubemx/CMakeFiles/STM32_Drivers.dir/__/__/Drivers/STM32F1xx_HAL_Driver/Src/stm32f1xx_hal_rcc_ex.c.obj
 .rodata.aPLLMULFactorTable.1
                0x08003920       0x10 cmake/stm32cubemx/CMakeFiles/STM32_Drivers.dir/__/__/Drivers/STM32F1xx_HAL_Driver/Src/stm32f1xx_hal_rcc_ex.c.obj
 .rodata.Stage2B_DiagnosticsProcess.str1.1
                0x08003930        0x7 CMakeFiles/stm32f103rbt6_a33.dir/Diagnostics/stage2b_board_diagnostics.c.obj
 .rodata.no_data.0
                0x08003937        0x6 CMakeFiles/stm32f103rbt6_a33.dir/Diagnostics/stage2b_board_diagnostics.c.obj
 .rodata.digits.1
                0x0800393d        0x6 CMakeFiles/stm32f103rbt6_a33.dir/Diagnostics/stage2b_board_diagnostics.c.obj
 .rodata.counts.0
                0x08003943        0x4 CMakeFiles/stm32f103rbt6_a33.dir/Drivers/cs1237/cs1237.c.obj
 .rodata.board_to_tm_bit.0
                0x08003947        0xa CMakeFiles/stm32f103rbt6_a33.dir/Drivers/tm1628/tm1628_board_map.c.obj
 .rodata.g_board_digit_to_grid
                0x08003951        0x6 CMakeFiles/stm32f103rbt6_a33.dir/Drivers/tm1628/tm1628_board_map.c.obj
                0x08003951                g_board_digit_to_grid
                0x08003958                        . = ALIGN (0x4)
 *fill*         0x08003957        0x1 

.ARM.extab      0x08003958        0x0
                0x08003958                        . = ALIGN (0x4)
 *(.ARM.extab* .gnu.linkonce.armextab.*)
                0x08003958                        . = ALIGN (0x4)

.ARM            0x08003958        0x8
                0x08003958                        . = ALIGN (0x4)
                0x08003958                        __exidx_start = .
 *(.ARM.exidx*)
 .ARM.exidx     0x08003958        0x8 E:/ST/STM32CubeCLT_1.18.0/GNU-tools-for-STM32/bin/../lib/gcc/arm-none-eabi/13.3.1/thumb/v7-m/nofp\libgcc.a(_udivmoddi4.o)
                0x08003960                        __exidx_end = .
                0x08003960                        . = ALIGN (0x4)

.preinit_array  0x08003960        0x0
                0x08003960                        . = ALIGN (0x4)
                0x08003960                        PROVIDE (__preinit_array_start = .)
 *(.preinit_array*)
                0x08003960                        PROVIDE (__preinit_array_end = .)
                0x08003960                        . = ALIGN (0x4)

.init_array     0x08003960        0x4
                0x08003960                        . = ALIGN (0x4)
                0x08003960                        PROVIDE (__init_array_start = .)
 *(SORT_BY_NAME(.init_array.*))
 *(.init_array*)
 .init_array    0x08003960        0x4 E:/ST/STM32CubeCLT_1.18.0/GNU-tools-for-STM32/bin/../lib/gcc/arm-none-eabi/13.3.1/thumb/v7-m/nofp/crtbegin.o
                0x08003964                        PROVIDE (__init_array_end = .)
                0x08003964                        . = ALIGN (0x4)

.fini_array     0x08003964        0x4
                0x08003964                        . = ALIGN (0x4)
                [!provide]                        PROVIDE (__fini_array_start = .)
 *(SORT_BY_NAME(.fini_array.*))
 *(.fini_array*)
 .fini_array    0x08003964        0x4 E:/ST/STM32CubeCLT_1.18.0/GNU-tools-for-STM32/bin/../lib/gcc/arm-none-eabi/13.3.1/thumb/v7-m/nofp/crtbegin.o
                [!provide]                        PROVIDE (__fini_array_end = .)
                0x08003968                        . = ALIGN (0x4)
                0x08003968                        _sidata = LOADADDR (.data)

.rel.dyn        0x08003968        0x0
 .rel.iplt      0x08003968        0x0 E:/ST/STM32CubeCLT_1.18.0/GNU-tools-for-STM32/bin/../lib/gcc/arm-none-eabi/13.3.1/thumb/v7-m/nofp/crtbegin.o

.data           0x20000000        0xc load address 0x08003968
                0x20000000                        . = ALIGN (0x4)
                0x20000000                        _sdata = .
 *(.data)
 *(.data*)
 .data.SystemCoreClock
                0x20000000        0x4 cmake/stm32cubemx/CMakeFiles/STM32_Drivers.dir/__/__/Core/Src/system_stm32f1xx.c.obj
                0x20000000                SystemCoreClock
 .data.uwTickFreq
                0x20000004        0x1 cmake/stm32cubemx/CMakeFiles/STM32_Drivers.dir/__/__/Drivers/STM32F1xx_HAL_Driver/Src/stm32f1xx_hal.c.obj
                0x20000004                uwTickFreq
 *fill*         0x20000005        0x3 
 .data.uwTickPrio
                0x20000008        0x4 cmake/stm32cubemx/CMakeFiles/STM32_Drivers.dir/__/__/Drivers/STM32F1xx_HAL_Driver/Src/stm32f1xx_hal.c.obj
                0x20000008                uwTickPrio
 *(.RamFunc)
 *(.RamFunc*)
                0x2000000c                        . = ALIGN (0x4)

.igot.plt       0x2000000c        0x0 load address 0x08003974
 .igot.plt      0x2000000c        0x0 E:/ST/STM32CubeCLT_1.18.0/GNU-tools-for-STM32/bin/../lib/gcc/arm-none-eabi/13.3.1/thumb/v7-m/nofp/crtbegin.o

.tdata          0x2000000c        0x0 load address 0x08003974
 *(.tdata .tdata.* .gnu.linkonce.td.*)
                0x2000000c                        . = ALIGN (0x4)
                0x2000000c                        _edata = .
                [!provide]                        PROVIDE (__data_end = .)
                [!provide]                        PROVIDE (__tdata_end = .)
                [!provide]                        PROVIDE (__tdata_start = ADDR (.tdata))
                [!provide]                        PROVIDE (__tdata_size = (__tdata_end - __tdata_start))
                [!provide]                        PROVIDE (__data_start = ADDR (.data))
                [!provide]                        PROVIDE (__data_size = (__data_end - __data_start))
                [!provide]                        PROVIDE (__tdata_source = LOADADDR (.tdata))
                [!provide]                        PROVIDE (__tdata_source_end = (LOADADDR (.tdata) + SIZEOF (.tdata)))
                [!provide]                        PROVIDE (__tdata_source_size = (__tdata_source_end - __tdata_source))
                [!provide]                        PROVIDE (__data_source = LOADADDR (.data))
                [!provide]                        PROVIDE (__data_source_end = __tdata_source_end)
                [!provide]                        PROVIDE (__data_source_size = (__data_source_end - __data_source))

.tbss           0x2000000c        0x0 load address 0x08003974
                0x2000000c                        _sbss = .
                0x2000000c                        __bss_start__ = _sbss
 *(.tbss .tbss.*)
                0x2000000c                        . = ALIGN (0x4)
                [!provide]                        PROVIDE (__tbss_end = .)
                [!provide]                        PROVIDE (__tbss_start = ADDR (.tbss))
                [!provide]                        PROVIDE (__tbss_size = (__tbss_end - __tbss_start))
                [!provide]                        PROVIDE (__tbss_offset = (ADDR (.tbss) - ADDR (.tdata)))
                [!provide]                        PROVIDE (__tls_base = __tdata_start)
                [!provide]                        PROVIDE (__tls_end = __tbss_end)
                [!provide]                        PROVIDE (__tls_size = (__tls_end - __tls_base))
                [!provide]                        PROVIDE (__tls_align = MAX (ALIGNOF (.tdata), ALIGNOF (.tbss)))
                [!provide]                        PROVIDE (__tls_size_align = (((__tls_size + __tls_align) - 0x1) & ~ ((__tls_align - 0x1))))
                [!provide]                        PROVIDE (__arm32_tls_tcb_offset = MAX (0x8, __tls_align))
                [!provide]                        PROVIDE (__arm64_tls_tcb_offset = MAX (0x10, __tls_align))

.bss            0x2000000c      0x59c load address 0x08003974
 *(.bss)
 .bss           0x2000000c       0x1c E:/ST/STM32CubeCLT_1.18.0/GNU-tools-for-STM32/bin/../lib/gcc/arm-none-eabi/13.3.1/thumb/v7-m/nofp/crtbegin.o
 *(.bss*)
 .bss.uwTick    0x20000028        0x4 cmake/stm32cubemx/CMakeFiles/STM32_Drivers.dir/__/__/Drivers/STM32F1xx_HAL_Driver/Src/stm32f1xx_hal.c.obj
                0x20000028                uwTick
 .bss.hadc1     0x2000002c       0x30 CMakeFiles/stm32f103rbt6_a33.dir/Core/Src/adc.c.obj
                0x2000002c                hadc1
 .bss.huart2    0x2000005c       0x48 CMakeFiles/stm32f103rbt6_a33.dir/Core/Src/usart.c.obj
                0x2000005c                huart2
 .bss.huart1    0x200000a4       0x48 CMakeFiles/stm32f103rbt6_a33.dir/Core/Src/usart.c.obj
                0x200000a4                huart1
 .bss.observed_dropped_count.0
                0x200000ec        0x4 CMakeFiles/stm32f103rbt6_a33.dir/App/app_main.c.obj
 .bss.s_last_published_raw_count
                0x200000f0        0x4 CMakeFiles/stm32f103rbt6_a33.dir/App/app_main.c.obj
 .bss.s_fault_entry_applied
                0x200000f4        0x1 CMakeFiles/stm32f103rbt6_a33.dir/App/app_main.c.obj
 .bss.s_device_manager_init_attempted
                0x200000f5        0x1 CMakeFiles/stm32f103rbt6_a33.dir/App/app_main.c.obj
 .bss.s_battery_error_streak
                0x200000f6        0x1 CMakeFiles/stm32f103rbt6_a33.dir/App/device_manager.c.obj
 .bss.s_tm_error_streak
                0x200000f7        0x1 CMakeFiles/stm32f103rbt6_a33.dir/App/device_manager.c.obj
 .bss.s_last_raw_key_mask
                0x200000f8        0x1 CMakeFiles/stm32f103rbt6_a33.dir/App/device_manager.c.obj
 *fill*         0x200000f9        0x3 
 .bss.s_last_battery_error_count
                0x200000fc        0x4 CMakeFiles/stm32f103rbt6_a33.dir/App/device_manager.c.obj
 .bss.s_recorded_overrun_count
                0x20000100        0x4 CMakeFiles/stm32f103rbt6_a33.dir/App/device_manager.c.obj
 .bss.s_overrun_consumed_count
                0x20000104        0x4 CMakeFiles/stm32f103rbt6_a33.dir/App/device_manager.c.obj
 .bss.s_overrun_backlog
                0x20000108        0x2 CMakeFiles/stm32f103rbt6_a33.dir/App/device_manager.c.obj
 *fill*         0x2000010a        0x2 
 .bss.s_last_cs_overrun_count
                0x2000010c        0x4 CMakeFiles/stm32f103rbt6_a33.dir/App/device_manager.c.obj
 .bss.s_error_mask
                0x20000110        0x4 CMakeFiles/stm32f103rbt6_a33.dir/App/device_manager.c.obj
 .bss.s_initialized
                0x20000114        0x1 CMakeFiles/stm32f103rbt6_a33.dir/App/device_manager.c.obj
 *fill*         0x20000115        0x3 
 .bss.s_observed_overrun_count
                0x20000118        0x4 CMakeFiles/stm32f103rbt6_a33.dir/App/measurement_bridge.c.obj
 .bss.s_last_backlog
                0x2000011c        0x2 CMakeFiles/stm32f103rbt6_a33.dir/App/measurement_bridge.c.obj
 *fill*         0x2000011e        0x2 
 .bss.s_invalid_count
                0x20000120        0x4 CMakeFiles/stm32f103rbt6_a33.dir/App/measurement_bridge.c.obj
 .bss.s_consumed_count
                0x20000124        0x4 CMakeFiles/stm32f103rbt6_a33.dir/App/measurement_bridge.c.obj
 .bss.s_system_context
                0x20000128       0xcc CMakeFiles/stm32f103rbt6_a33.dir/App/system_context.c.obj
 .bss.s_w02_assert_start_ms
                0x200001f4        0x4 CMakeFiles/stm32f103rbt6_a33.dir/BSP/bsp_gpio.c.obj
 .bss.s_w02_pwrkey_asserted
                0x200001f8        0x1 CMakeFiles/stm32f103rbt6_a33.dir/BSP/bsp_gpio.c.obj
 *fill*         0x200001f9        0x3 
 .bss.s_cycles_per_us
                0x200001fc        0x4 CMakeFiles/stm32f103rbt6_a33.dir/BSP/bsp_time.c.obj
 .bss.s_snapshot
                0x20000200       0x28 CMakeFiles/stm32f103rbt6_a33.dir/Diagnostics/stage2b_board_diagnostics.c.obj
 .bss.s_digit_phase
                0x20000228        0x1 CMakeFiles/stm32f103rbt6_a33.dir/Diagnostics/stage2b_board_diagnostics.c.obj
 .bss.s_step_index
                0x20000229        0x1 CMakeFiles/stm32f103rbt6_a33.dir/Diagnostics/stage2b_board_diagnostics.c.obj
 *fill*         0x2000022a        0x2 
 .bss.s_key_display_start_ms
                0x2000022c        0x4 CMakeFiles/stm32f103rbt6_a33.dir/Diagnostics/stage2b_board_diagnostics.c.obj
 .bss.s_output_duration_ms
                0x20000230        0x4 CMakeFiles/stm32f103rbt6_a33.dir/Diagnostics/stage2b_board_diagnostics.c.obj
 .bss.s_output_start_ms
                0x20000234        0x4 CMakeFiles/stm32f103rbt6_a33.dir/Diagnostics/stage2b_board_diagnostics.c.obj
 .bss.s_last_display_ms
                0x20000238        0x4 CMakeFiles/stm32f103rbt6_a33.dir/Diagnostics/stage2b_board_diagnostics.c.obj
 .bss.s_state_enter_ms
                0x2000023c        0x4 CMakeFiles/stm32f103rbt6_a33.dir/Diagnostics/stage2b_board_diagnostics.c.obj
 .bss.s_active  0x20000240        0x1 CMakeFiles/stm32f103rbt6_a33.dir/Diagnostics/stage2b_board_diagnostics.c.obj
 *fill*         0x20000241        0x3 
 .bss.s_state   0x20000244       0x2c CMakeFiles/stm32f103rbt6_a33.dir/Domain/measurement/raw_measurement.c.obj
 .bss.s_error_count
                0x20000270        0x4 CMakeFiles/stm32f103rbt6_a33.dir/Drivers/battery_adc/battery_adc.c.obj
 .bss.s_initialized
                0x20000274        0x1 CMakeFiles/stm32f103rbt6_a33.dir/Drivers/battery_adc/battery_adc.c.obj
 *fill*         0x20000275        0x3 
 .bss.s_state   0x20000278       0x14 CMakeFiles/stm32f103rbt6_a33.dir/Drivers/battery_adc/battery_adc.c.obj
 .bss.s_config  0x2000028c       0x20 CMakeFiles/stm32f103rbt6_a33.dir/Drivers/battery_adc/battery_adc.c.obj
 .bss.s_sample_event_sent
                0x200002ac        0x1 CMakeFiles/stm32f103rbt6_a33.dir/Drivers/cs1237/cs1237.c.obj
 .bss.s_last_config_valid
                0x200002ad        0x1 CMakeFiles/stm32f103rbt6_a33.dir/Drivers/cs1237/cs1237.c.obj
 .bss.s_last_config_register
                0x200002ae        0x1 CMakeFiles/stm32f103rbt6_a33.dir/Drivers/cs1237/cs1237.c.obj
 .bss.s_settling_samples
                0x200002af        0x1 CMakeFiles/stm32f103rbt6_a33.dir/Drivers/cs1237/cs1237.c.obj
 .bss.s_state_enter_ms
                0x200002b0        0x4 CMakeFiles/stm32f103rbt6_a33.dir/Drivers/cs1237/cs1237.c.obj
 .bss.s_read_error_count
                0x200002b4        0x4 CMakeFiles/stm32f103rbt6_a33.dir/Drivers/cs1237/cs1237.c.obj
 .bss.s_buffer_overrun_count
                0x200002b8        0x4 CMakeFiles/stm32f103rbt6_a33.dir/Drivers/cs1237/cs1237.c.obj
 .bss.s_sample_count
                0x200002bc        0x4 CMakeFiles/stm32f103rbt6_a33.dir/Drivers/cs1237/cs1237.c.obj
 .bss.s_count   0x200002c0        0x2 CMakeFiles/stm32f103rbt6_a33.dir/Drivers/cs1237/cs1237.c.obj
 .bss.s_tail    0x200002c2        0x2 CMakeFiles/stm32f103rbt6_a33.dir/Drivers/cs1237/cs1237.c.obj
 .bss.s_head    0x200002c4        0x2 CMakeFiles/stm32f103rbt6_a33.dir/Drivers/cs1237/cs1237.c.obj
 *fill*         0x200002c6        0x2 
 .bss.s_buffer  0x200002c8       0xc0 CMakeFiles/stm32f103rbt6_a33.dir/Drivers/cs1237/cs1237.c.obj
 .bss.s_config_phase
                0x20000388        0x1 CMakeFiles/stm32f103rbt6_a33.dir/Drivers/cs1237/cs1237.c.obj
 .bss.s_state   0x20000389        0x1 CMakeFiles/stm32f103rbt6_a33.dir/Drivers/cs1237/cs1237.c.obj
 .bss.s_config  0x2000038a        0x4 CMakeFiles/stm32f103rbt6_a33.dir/Drivers/cs1237/cs1237.c.obj
 .bss.s_output_state
                0x2000038e        0x5 CMakeFiles/stm32f103rbt6_a33.dir/Drivers/output_gpio/output_gpio.c.obj
 *fill*         0x20000393        0x1 
 .bss.s_error_count
                0x20000394        0x4 CMakeFiles/stm32f103rbt6_a33.dir/Drivers/tm1628/tm1628.c.obj
 .bss.s_brightness
                0x20000398        0x1 CMakeFiles/stm32f103rbt6_a33.dir/Drivers/tm1628/tm1628.c.obj
 .bss.s_initialized
                0x20000399        0x1 CMakeFiles/stm32f103rbt6_a33.dir/Drivers/tm1628/tm1628.c.obj
 .bss.s_display_enabled
                0x2000039a        0x1 CMakeFiles/stm32f103rbt6_a33.dir/Drivers/tm1628/tm1628.c.obj
 .bss.s_display_dirty
                0x2000039b        0x1 CMakeFiles/stm32f103rbt6_a33.dir/Drivers/tm1628/tm1628.c.obj
 .bss.s_display_ram
                0x2000039c        0xe CMakeFiles/stm32f103rbt6_a33.dir/Drivers/tm1628/tm1628.c.obj
 *fill*         0x200003aa        0x2 
 .bss.s_requested_low_ms
                0x200003ac        0x4 CMakeFiles/stm32f103rbt6_a33.dir/Drivers/w02/w02_pwrkey.c.obj
 .bss.s_assert_start_ms
                0x200003b0        0x4 CMakeFiles/stm32f103rbt6_a33.dir/Drivers/w02/w02_pwrkey.c.obj
 .bss.s_state   0x200003b4        0x1 CMakeFiles/stm32f103rbt6_a33.dir/Drivers/w02/w02_pwrkey.c.obj
 *fill*         0x200003b5        0x3 
 .bss.s_dropped_count
                0x200003b8        0x4 CMakeFiles/stm32f103rbt6_a33.dir/Services/event_queue/event_queue.c.obj
 .bss.s_count   0x200003bc        0x1 CMakeFiles/stm32f103rbt6_a33.dir/Services/event_queue/event_queue.c.obj
 .bss.s_tail    0x200003bd        0x1 CMakeFiles/stm32f103rbt6_a33.dir/Services/event_queue/event_queue.c.obj
 .bss.s_head    0x200003be        0x1 CMakeFiles/stm32f103rbt6_a33.dir/Services/event_queue/event_queue.c.obj
 *fill*         0x200003bf        0x1 
 .bss.s_queue   0x200003c0      0x140 CMakeFiles/stm32f103rbt6_a33.dir/Services/event_queue/event_queue.c.obj
 .bss.s_fault_mask
                0x20000500        0x4 CMakeFiles/stm32f103rbt6_a33.dir/Services/fault_manager/fault_manager.c.obj
 .bss.s_task_count
                0x20000504        0x1 CMakeFiles/stm32f103rbt6_a33.dir/Services/scheduler/scheduler.c.obj
 *fill*         0x20000505        0x3 
 .bss.s_tasks   0x20000508       0xa0 CMakeFiles/stm32f103rbt6_a33.dir/Services/scheduler/scheduler.c.obj
 *(COMMON)
                0x200005a8                        . = ALIGN (0x4)
                0x200005a8                        _ebss = .
                0x200005a8                        __bss_end__ = _ebss
                [!provide]                        PROVIDE (__bss_end = .)
                [!provide]                        PROVIDE (__non_tls_bss_start = ADDR (.bss))
                [!provide]                        PROVIDE (__bss_start = __tbss_start)
                [!provide]                        PROVIDE (__bss_size = (__bss_end - __bss_start))

._user_heap_stack
                0x200005a8      0x600 load address 0x08003974
                0x200005a8                        . = ALIGN (0x8)
                [!provide]                        PROVIDE (end = .)
                0x200005a8                        PROVIDE (_end = .)
                0x200007a8                        . = (. + _Min_Heap_Size)
 *fill*         0x200005a8      0x200 
                0x20000ba8                        . = (. + _Min_Stack_Size)
 *fill*         0x200007a8      0x400 
                0x20000ba8                        . = ALIGN (0x8)

/DISCARD/
 libc.a:*(*)
 libm.a:*(*)
 libgcc.a:*(*)
OUTPUT(stm32f103rbt6_a33.elf elf32-littlearm)
LOAD linker stubs

.ARM.attributes
                0x00000000       0x29
 .ARM.attributes
                0x00000000       0x1d E:/ST/STM32CubeCLT_1.18.0/GNU-tools-for-STM32/bin/../lib/gcc/arm-none-eabi/13.3.1/thumb/v7-m/nofp/crti.o
 .ARM.attributes
                0x0000001d       0x2d E:/ST/STM32CubeCLT_1.18.0/GNU-tools-for-STM32/bin/../lib/gcc/arm-none-eabi/13.3.1/thumb/v7-m/nofp/crtbegin.o
 .ARM.attributes
                0x0000004a       0x2d cmake/stm32cubemx/CMakeFiles/STM32_Drivers.dir/__/__/Core/Src/system_stm32f1xx.c.obj
 .ARM.attributes
                0x00000077       0x2d cmake/stm32cubemx/CMakeFiles/STM32_Drivers.dir/__/__/Drivers/STM32F1xx_HAL_Driver/Src/stm32f1xx_hal_adc.c.obj
 .ARM.attributes
                0x000000a4       0x2d cmake/stm32cubemx/CMakeFiles/STM32_Drivers.dir/__/__/Drivers/STM32F1xx_HAL_Driver/Src/stm32f1xx_hal_adc_ex.c.obj
 .ARM.attributes
                0x000000d1       0x2d cmake/stm32cubemx/CMakeFiles/STM32_Drivers.dir/__/__/Drivers/STM32F1xx_HAL_Driver/Src/stm32f1xx_hal.c.obj
 .ARM.attributes
                0x000000fe       0x2d cmake/stm32cubemx/CMakeFiles/STM32_Drivers.dir/__/__/Drivers/STM32F1xx_HAL_Driver/Src/stm32f1xx_hal_rcc.c.obj
 .ARM.attributes
                0x0000012b       0x2d cmake/stm32cubemx/CMakeFiles/STM32_Drivers.dir/__/__/Drivers/STM32F1xx_HAL_Driver/Src/stm32f1xx_hal_rcc_ex.c.obj
 .ARM.attributes
                0x00000158       0x2d cmake/stm32cubemx/CMakeFiles/STM32_Drivers.dir/__/__/Drivers/STM32F1xx_HAL_Driver/Src/stm32f1xx_hal_gpio.c.obj
 .ARM.attributes
                0x00000185       0x2d cmake/stm32cubemx/CMakeFiles/STM32_Drivers.dir/__/__/Drivers/STM32F1xx_HAL_Driver/Src/stm32f1xx_hal_cortex.c.obj
 .ARM.attributes
                0x000001b2       0x2d cmake/stm32cubemx/CMakeFiles/STM32_Drivers.dir/__/__/Drivers/STM32F1xx_HAL_Driver/Src/stm32f1xx_hal_uart.c.obj
 .ARM.attributes
                0x000001df       0x2d CMakeFiles/stm32f103rbt6_a33.dir/Core/Src/main.c.obj
 .ARM.attributes
                0x0000020c       0x2d CMakeFiles/stm32f103rbt6_a33.dir/Core/Src/gpio.c.obj
 .ARM.attributes
                0x00000239       0x2d CMakeFiles/stm32f103rbt6_a33.dir/Core/Src/adc.c.obj
 .ARM.attributes
                0x00000266       0x2d CMakeFiles/stm32f103rbt6_a33.dir/Core/Src/usart.c.obj
 .ARM.attributes
                0x00000293       0x2d CMakeFiles/stm32f103rbt6_a33.dir/Core/Src/stm32f1xx_it.c.obj
 .ARM.attributes
                0x000002c0       0x2d CMakeFiles/stm32f103rbt6_a33.dir/Core/Src/stm32f1xx_hal_msp.c.obj
 .ARM.attributes
                0x000002ed       0x21 CMakeFiles/stm32f103rbt6_a33.dir/startup_stm32f103xb.s.obj
 .ARM.attributes
                0x0000030e       0x2d CMakeFiles/stm32f103rbt6_a33.dir/App/app_main.c.obj
 .ARM.attributes
                0x0000033b       0x2d CMakeFiles/stm32f103rbt6_a33.dir/App/device_manager.c.obj
 .ARM.attributes
                0x00000368       0x2d CMakeFiles/stm32f103rbt6_a33.dir/App/measurement_bridge.c.obj
 .ARM.attributes
                0x00000395       0x2d CMakeFiles/stm32f103rbt6_a33.dir/App/system_context.c.obj
 .ARM.attributes
                0x000003c2       0x2d CMakeFiles/stm32f103rbt6_a33.dir/BSP/bsp_adc.c.obj
 .ARM.attributes
                0x000003ef       0x2d CMakeFiles/stm32f103rbt6_a33.dir/BSP/bsp_board.c.obj
 .ARM.attributes
                0x0000041c       0x2d CMakeFiles/stm32f103rbt6_a33.dir/BSP/bsp_gpio.c.obj
 .ARM.attributes
                0x00000449       0x2d CMakeFiles/stm32f103rbt6_a33.dir/BSP/bsp_time.c.obj
 .ARM.attributes
                0x00000476       0x2d CMakeFiles/stm32f103rbt6_a33.dir/Config/default_config.c.obj
 .ARM.attributes
                0x000004a3       0x2d CMakeFiles/stm32f103rbt6_a33.dir/Diagnostics/stage2b_board_diagnostics.c.obj
 .ARM.attributes
                0x000004d0       0x2d CMakeFiles/stm32f103rbt6_a33.dir/Diagnostics/stage2b_display_font.c.obj
 .ARM.attributes
                0x000004fd       0x2d CMakeFiles/stm32f103rbt6_a33.dir/Domain/measurement/raw_measurement.c.obj
 .ARM.attributes
                0x0000052a       0x2d CMakeFiles/stm32f103rbt6_a33.dir/Drivers/battery_adc/battery_adc.c.obj
 .ARM.attributes
                0x00000557       0x2d CMakeFiles/stm32f103rbt6_a33.dir/Drivers/cs1237/cs1237.c.obj
 .ARM.attributes
                0x00000584       0x2d CMakeFiles/stm32f103rbt6_a33.dir/Drivers/output_gpio/output_gpio.c.obj
 .ARM.attributes
                0x000005b1       0x2d CMakeFiles/stm32f103rbt6_a33.dir/Drivers/tm1628/tm1628.c.obj
 .ARM.attributes
                0x000005de       0x2d CMakeFiles/stm32f103rbt6_a33.dir/Drivers/tm1628/tm1628_board_map.c.obj
 .ARM.attributes
                0x0000060b       0x2d CMakeFiles/stm32f103rbt6_a33.dir/Drivers/w02/w02_pwrkey.c.obj
 .ARM.attributes
                0x00000638       0x2d CMakeFiles/stm32f103rbt6_a33.dir/Services/config_store/config_store.c.obj
 .ARM.attributes
                0x00000665       0x2d CMakeFiles/stm32f103rbt6_a33.dir/Services/event_queue/event_queue.c.obj
 .ARM.attributes
                0x00000692       0x2d CMakeFiles/stm32f103rbt6_a33.dir/Services/fault_manager/fault_manager.c.obj
 .ARM.attributes
                0x000006bf       0x2d CMakeFiles/stm32f103rbt6_a33.dir/Services/scheduler/scheduler.c.obj
 .ARM.attributes
                0x000006ec       0x1d E:/ST/STM32CubeCLT_1.18.0/GNU-tools-for-STM32/bin/../lib/gcc/arm-none-eabi/13.3.1/thumb/v7-m/nofp\libgcc.a(_aeabi_ldivmod.o)
 .ARM.attributes
                0x00000709       0x1d E:/ST/STM32CubeCLT_1.18.0/GNU-tools-for-STM32/bin/../lib/gcc/arm-none-eabi/13.3.1/thumb/v7-m/nofp\libgcc.a(_aeabi_uldivmod.o)
 .ARM.attributes
                0x00000726       0x2d E:/ST/STM32CubeCLT_1.18.0/GNU-tools-for-STM32/bin/../lib/gcc/arm-none-eabi/13.3.1/thumb/v7-m/nofp\libgcc.a(_udivmoddi4.o)
 .ARM.attributes
                0x00000753       0x1d E:/ST/STM32CubeCLT_1.18.0/GNU-tools-for-STM32/bin/../lib/gcc/arm-none-eabi/13.3.1/thumb/v7-m/nofp\libgcc.a(_dvmd_tls.o)
 .ARM.attributes
                0x00000770       0x2d E:/ST/STM32CubeCLT_1.18.0/GNU-tools-for-STM32/bin/../lib/gcc/arm-none-eabi/13.3.1/../../../../arm-none-eabi/lib/thumb/v7-m/nofp\libg_nano.a(libc_a-memset.o)
 .ARM.attributes
                0x0000079d       0x2d E:/ST/STM32CubeCLT_1.18.0/GNU-tools-for-STM32/bin/../lib/gcc/arm-none-eabi/13.3.1/../../../../arm-none-eabi/lib/thumb/v7-m/nofp\libg_nano.a(libc_a-init.o)
 .ARM.attributes
                0x000007ca       0x2d E:/ST/STM32CubeCLT_1.18.0/GNU-tools-for-STM32/bin/../lib/gcc/arm-none-eabi/13.3.1/../../../../arm-none-eabi/lib/thumb/v7-m/nofp\libg_nano.a(libc_a-memcpy-stub.o)
 .ARM.attributes
                0x000007f7       0x1d E:/ST/STM32CubeCLT_1.18.0/GNU-tools-for-STM32/bin/../lib/gcc/arm-none-eabi/13.3.1/thumb/v7-m/nofp/crtn.o

.comment        0x00000000       0x43
 .comment       0x00000000       0x43 cmake/stm32cubemx/CMakeFiles/STM32_Drivers.dir/__/__/Core/Src/system_stm32f1xx.c.obj
                                 0x44 (size before relaxing)
 .comment       0x00000043       0x44 cmake/stm32cubemx/CMakeFiles/STM32_Drivers.dir/__/__/Drivers/STM32F1xx_HAL_Driver/Src/stm32f1xx_hal_adc.c.obj
 .comment       0x00000043       0x44 cmake/stm32cubemx/CMakeFiles/STM32_Drivers.dir/__/__/Drivers/STM32F1xx_HAL_Driver/Src/stm32f1xx_hal_adc_ex.c.obj
 .comment       0x00000043       0x44 cmake/stm32cubemx/CMakeFiles/STM32_Drivers.dir/__/__/Drivers/STM32F1xx_HAL_Driver/Src/stm32f1xx_hal.c.obj
 .comment       0x00000043       0x44 cmake/stm32cubemx/CMakeFiles/STM32_Drivers.dir/__/__/Drivers/STM32F1xx_HAL_Driver/Src/stm32f1xx_hal_rcc.c.obj
 .comment       0x00000043       0x44 cmake/stm32cubemx/CMakeFiles/STM32_Drivers.dir/__/__/Drivers/STM32F1xx_HAL_Driver/Src/stm32f1xx_hal_rcc_ex.c.obj
 .comment       0x00000043       0x44 cmake/stm32cubemx/CMakeFiles/STM32_Drivers.dir/__/__/Drivers/STM32F1xx_HAL_Driver/Src/stm32f1xx_hal_gpio.c.obj
 .comment       0x00000043       0x44 cmake/stm32cubemx/CMakeFiles/STM32_Drivers.dir/__/__/Drivers/STM32F1xx_HAL_Driver/Src/stm32f1xx_hal_cortex.c.obj
 .comment       0x00000043       0x44 cmake/stm32cubemx/CMakeFiles/STM32_Drivers.dir/__/__/Drivers/STM32F1xx_HAL_Driver/Src/stm32f1xx_hal_uart.c.obj
 .comment       0x00000043       0x44 CMakeFiles/stm32f103rbt6_a33.dir/Core/Src/main.c.obj
 .comment       0x00000043       0x44 CMakeFiles/stm32f103rbt6_a33.dir/Core/Src/gpio.c.obj
 .comment       0x00000043       0x44 CMakeFiles/stm32f103rbt6_a33.dir/Core/Src/adc.c.obj
 .comment       0x00000043       0x44 CMakeFiles/stm32f103rbt6_a33.dir/Core/Src/usart.c.obj
 .comment       0x00000043       0x44 CMakeFiles/stm32f103rbt6_a33.dir/Core/Src/stm32f1xx_it.c.obj
 .comment       0x00000043       0x44 CMakeFiles/stm32f103rbt6_a33.dir/Core/Src/stm32f1xx_hal_msp.c.obj
 .comment       0x00000043       0x44 CMakeFiles/stm32f103rbt6_a33.dir/App/app_main.c.obj
 .comment       0x00000043       0x44 CMakeFiles/stm32f103rbt6_a33.dir/App/device_manager.c.obj
 .comment       0x00000043       0x44 CMakeFiles/stm32f103rbt6_a33.dir/App/measurement_bridge.c.obj
 .comment       0x00000043       0x44 CMakeFiles/stm32f103rbt6_a33.dir/App/system_context.c.obj
 .comment       0x00000043       0x44 CMakeFiles/stm32f103rbt6_a33.dir/BSP/bsp_adc.c.obj
 .comment       0x00000043       0x44 CMakeFiles/stm32f103rbt6_a33.dir/BSP/bsp_board.c.obj
 .comment       0x00000043       0x44 CMakeFiles/stm32f103rbt6_a33.dir/BSP/bsp_gpio.c.obj
 .comment       0x00000043       0x44 CMakeFiles/stm32f103rbt6_a33.dir/BSP/bsp_time.c.obj
 .comment       0x00000043       0x44 CMakeFiles/stm32f103rbt6_a33.dir/Config/default_config.c.obj
 .comment       0x00000043       0x44 CMakeFiles/stm32f103rbt6_a33.dir/Diagnostics/stage2b_board_diagnostics.c.obj
 .comment       0x00000043       0x44 CMakeFiles/stm32f103rbt6_a33.dir/Diagnostics/stage2b_display_font.c.obj
 .comment       0x00000043       0x44 CMakeFiles/stm32f103rbt6_a33.dir/Domain/measurement/raw_measurement.c.obj
 .comment       0x00000043       0x44 CMakeFiles/stm32f103rbt6_a33.dir/Drivers/battery_adc/battery_adc.c.obj
 .comment       0x00000043       0x44 CMakeFiles/stm32f103rbt6_a33.dir/Drivers/cs1237/cs1237.c.obj
 .comment       0x00000043       0x44 CMakeFiles/stm32f103rbt6_a33.dir/Drivers/output_gpio/output_gpio.c.obj
 .comment       0x00000043       0x44 CMakeFiles/stm32f103rbt6_a33.dir/Drivers/tm1628/tm1628.c.obj
 .comment       0x00000043       0x44 CMakeFiles/stm32f103rbt6_a33.dir/Drivers/tm1628/tm1628_board_map.c.obj
 .comment       0x00000043       0x44 CMakeFiles/stm32f103rbt6_a33.dir/Drivers/w02/w02_pwrkey.c.obj
 .comment       0x00000043       0x44 CMakeFiles/stm32f103rbt6_a33.dir/Services/config_store/config_store.c.obj
 .comment       0x00000043       0x44 CMakeFiles/stm32f103rbt6_a33.dir/Services/event_queue/event_queue.c.obj
 .comment       0x00000043       0x44 CMakeFiles/stm32f103rbt6_a33.dir/Services/fault_manager/fault_manager.c.obj
 .comment       0x00000043       0x44 CMakeFiles/stm32f103rbt6_a33.dir/Services/scheduler/scheduler.c.obj
 .comment       0x00000043       0x44 E:/ST/STM32CubeCLT_1.18.0/GNU-tools-for-STM32/bin/../lib/gcc/arm-none-eabi/13.3.1/../../../../arm-none-eabi/lib/thumb/v7-m/nofp\libg_nano.a(libc_a-memset.o)
 .comment       0x00000043       0x44 E:/ST/STM32CubeCLT_1.18.0/GNU-tools-for-STM32/bin/../lib/gcc/arm-none-eabi/13.3.1/../../../../arm-none-eabi/lib/thumb/v7-m/nofp\libg_nano.a(libc_a-init.o)
 .comment       0x00000043       0x44 E:/ST/STM32CubeCLT_1.18.0/GNU-tools-for-STM32/bin/../lib/gcc/arm-none-eabi/13.3.1/../../../../arm-none-eabi/lib/thumb/v7-m/nofp\libg_nano.a(libc_a-memcpy-stub.o)

.debug_frame    0x00000000      0x118
 .debug_frame   0x00000000       0x44 E:/ST/STM32CubeCLT_1.18.0/GNU-tools-for-STM32/bin/../lib/gcc/arm-none-eabi/13.3.1/thumb/v7-m/nofp\libgcc.a(_aeabi_ldivmod.o)
 .debug_frame   0x00000044       0x2c E:/ST/STM32CubeCLT_1.18.0/GNU-tools-for-STM32/bin/../lib/gcc/arm-none-eabi/13.3.1/thumb/v7-m/nofp\libgcc.a(_aeabi_uldivmod.o)
 .debug_frame   0x00000070       0x34 E:/ST/STM32CubeCLT_1.18.0/GNU-tools-for-STM32/bin/../lib/gcc/arm-none-eabi/13.3.1/thumb/v7-m/nofp\libgcc.a(_udivmoddi4.o)
 .debug_frame   0x000000a4       0x20 E:/ST/STM32CubeCLT_1.18.0/GNU-tools-for-STM32/bin/../lib/gcc/arm-none-eabi/13.3.1/../../../../arm-none-eabi/lib/thumb/v7-m/nofp\libg_nano.a(libc_a-memset.o)
 .debug_frame   0x000000c4       0x2c E:/ST/STM32CubeCLT_1.18.0/GNU-tools-for-STM32/bin/../lib/gcc/arm-none-eabi/13.3.1/../../../../arm-none-eabi/lib/thumb/v7-m/nofp\libg_nano.a(libc_a-init.o)
 .debug_frame   0x000000f0       0x28 E:/ST/STM32CubeCLT_1.18.0/GNU-tools-for-STM32/bin/../lib/gcc/arm-none-eabi/13.3.1/../../../../arm-none-eabi/lib/thumb/v7-m/nofp\libg_nano.a(libc_a-memcpy-stub.o)

.debug_info     0x00000000      0x30c
 .debug_info    0x00000000       0xe0 E:/ST/STM32CubeCLT_1.18.0/GNU-tools-for-STM32/bin/../lib/gcc/arm-none-eabi/13.3.1/../../../../arm-none-eabi/lib/thumb/v7-m/nofp\libg_nano.a(libc_a-memset.o)
 .debug_info    0x000000e0      0x10b E:/ST/STM32CubeCLT_1.18.0/GNU-tools-for-STM32/bin/../lib/gcc/arm-none-eabi/13.3.1/../../../../arm-none-eabi/lib/thumb/v7-m/nofp\libg_nano.a(libc_a-init.o)
 .debug_info    0x000001eb      0x121 E:/ST/STM32CubeCLT_1.18.0/GNU-tools-for-STM32/bin/../lib/gcc/arm-none-eabi/13.3.1/../../../../arm-none-eabi/lib/thumb/v7-m/nofp\libg_nano.a(libc_a-memcpy-stub.o)

.debug_abbrev   0x00000000      0x228
 .debug_abbrev  0x00000000       0x9e E:/ST/STM32CubeCLT_1.18.0/GNU-tools-for-STM32/bin/../lib/gcc/arm-none-eabi/13.3.1/../../../../arm-none-eabi/lib/thumb/v7-m/nofp\libg_nano.a(libc_a-memset.o)
 .debug_abbrev  0x0000009e       0xc9 E:/ST/STM32CubeCLT_1.18.0/GNU-tools-for-STM32/bin/../lib/gcc/arm-none-eabi/13.3.1/../../../../arm-none-eabi/lib/thumb/v7-m/nofp\libg_nano.a(libc_a-init.o)
 .debug_abbrev  0x00000167       0xc1 E:/ST/STM32CubeCLT_1.18.0/GNU-tools-for-STM32/bin/../lib/gcc/arm-none-eabi/13.3.1/../../../../arm-none-eabi/lib/thumb/v7-m/nofp\libg_nano.a(libc_a-memcpy-stub.o)

.debug_loclists
                0x00000000      0x11c
 .debug_loclists
                0x00000000       0x3b E:/ST/STM32CubeCLT_1.18.0/GNU-tools-for-STM32/bin/../lib/gcc/arm-none-eabi/13.3.1/../../../../arm-none-eabi/lib/thumb/v7-m/nofp\libg_nano.a(libc_a-memset.o)
 .debug_loclists
                0x0000003b       0x34 E:/ST/STM32CubeCLT_1.18.0/GNU-tools-for-STM32/bin/../lib/gcc/arm-none-eabi/13.3.1/../../../../arm-none-eabi/lib/thumb/v7-m/nofp\libg_nano.a(libc_a-init.o)
 .debug_loclists
                0x0000006f       0xad E:/ST/STM32CubeCLT_1.18.0/GNU-tools-for-STM32/bin/../lib/gcc/arm-none-eabi/13.3.1/../../../../arm-none-eabi/lib/thumb/v7-m/nofp\libg_nano.a(libc_a-memcpy-stub.o)

.debug_aranges  0x00000000       0x60
 .debug_aranges
                0x00000000       0x20 E:/ST/STM32CubeCLT_1.18.0/GNU-tools-for-STM32/bin/../lib/gcc/arm-none-eabi/13.3.1/../../../../arm-none-eabi/lib/thumb/v7-m/nofp\libg_nano.a(libc_a-memset.o)
 .debug_aranges
                0x00000020       0x20 E:/ST/STM32CubeCLT_1.18.0/GNU-tools-for-STM32/bin/../lib/gcc/arm-none-eabi/13.3.1/../../../../arm-none-eabi/lib/thumb/v7-m/nofp\libg_nano.a(libc_a-init.o)
 .debug_aranges
                0x00000040       0x20 E:/ST/STM32CubeCLT_1.18.0/GNU-tools-for-STM32/bin/../lib/gcc/arm-none-eabi/13.3.1/../../../../arm-none-eabi/lib/thumb/v7-m/nofp\libg_nano.a(libc_a-memcpy-stub.o)

.debug_rnglists
                0x00000000       0x39
 .debug_rnglists
                0x00000000       0x13 E:/ST/STM32CubeCLT_1.18.0/GNU-tools-for-STM32/bin/../lib/gcc/arm-none-eabi/13.3.1/../../../../arm-none-eabi/lib/thumb/v7-m/nofp\libg_nano.a(libc_a-memset.o)
 .debug_rnglists
                0x00000013       0x13 E:/ST/STM32CubeCLT_1.18.0/GNU-tools-for-STM32/bin/../lib/gcc/arm-none-eabi/13.3.1/../../../../arm-none-eabi/lib/thumb/v7-m/nofp\libg_nano.a(libc_a-init.o)
 .debug_rnglists
                0x00000026       0x13 E:/ST/STM32CubeCLT_1.18.0/GNU-tools-for-STM32/bin/../lib/gcc/arm-none-eabi/13.3.1/../../../../arm-none-eabi/lib/thumb/v7-m/nofp\libg_nano.a(libc_a-memcpy-stub.o)

.debug_line     0x00000000      0x4ea
 .debug_line    0x00000000      0x17e E:/ST/STM32CubeCLT_1.18.0/GNU-tools-for-STM32/bin/../lib/gcc/arm-none-eabi/13.3.1/../../../../arm-none-eabi/lib/thumb/v7-m/nofp\libg_nano.a(libc_a-memset.o)
 .debug_line    0x0000017e      0x165 E:/ST/STM32CubeCLT_1.18.0/GNU-tools-for-STM32/bin/../lib/gcc/arm-none-eabi/13.3.1/../../../../arm-none-eabi/lib/thumb/v7-m/nofp\libg_nano.a(libc_a-init.o)
 .debug_line    0x000002e3      0x207 E:/ST/STM32CubeCLT_1.18.0/GNU-tools-for-STM32/bin/../lib/gcc/arm-none-eabi/13.3.1/../../../../arm-none-eabi/lib/thumb/v7-m/nofp\libg_nano.a(libc_a-memcpy-stub.o)

.debug_str      0x00000000      0x311
 .debug_str     0x00000000      0x311 E:/ST/STM32CubeCLT_1.18.0/GNU-tools-for-STM32/bin/../lib/gcc/arm-none-eabi/13.3.1/../../../../arm-none-eabi/lib/thumb/v7-m/nofp\libg_nano.a(libc_a-memset.o)
                                0x209 (size before relaxing)
 .debug_str     0x00000311      0x26a E:/ST/STM32CubeCLT_1.18.0/GNU-tools-for-STM32/bin/../lib/gcc/arm-none-eabi/13.3.1/../../../../arm-none-eabi/lib/thumb/v7-m/nofp\libg_nano.a(libc_a-init.o)
 .debug_str     0x00000311      0x227 E:/ST/STM32CubeCLT_1.18.0/GNU-tools-for-STM32/bin/../lib/gcc/arm-none-eabi/13.3.1/../../../../arm-none-eabi/lib/thumb/v7-m/nofp\libg_nano.a(libc_a-memcpy-stub.o)
