Archive member included to satisfy reference by file (symbol)

E:/ST/STM32CubeCLT_1.18.0/GNU-tools-for-STM32/bin/../lib/gcc/arm-none-eabi/13.3.1/thumb/v7-m/nofp\libgcc.a(_aeabi_ldivmod.o)
                              CMakeFiles/stm32f103rbt6_a33.dir/BSP/bsp_adc.c.obj (__aeabi_ldivmod)
E:/ST/STM32CubeCLT_1.18.0/GNU-tools-for-STM32/bin/../lib/gcc/arm-none-eabi/13.3.1/thumb/v7-m/nofp\libgcc.a(_aeabi_uldivmod.o)
                              CMakeFiles/stm32f103rbt6_a33.dir/BSP/bsp_adc.c.obj (__aeabi_uldivmod)
E:/ST/STM32CubeCLT_1.18.0/GNU-tools-for-STM32/bin/../lib/gcc/arm-none-eabi/13.3.1/thumb/v7-m/nofp\libgcc.a(_udivmoddi4.o)
                              E:/ST/STM32CubeCLT_1.18.0/GNU-tools-for-STM32/bin/../lib/gcc/arm-none-eabi/13.3.1/thumb/v7-m/nofp\libgcc.a(_aeabi_ldivmod.o) (__udivmoddi4)
E:/ST/STM32CubeCLT_1.18.0/GNU-tools-for-STM32/bin/../lib/gcc/arm-none-eabi/13.3.1/thumb/v7-m/nofp\libgcc.a(_dvmd_tls.o)
                              E:/ST/STM32CubeCLT_1.18.0/GNU-tools-for-STM32/bin/../lib/gcc/arm-none-eabi/13.3.1/thumb/v7-m/nofp\libgcc.a(_aeabi_ldivmod.o) (__aeabi_ldiv0)
E:/ST/STM32CubeCLT_1.18.0/GNU-tools-for-STM32/bin/../lib/gcc/arm-none-eabi/13.3.1/../../../../arm-none-eabi/lib/thumb/v7-m/nofp\libg_nano.a(libc_a-exit.o)
                              E:/ST/STM32CubeCLT_1.18.0/GNU-tools-for-STM32/bin/../lib/gcc/arm-none-eabi/13.3.1/../../../../arm-none-eabi/lib/thumb/v7-m/nofp/crt0.o (exit)
E:/ST/STM32CubeCLT_1.18.0/GNU-tools-for-STM32/bin/../lib/gcc/arm-none-eabi/13.3.1/../../../../arm-none-eabi/lib/thumb/v7-m/nofp\libg_nano.a(libc_a-findfp.o)
                              E:/ST/STM32CubeCLT_1.18.0/GNU-tools-for-STM32/bin/../lib/gcc/arm-none-eabi/13.3.1/../../../../arm-none-eabi/lib/thumb/v7-m/nofp\libg_nano.a(libc_a-exit.o) (__stdio_exit_handler)
E:/ST/STM32CubeCLT_1.18.0/GNU-tools-for-STM32/bin/../lib/gcc/arm-none-eabi/13.3.1/../../../../arm-none-eabi/lib/thumb/v7-m/nofp\libg_nano.a(libc_a-fwalk.o)
                              E:/ST/STM32CubeCLT_1.18.0/GNU-tools-for-STM32/bin/../lib/gcc/arm-none-eabi/13.3.1/../../../../arm-none-eabi/lib/thumb/v7-m/nofp\libg_nano.a(libc_a-findfp.o) (_fwalk_sglue)
E:/ST/STM32CubeCLT_1.18.0/GNU-tools-for-STM32/bin/../lib/gcc/arm-none-eabi/13.3.1/../../../../arm-none-eabi/lib/thumb/v7-m/nofp\libg_nano.a(libc_a-stdio.o)
                              E:/ST/STM32CubeCLT_1.18.0/GNU-tools-for-STM32/bin/../lib/gcc/arm-none-eabi/13.3.1/../../../../arm-none-eabi/lib/thumb/v7-m/nofp\libg_nano.a(libc_a-findfp.o) (__sread)
E:/ST/STM32CubeCLT_1.18.0/GNU-tools-for-STM32/bin/../lib/gcc/arm-none-eabi/13.3.1/../../../../arm-none-eabi/lib/thumb/v7-m/nofp\libg_nano.a(libc_a-memcmp.o)
                              CMakeFiles/stm32f103rbt6_a33.dir/App/system_context.c.obj (memcmp)
E:/ST/STM32CubeCLT_1.18.0/GNU-tools-for-STM32/bin/../lib/gcc/arm-none-eabi/13.3.1/../../../../arm-none-eabi/lib/thumb/v7-m/nofp\libg_nano.a(libc_a-memset.o)
                              E:/ST/STM32CubeCLT_1.18.0/GNU-tools-for-STM32/bin/../lib/gcc/arm-none-eabi/13.3.1/../../../../arm-none-eabi/lib/thumb/v7-m/nofp/crt0.o (memset)
E:/ST/STM32CubeCLT_1.18.0/GNU-tools-for-STM32/bin/../lib/gcc/arm-none-eabi/13.3.1/../../../../arm-none-eabi/lib/thumb/v7-m/nofp\libg_nano.a(libc_a-closer.o)
                              E:/ST/STM32CubeCLT_1.18.0/GNU-tools-for-STM32/bin/../lib/gcc/arm-none-eabi/13.3.1/../../../../arm-none-eabi/lib/thumb/v7-m/nofp\libg_nano.a(libc_a-stdio.o) (_close_r)
E:/ST/STM32CubeCLT_1.18.0/GNU-tools-for-STM32/bin/../lib/gcc/arm-none-eabi/13.3.1/../../../../arm-none-eabi/lib/thumb/v7-m/nofp\libg_nano.a(libc_a-reent.o)
                              E:/ST/STM32CubeCLT_1.18.0/GNU-tools-for-STM32/bin/../lib/gcc/arm-none-eabi/13.3.1/../../../../arm-none-eabi/lib/thumb/v7-m/nofp\libg_nano.a(libc_a-closer.o) (errno)
E:/ST/STM32CubeCLT_1.18.0/GNU-tools-for-STM32/bin/../lib/gcc/arm-none-eabi/13.3.1/../../../../arm-none-eabi/lib/thumb/v7-m/nofp\libg_nano.a(libc_a-impure.o)
                              E:/ST/STM32CubeCLT_1.18.0/GNU-tools-for-STM32/bin/../lib/gcc/arm-none-eabi/13.3.1/../../../../arm-none-eabi/lib/thumb/v7-m/nofp\libg_nano.a(libc_a-reent.o) (_impure_ptr)
E:/ST/STM32CubeCLT_1.18.0/GNU-tools-for-STM32/bin/../lib/gcc/arm-none-eabi/13.3.1/../../../../arm-none-eabi/lib/thumb/v7-m/nofp\libg_nano.a(libc_a-lseekr.o)
                              E:/ST/STM32CubeCLT_1.18.0/GNU-tools-for-STM32/bin/../lib/gcc/arm-none-eabi/13.3.1/../../../../arm-none-eabi/lib/thumb/v7-m/nofp\libg_nano.a(libc_a-stdio.o) (_lseek_r)
E:/ST/STM32CubeCLT_1.18.0/GNU-tools-for-STM32/bin/../lib/gcc/arm-none-eabi/13.3.1/../../../../arm-none-eabi/lib/thumb/v7-m/nofp\libg_nano.a(libc_a-readr.o)
                              E:/ST/STM32CubeCLT_1.18.0/GNU-tools-for-STM32/bin/../lib/gcc/arm-none-eabi/13.3.1/../../../../arm-none-eabi/lib/thumb/v7-m/nofp\libg_nano.a(libc_a-stdio.o) (_read_r)
[...]
Memory Configuration

Name             Origin             Length             Attributes
RAM              0x20000000         0x00005000         xrw
FLASH            0x08000000         0x0001f000         xr
CONFIG_A         0x0801f000         0x00000800         r
CONFIG_B         0x0801f800         0x00000800         r
*default*        0x00000000         0xffffffff

Linker script and memory map

LOAD E:/ST/STM32CubeCLT_1.18.0/GNU-tools-for-STM32/bin/../lib/gcc/arm-none-eabi/13.3.1/thumb/v7-m/nofp/crti.o
LOAD E:/ST/STM32CubeCLT_1.18.0/GNU-tools-for-STM32/bin/../lib/gcc/arm-none-eabi/13.3.1/thumb/v7-m/nofp/crtbegin.o
LOAD E:/ST/STM32CubeCLT_1.18.0/GNU-tools-for-STM32/bin/../lib/gcc/arm-none-eabi/13.3.1/../../../../arm-none-eabi/lib/thumb/v7-m/nofp/crt0.o
LOAD cmake/stm32cubemx/CMakeFiles/STM32_Drivers.dir/__/__/Core/Src/system_stm32f1xx.c.obj
LOAD cmake/stm32cubemx/CMakeFiles/STM32_Drivers.dir/__/__/Drivers/STM32F1xx_HAL_Driver/Src/stm32f1xx_hal_gpio_ex.c.obj
LOAD cmake/stm32cubemx/CMakeFiles/STM32_Drivers.dir/__/__/Drivers/STM32F1xx_HAL_Driver/Src/stm32f1xx_hal_adc.c.obj
LOAD cmake/stm32cubemx/CMakeFiles/STM32_Drivers.dir/__/__/Drivers/STM32F1xx_HAL_Driver/Src/stm32f1xx_hal_adc_ex.c.obj
LOAD cmake/stm32cubemx/CMakeFiles/STM32_Drivers.dir/__/__/Drivers/STM32F1xx_HAL_Driver/Src/stm32f1xx_hal.c.obj
LOAD cmake/stm32cubemx/CMakeFiles/STM32_Drivers.dir/__/__/Drivers/STM32F1xx_HAL_Driver/Src/stm32f1xx_hal_rcc.c.obj
LOAD cmake/stm32cubemx/CMakeFiles/STM32_Drivers.dir/__/__/Drivers/STM32F1xx_HAL_Driver/Src/stm32f1xx_hal_rcc_ex.c.obj
LOAD cmake/stm32cubemx/CMakeFiles/STM32_Drivers.dir/__/__/Drivers/STM32F1xx_HAL_Driver/Src/stm32f1xx_hal_gpio.c.obj
LOAD cmake/stm32cubemx/CMakeFiles/STM32_Drivers.dir/__/__/Drivers/STM32F1xx_HAL_Driver/Src/stm32f1xx_hal_dma.c.obj
LOAD cmake/stm32cubemx/CMakeFiles/STM32_Drivers.dir/__/__/Drivers/STM32F1xx_HAL_Driver/Src/stm32f1xx_hal_cortex.c.obj
LOAD cmake/stm32cubemx/CMakeFiles/STM32_Drivers.dir/__/__/Drivers/STM32F1xx_HAL_Driver/Src/stm32f1xx_hal_pwr.c.obj
LOAD cmake/stm32cubemx/CMakeFiles/STM32_Drivers.dir/__/__/Drivers/STM32F1xx_HAL_Driver/Src/stm32f1xx_hal_flash.c.obj
LOAD cmake/stm32cubemx/CMakeFiles/STM32_Drivers.dir/__/__/Drivers/STM32F1xx_HAL_Driver/Src/stm32f1xx_hal_flash_ex.c.obj
LOAD cmake/stm32cubemx/CMakeFiles/STM32_Drivers.dir/__/__/Drivers/STM32F1xx_HAL_Driver/Src/stm32f1xx_hal_exti.c.obj
LOAD cmake/stm32cubemx/CMakeFiles/STM32_Drivers.dir/__/__/Drivers/STM32F1xx_HAL_Driver/Src/stm32f1xx_hal_uart.c.obj
LOAD CMakeFiles/stm32f103rbt6_a33.dir/Core/Src/main.c.obj
LOAD CMakeFiles/stm32f103rbt6_a33.dir/Core/Src/gpio.c.obj
LOAD CMakeFiles/stm32f103rbt6_a33.dir/Core/Src/adc.c.obj
LOAD CMakeFiles/stm32f103rbt6_a33.dir/Core/Src/usart.c.obj
LOAD CMakeFiles/stm32f103rbt6_a33.dir/Core/Src/stm32f1xx_it.c.obj
LOAD CMakeFiles/stm32f103rbt6_a33.dir/Core/Src/stm32f1xx_hal_msp.c.obj
LOAD CMakeFiles/stm32f103rbt6_a33.dir/Core/Src/sysmem.c.obj
LOAD CMakeFiles/stm32f103rbt6_a33.dir/Core/Src/syscalls.c.obj
LOAD CMakeFiles/stm32f103rbt6_a33.dir/startup_stm32f103xb.s.obj
LOAD CMakeFiles/stm32f103rbt6_a33.dir/App/calibration_controller.c.obj
LOAD CMakeFiles/stm32f103rbt6_a33.dir/App/config_application.c.obj
LOAD CMakeFiles/stm32f103rbt6_a33.dir/App/app_main.c.obj
LOAD CMakeFiles/stm32f103rbt6_a33.dir/App/device_manager.c.obj
LOAD CMakeFiles/stm32f103rbt6_a33.dir/App/measurement_bridge.c.obj
LOAD CMakeFiles/stm32f103rbt6_a33.dir/App/metrology_manager.c.obj
LOAD CMakeFiles/stm32f103rbt6_a33.dir/App/persistence_manager.c.obj
LOAD CMakeFiles/stm32f103rbt6_a33.dir/App/self_test_controller.c.obj
LOAD CMakeFiles/stm32f103rbt6_a33.dir/App/system_context.c.obj
LOAD CMakeFiles/stm32f103rbt6_a33.dir/BSP/bsp_adc.c.obj
LOAD CMakeFiles/stm32f103rbt6_a33.dir/BSP/bsp_board.c.obj
LOAD CMakeFiles/stm32f103rbt6_a33.dir/BSP/bsp_flash.c.obj
LOAD CMakeFiles/stm32f103rbt6_a33.dir/BSP/bsp_gpio.c.obj
LOAD CMakeFiles/stm32f103rbt6_a33.dir/BSP/bsp_time.c.obj
LOAD CMakeFiles/stm32f103rbt6_a33.dir/BSP/bsp_uart.c.obj
LOAD CMakeFiles/stm32f103rbt6_a33.dir/Config/default_config.c.obj
LOAD CMakeFiles/stm32f103rbt6_a33.dir/Diagnostics/stage2a_driver_diagnostics.c.obj
LOAD CMakeFiles/stm32f103rbt6_a33.dir/Diagnostics/stage2b_board_diagnostics.c.obj
LOAD CMakeFiles/stm32f103rbt6_a33.dir/Diagnostics/stage2b_display_font.c.obj
LOAD CMakeFiles/stm32f103rbt6_a33.dir/Diagnostics/stage3_metrology_diagnostics.c.obj
LOAD CMakeFiles/stm32f103rbt6_a33.dir/Diagnostics/stage4b_storage_diagnostics.c.obj
LOAD CMakeFiles/stm32f103rbt6_a33.dir/Domain/calibration/calibration_model.c.obj
LOAD CMakeFiles/stm32f103rbt6_a33.dir/Domain/calibration/raw_calibration_stability.c.obj
LOAD CMakeFiles/stm32f103rbt6_a33.dir/Domain/filter/weight_filter.c.obj
LOAD CMakeFiles/stm32f103rbt6_a33.dir/Domain/measurement/metrology_config_validator.c.obj
LOAD CMakeFiles/stm32f103rbt6_a33.dir/Domain/measurement/raw_measurement.c.obj
LOAD CMakeFiles/stm32f103rbt6_a33.dir/Domain/measurement/weight_engine.c.obj
LOAD CMakeFiles/stm32f103rbt6_a33.dir/Domain/measurement/weight_math.c.obj
LOAD CMakeFiles/stm32f103rbt6_a33.dir/Domain/stability/stability_detector.c.obj
LOAD CMakeFiles/stm32f103rbt6_a33.dir/Domain/zero_tare/zero_tare.c.obj
LOAD CMakeFiles/stm32f103rbt6_a33.dir/Drivers/battery_adc/battery_adc.c.obj
LOAD CMakeFiles/stm32f103rbt6_a33.dir/Drivers/cs1237/cs1237.c.obj
LOAD CMakeFiles/stm32f103rbt6_a33.dir/Drivers/output_gpio/output_gpio.c.obj
LOAD CMakeFiles/stm32f103rbt6_a33.dir/Drivers/tm1628/tm1628.c.obj
LOAD CMakeFiles/stm32f103rbt6_a33.dir/Drivers/tm1628/tm1628_board_map.c.obj
LOAD CMakeFiles/stm32f103rbt6_a33.dir/Drivers/w02/w02_pwrkey.c.obj
LOAD CMakeFiles/stm32f103rbt6_a33.dir/Protocol/command_service/command_service.c.obj
LOAD CMakeFiles/stm32f103rbt6_a33.dir/Services/config_edit/config_edit.c.obj
LOAD CMakeFiles/stm32f103rbt6_a33.dir/Services/config_store/config_store.c.obj
LOAD CMakeFiles/stm32f103rbt6_a33.dir/Services/config_store/persistent_codec.c.obj
LOAD CMakeFiles/stm32f103rbt6_a33.dir/Services/crc32/crc32.c.obj
LOAD CMakeFiles/stm32f103rbt6_a33.dir/Services/event_queue/event_queue.c.obj
LOAD CMakeFiles/stm32f103rbt6_a33.dir/Services/fault_manager/fault_manager.c.obj
LOAD CMakeFiles/stm32f103rbt6_a33.dir/Services/scheduler/scheduler.c.obj
LOAD CMakeFiles/stm32f103rbt6_a33.dir/UI/display_controller.c.obj
LOAD CMakeFiles/stm32f103rbt6_a33.dir/UI/display_model/display_codes.c.obj
LOAD CMakeFiles/stm32f103rbt6_a33.dir/UI/display_model/display_formatter.c.obj
LOAD CMakeFiles/stm32f103rbt6_a33.dir/UI/display_model/display_model.c.obj
LOAD CMakeFiles/stm32f103rbt6_a33.dir/UI/key_service/key_map.c.obj
LOAD CMakeFiles/stm32f103rbt6_a33.dir/UI/key_service/key_service.c.obj
LOAD CMakeFiles/stm32f103rbt6_a33.dir/UI/menu_controller/menu_controller.c.obj
LOAD E:/ST/STM32CubeCLT_1.18.0/GNU-tools-for-STM32/bin/../lib/gcc/arm-none-eabi/13.3.1/../../../../arm-none-eabi/lib/thumb/v7-m/nofp\libm.a
START GROUP
LOAD E:/ST/STM32CubeCLT_1.18.0/GNU-tools-for-STM32/bin/../lib/gcc/arm-none-eabi/13.3.1/thumb/v7-m/nofp\libgcc.a
LOAD E:/ST/STM32CubeCLT_1.18.0/GNU-tools-for-STM32/bin/../lib/gcc/arm-none-eabi/13.3.1/../../../../arm-none-eabi/lib/thumb/v7-m/nofp\libg_nano.a
LOAD E:/ST/STM32CubeCLT_1.18.0/GNU-tools-for-STM32/bin/../lib/gcc/arm-none-eabi/13.3.1/../../../../arm-none-eabi/lib/thumb/v7-m/nofp\libc_nano.a
END GROUP
START GROUP
LOAD E:/ST/STM32CubeCLT_1.18.0/GNU-tools-for-STM32/bin/../lib/gcc/arm-none-eabi/13.3.1/thumb/v7-m/nofp\libgcc.a
LOAD E:/ST/STM32CubeCLT_1.18.0/GNU-tools-for-STM32/bin/../lib/gcc/arm-none-eabi/13.3.1/../../../../arm-none-eabi/lib/thumb/v7-m/nofp\libc_nano.a
END GROUP
LOAD E:/ST/STM32CubeCLT_1.18.0/GNU-tools-for-STM32/bin/../lib/gcc/arm-none-eabi/13.3.1/thumb/v7-m/nofp/crtend.o
LOAD E:/ST/STM32CubeCLT_1.18.0/GNU-tools-for-STM32/bin/../lib/gcc/arm-none-eabi/13.3.1/thumb/v7-m/nofp/crtn.o
                0x0801f000                        __application_flash_end__ = (ORIGIN (FLASH) + LENGTH (FLASH))
                0x0801f000                        __config_slot_a_start__ = ORIGIN (CONFIG_A)
                0x0801f800                        __config_slot_a_end__ = (ORIGIN (CONFIG_A) + LENGTH (CONFIG_A))
                0x0801f800                        __config_slot_b_start__ = ORIGIN (CONFIG_B)
                0x08020000                        __config_slot_b_end__ = (ORIGIN (CONFIG_B) + LENGTH (CONFIG_B))
                0x00000001                        ASSERT ((__application_flash_end__ == 0x801f000), application FLASH must end before configuration slots)
                0x00000001                        ASSERT ((LENGTH (CONFIG_A) == 0x800), configuration slot A must be 2048 bytes)
                0x00000001                        ASSERT ((LENGTH (CONFIG_B) == 0x800), configuration slot B must be 2048 bytes)
                0x00000001                        ASSERT ((__config_slot_a_end__ <= __config_slot_b_start__), configuration slots overlap)
                0x00000001                        ASSERT ((__config_slot_b_end__ == 0x8020000), configuration area must end at device FLASH boundary)
                0x20005000                        _estack = (ORIGIN (RAM) + LENGTH (RAM))
                0x00000200                        _Min_Heap_Size = 0x200
                0x00000400                        _Min_Stack_Size = 0x400

.isr_vector     0x08000000      0x10c
                0x08000000                        . = ALIGN (0x4)
 *(.isr_vector)
 .isr_vector    0x08000000      0x10c CMakeFiles/stm32f103rbt6_a33.dir/startup_stm32f103xb.s.obj
                0x08000000                g_pfnVectors
                0x0800010c                        . = ALIGN (0x4)

.text           0x0800010c     0x77f8
                0x0800010c                        . = ALIGN (0x4)
 *(.text)
 .text          0x0800010c       0x40 E:/ST/STM32CubeCLT_1.18.0/GNU-tools-for-STM32/bin/../lib/gcc/arm-none-eabi/13.3.1/thumb/v7-m/nofp/crtbegin.o
 .text          0x0800014c       0xa0 E:/ST/STM32CubeCLT_1.18.0/GNU-tools-for-STM32/bin/../lib/gcc/arm-none-eabi/13.3.1/thumb/v7-m/nofp\libgcc.a(_aeabi_ldivmod.o)
                0x0800014c                __aeabi_ldivmod
 .text          0x080001ec       0x30 E:/ST/STM32CubeCLT_1.18.0/GNU-tools-for-STM32/bin/../lib/gcc/arm-none-eabi/13.3.1/thumb/v7-m/nofp\libgcc.a(_aeabi_uldivmod.o)
                0x080001ec                __aeabi_uldivmod
 .text          0x0800021c      0x300 E:/ST/STM32CubeCLT_1.18.0/GNU-tools-for-STM32/bin/../lib/gcc/arm-none-eabi/13.3.1/thumb/v7-m/nofp\libgcc.a(_udivmoddi4.o)
                0x0800021c                __udivmoddi4
 .text          0x0800051c        0x4 E:/ST/STM32CubeCLT_1.18.0/GNU-tools-for-STM32/bin/../lib/gcc/arm-none-eabi/13.3.1/thumb/v7-m/nofp\libgcc.a(_dvmd_tls.o)
                0x0800051c                __aeabi_idiv0
                0x0800051c                __aeabi_ldiv0
 *(.text*)
 .text.SystemInit
                0x08000520        0x2 cmake/stm32cubemx/CMakeFiles/STM32_Drivers.dir/__/__/Core/Src/system_stm32f1xx.c.obj
                0x08000520                SystemInit
 *fill*         0x08000522        0x2 
 .text.HAL_ADC_PollForConversion
                0x08000524      0x148 cmake/stm32cubemx/CMakeFiles/STM32_Drivers.dir/__/__/Drivers/STM32F1xx_HAL_Driver/Src/stm32f1xx_hal_adc.c.obj
                0x08000524                HAL_ADC_PollForConversion
 .text.HAL_ADC_GetValue
                0x0800066c        0x6 cmake/stm32cubemx/CMakeFiles/STM32_Drivers.dir/__/__/Drivers/STM32F1xx_HAL_Driver/Src/stm32f1xx_hal_adc.c.obj
                0x0800066c                HAL_ADC_GetValue
 *fill*         0x08000672        0x2 
 .text.HAL_ADC_ConfigChannel
                0x08000674       0xfc cmake/stm32cubemx/CMakeFiles/STM32_Drivers.dir/__/__/Drivers/STM32F1xx_HAL_Driver/Src/stm32f1xx_hal_adc.c.obj
                0x08000674                HAL_ADC_ConfigChannel
 .text.ADC_Enable
                0x08000770       0x78 cmake/stm32cubemx/CMakeFiles/STM32_Drivers.dir/__/__/Drivers/STM32F1xx_HAL_Driver/Src/stm32f1xx_hal_adc.c.obj
                0x08000770                ADC_Enable
 .text.HAL_ADC_Start
                0x080007e8       0xc4 cmake/stm32cubemx/CMakeFiles/STM32_Drivers.dir/__/__/Drivers/STM32F1xx_HAL_Driver/Src/stm32f1xx_hal_adc.c.obj
                0x080007e8                HAL_ADC_Start
 .text.ADC_ConversionStop_Disable
                0x080008ac       0x4c cmake/stm32cubemx/CMakeFiles/STM32_Drivers.dir/__/__/Drivers/STM32F1xx_HAL_Driver/Src/stm32f1xx_hal_adc.c.obj
                0x080008ac                ADC_ConversionStop_Disable
 .text.HAL_ADC_Init
                0x080008f8       0xfc cmake/stm32cubemx/CMakeFiles/STM32_Drivers.dir/__/__/Drivers/STM32F1xx_HAL_Driver/Src/stm32f1xx_hal_adc.c.obj
                0x080008f8                HAL_ADC_Init
 .text.HAL_ADC_Stop
                0x080009f4       0x34 cmake/stm32cubemx/CMakeFiles/STM32_Drivers.dir/__/__/Drivers/STM32F1xx_HAL_Driver/Src/stm32f1xx_hal_adc.c.obj
                0x080009f4                HAL_ADC_Stop
 .text.HAL_ADCEx_Calibration_Start
                0x08000a28       0xe0 cmake/stm32cubemx/CMakeFiles/STM32_Drivers.dir/__/__/Drivers/STM32F1xx_HAL_Driver/Src/stm32f1xx_hal_adc_ex.c.obj
                0x08000a28                HAL_ADCEx_Calibration_Start
 .text.HAL_InitTick
                0x08000b08       0x48 cmake/stm32cubemx/CMakeFiles/STM32_Drivers.dir/__/__/Drivers/STM32F1xx_HAL_Driver/Src/stm32f1xx_hal.c.obj
                0x08000b08                HAL_InitTick
 .text.HAL_Init
                0x08000b50       0x24 cmake/stm32cubemx/CMakeFiles/STM32_Drivers.dir/__/__/Drivers/STM32F1xx_HAL_Driver/Src/stm32f1xx_hal.c.obj
                0x08000b50                HAL_Init
 .text.HAL_IncTick
                0x08000b74       0x18 cmake/stm32cubemx/CMakeFiles/STM32_Drivers.dir/__/__/Drivers/STM32F1xx_HAL_Driver/Src/stm32f1xx_hal.c.obj
                0x08000b74                HAL_IncTick
 .text.HAL_GetTick
                0x08000b8c        0xc cmake/stm32cubemx/CMakeFiles/STM32_Drivers.dir/__/__/Drivers/STM32F1xx_HAL_Driver/Src/stm32f1xx_hal.c.obj
                0x08000b8c                HAL_GetTick
 .text.HAL_RCC_OscConfig
                0x08000b98      0x338 cmake/stm32cubemx/CMakeFiles/STM32_Drivers.dir/__/__/Drivers/STM32F1xx_HAL_Driver/Src/stm32f1xx_hal_rcc.c.obj
                0x08000b98                HAL_RCC_OscConfig
 .text.HAL_RCC_GetSysClockFreq
                0x08000ed0       0x4c cmake/stm32cubemx/CMakeFiles/STM32_Drivers.dir/__/__/Drivers/STM32F1xx_HAL_Driver/Src/stm32f1xx_hal_rcc.c.obj
                0x08000ed0                HAL_RCC_GetSysClockFreq
 .text.HAL_RCC_ClockConfig
                0x08000f1c      0x138 cmake/stm32cubemx/CMakeFiles/STM32_Drivers.dir/__/__/Drivers/STM32F1xx_HAL_Driver/Src/stm32f1xx_hal_rcc.c.obj
                0x08000f1c                HAL_RCC_ClockConfig
 .text.HAL_RCC_GetPCLK1Freq
                0x08001054       0x20 cmake/stm32cubemx/CMakeFiles/STM32_Drivers.dir/__/__/Drivers/STM32F1xx_HAL_Driver/Src/stm32f1xx_hal_rcc.c.obj
                0x08001054                HAL_RCC_GetPCLK1Freq
 .text.HAL_RCC_GetPCLK2Freq
                0x08001074       0x20 cmake/stm32cubemx/CMakeFiles/STM32_Drivers.dir/__/__/Drivers/STM32F1xx_HAL_Driver/Src/stm32f1xx_hal_rcc.c.obj
                0x08001074                HAL_RCC_GetPCLK2Freq
 .text.HAL_RCCEx_PeriphCLKConfig
                0x08001094       0xf4 cmake/stm32cubemx/CMakeFiles/STM32_Drivers.dir/__/__/Drivers/STM32F1xx_HAL_Driver/Src/stm32f1xx_hal_rcc_ex.c.obj
                0x08001094                HAL_RCCEx_PeriphCLKConfig
 .text.HAL_RCCEx_GetPeriphCLKFreq
                0x08001188       0xbc cmake/stm32cubemx/CMakeFiles/STM32_Drivers.dir/__/__/Drivers/STM32F1xx_HAL_Driver/Src/stm32f1xx_hal_rcc_ex.c.obj
                0x08001188                HAL_RCCEx_GetPeriphCLKFreq
 .text.HAL_GPIO_Init
                0x08001244      0x1a8 cmake/stm32cubemx/CMakeFiles/STM32_Drivers.dir/__/__/Drivers/STM32F1xx_HAL_Driver/Src/stm32f1xx_hal_gpio.c.obj
                0x08001244                HAL_GPIO_Init
 .text.HAL_GPIO_ReadPin
                0x080013ec        0xc cmake/stm32cubemx/CMakeFiles/STM32_Drivers.dir/__/__/Drivers/STM32F1xx_HAL_Driver/Src/stm32f1xx_hal_gpio.c.obj
                0x080013ec                HAL_GPIO_ReadPin
 .text.HAL_GPIO_WritePin
                0x080013f8        0xa cmake/stm32cubemx/CMakeFiles/STM32_Drivers.dir/__/__/Drivers/STM32F1xx_HAL_Driver/Src/stm32f1xx_hal_gpio.c.obj
                0x080013f8                HAL_GPIO_WritePin
 *fill*         0x08001402        0x2 
 .text.HAL_NVIC_SetPriorityGrouping
                0x08001404       0x24 cmake/stm32cubemx/CMakeFiles/STM32_Drivers.dir/__/__/Drivers/STM32F1xx_HAL_Driver/Src/stm32f1xx_hal_cortex.c.obj
                0x08001404                HAL_NVIC_SetPriorityGrouping
 .text.HAL_NVIC_SetPriority
                0x08001428       0x60 cmake/stm32cubemx/CMakeFiles/STM32_Drivers.dir/__/__/Drivers/STM32F1xx_HAL_Driver/Src/stm32f1xx_hal_cortex.c.obj
                0x08001428                HAL_NVIC_SetPriority
 .text.HAL_SYSTICK_Config
                0x08001488       0x28 cmake/stm32cubemx/CMakeFiles/STM32_Drivers.dir/__/__/Drivers/STM32F1xx_HAL_Driver/Src/stm32f1xx_hal_cortex.c.obj
                0x08001488                HAL_SYSTICK_Config
 .text.FLASH_SetErrorCode
                0x080014b0       0x50 cmake/stm32cubemx/CMakeFiles/STM32_Drivers.dir/__/__/Drivers/STM32F1xx_HAL_Driver/Src/stm32f1xx_hal_flash.c.obj
 .text.HAL_FLASH_Unlock
                0x08001500       0x24 cmake/stm32cubemx/CMakeFiles/STM32_Drivers.dir/__/__/Drivers/STM32F1xx_HAL_Driver/Src/stm32f1xx_hal_flash.c.obj
                0x08001500                HAL_FLASH_Unlock
 .text.HAL_FLASH_Lock
                0x08001524       0x14 cmake/stm32cubemx/CMakeFiles/STM32_Drivers.dir/__/__/Drivers/STM32F1xx_HAL_Driver/Src/stm32f1xx_hal_flash.c.obj
                0x08001524                HAL_FLASH_Lock
 .text.FLASH_WaitForLastOperation
                0x08001538       0x54 cmake/stm32cubemx/CMakeFiles/STM32_Drivers.dir/__/__/Drivers/STM32F1xx_HAL_Driver/Src/stm32f1xx_hal_flash.c.obj
                0x08001538                FLASH_WaitForLastOperation
 .text.HAL_FLASH_Program
                0x0800158c       0xa4 cmake/stm32cubemx/CMakeFiles/STM32_Drivers.dir/__/__/Drivers/STM32F1xx_HAL_Driver/Src/stm32f1xx_hal_flash.c.obj
                0x0800158c                HAL_FLASH_Program
 .text.FLASH_PageErase
                0x08001630       0x24 cmake/stm32cubemx/CMakeFiles/STM32_Drivers.dir/__/__/Drivers/STM32F1xx_HAL_Driver/Src/stm32f1xx_hal_flash_ex.c.obj
                0x08001630                FLASH_PageErase
 .text.HAL_FLASHEx_Erase
                0x08001654       0xa8 cmake/stm32cubemx/CMakeFiles/STM32_Drivers.dir/__/__/Drivers/STM32F1xx_HAL_Driver/Src/stm32f1xx_hal_flash_ex.c.obj
                0x08001654                HAL_FLASHEx_Erase
 .text.UART_SetConfig
                0x080016fc       0x74 cmake/stm32cubemx/CMakeFiles/STM32_Drivers.dir/__/__/Drivers/STM32F1xx_HAL_Driver/Src/stm32f1xx_hal_uart.c.obj
 .text.HAL_UART_Init
                0x08001770       0x5e cmake/stm32cubemx/CMakeFiles/STM32_Drivers.dir/__/__/Drivers/STM32F1xx_HAL_Driver/Src/stm32f1xx_hal_uart.c.obj
                0x08001770                HAL_UART_Init
 .text.SystemClock_Config
                0x080017ce       0x7e CMakeFiles/stm32f103rbt6_a33.dir/Core/Src/main.c.obj
                0x080017ce                SystemClock_Config
 .text.startup.main
                0x0800184c       0x48 CMakeFiles/stm32f103rbt6_a33.dir/Core/Src/main.c.obj
                0x0800184c                main
 .text.Error_Handler
                0x08001894        0x4 CMakeFiles/stm32f103rbt6_a33.dir/Core/Src/main.c.obj
                0x08001894                Error_Handler
 .text.MX_GPIO_Init
                0x08001898      0x110 CMakeFiles/stm32f103rbt6_a33.dir/Core/Src/gpio.c.obj
                0x08001898                MX_GPIO_Init
 .text.MX_ADC1_Init
                0x080019a8       0x50 CMakeFiles/stm32f103rbt6_a33.dir/Core/Src/adc.c.obj
                0x080019a8                MX_ADC1_Init
 .text.HAL_ADC_MspInit
                0x080019f8       0x5c CMakeFiles/stm32f103rbt6_a33.dir/Core/Src/adc.c.obj
                0x080019f8                HAL_ADC_MspInit
 .text.MX_USART1_UART_Init
                0x08001a54       0x38 CMakeFiles/stm32f103rbt6_a33.dir/Core/Src/usart.c.obj
                0x08001a54                MX_USART1_UART_Init
 .text.MX_USART2_UART_Init
                0x08001a8c       0x38 CMakeFiles/stm32f103rbt6_a33.dir/Core/Src/usart.c.obj
                0x08001a8c                MX_USART2_UART_Init
 .text.HAL_UART_MspInit
                0x08001ac4       0xc4 CMakeFiles/stm32f103rbt6_a33.dir/Core/Src/usart.c.obj
                0x08001ac4                HAL_UART_MspInit
 .text.NMI_Handler
                0x08001b88        0x2 CMakeFiles/stm32f103rbt6_a33.dir/Core/Src/stm32f1xx_it.c.obj
                0x08001b88                NMI_Handler
 .text.HardFault_Handler
                0x08001b8a        0x2 CMakeFiles/stm32f103rbt6_a33.dir/Core/Src/stm32f1xx_it.c.obj
                0x08001b8a                HardFault_Handler
 .text.MemManage_Handler
                0x08001b8c        0x2 CMakeFiles/stm32f103rbt6_a33.dir/Core/Src/stm32f1xx_it.c.obj
                0x08001b8c                MemManage_Handler
 .text.BusFault_Handler
                0x08001b8e        0x2 CMakeFiles/stm32f103rbt6_a33.dir/Core/Src/stm32f1xx_it.c.obj
                0x08001b8e                BusFault_Handler
 .text.UsageFault_Handler
                0x08001b90        0x2 CMakeFiles/stm32f103rbt6_a33.dir/Core/Src/stm32f1xx_it.c.obj
                0x08001b90                UsageFault_Handler
 .text.SVC_Handler
                0x08001b92        0x2 CMakeFiles/stm32f103rbt6_a33.dir/Core/Src/stm32f1xx_it.c.obj
                0x08001b92                SVC_Handler
 .text.DebugMon_Handler
                0x08001b94        0x2 CMakeFiles/stm32f103rbt6_a33.dir/Core/Src/stm32f1xx_it.c.obj
                0x08001b94                DebugMon_Handler
 .text.PendSV_Handler
                0x08001b96        0x2 CMakeFiles/stm32f103rbt6_a33.dir/Core/Src/stm32f1xx_it.c.obj
                0x08001b96                PendSV_Handler
 .text.SysTick_Handler
                0x08001b98        0x4 CMakeFiles/stm32f103rbt6_a33.dir/Core/Src/stm32f1xx_it.c.obj
                0x08001b98                SysTick_Handler
 .text.HAL_MspInit
                0x08001b9c       0x44 CMakeFiles/stm32f103rbt6_a33.dir/Core/Src/stm32f1xx_hal_msp.c.obj
                0x08001b9c                HAL_MspInit
 .text.Reset_Handler
                0x08001be0       0x48 CMakeFiles/stm32f103rbt6_a33.dir/startup_stm32f103xb.s.obj
                0x08001be0                Reset_Handler
 .text.Default_Handler
                0x08001c28        0x2 CMakeFiles/stm32f103rbt6_a33.dir/startup_stm32f103xb.s.obj
                0x08001c28                RTC_Alarm_IRQHandler
                0x08001c28                EXTI2_IRQHandler
                0x08001c28                TIM1_CC_IRQHandler
                0x08001c28                PVD_IRQHandler
                0x08001c28                EXTI3_IRQHandler
                0x08001c28                EXTI0_IRQHandler
                0x08001c28                I2C2_EV_IRQHandler
                0x08001c28                ADC1_2_IRQHandler
                0x08001c28                SPI1_IRQHandler
                0x08001c28                TAMPER_IRQHandler
                0x08001c28                DMA1_Channel4_IRQHandler
                0x08001c28                USART3_IRQHandler
                0x08001c28                RTC_IRQHandler
                0x08001c28                DMA1_Channel7_IRQHandler
                0x08001c28                CAN1_RX1_IRQHandler
                0x08001c28                TIM4_IRQHandler
                0x08001c28                I2C1_EV_IRQHandler
                0x08001c28                DMA1_Channel6_IRQHandler
                0x08001c28                TIM3_IRQHandler
                0x08001c28                RCC_IRQHandler
                0x08001c28                TIM1_TRG_COM_IRQHandler
                0x08001c28                DMA1_Channel1_IRQHandler
                0x08001c28                Default_Handler
                0x08001c28                EXTI15_10_IRQHandler
                0x08001c28                EXTI9_5_IRQHandler
                0x08001c28                SPI2_IRQHandler
                0x08001c28                DMA1_Channel5_IRQHandler
                0x08001c28                EXTI4_IRQHandler
                0x08001c28                USB_LP_CAN1_RX0_IRQHandler
                0x08001c28                USB_HP_CAN1_TX_IRQHandler
                0x08001c28                DMA1_Channel3_IRQHandler
                0x08001c28                TIM1_UP_IRQHandler
                0x08001c28                WWDG_IRQHandler
                0x08001c28                TIM2_IRQHandler
                0x08001c28                TIM1_BRK_IRQHandler
                0x08001c28                EXTI1_IRQHandler
                0x08001c28                USART2_IRQHandler
                0x08001c28                I2C2_ER_IRQHandler
                0x08001c28                DMA1_Channel2_IRQHandler
                0x08001c28                CAN1_SCE_IRQHandler
                0x08001c28                FLASH_IRQHandler
                0x08001c28                USART1_IRQHandler
                0x08001c28                I2C1_ER_IRQHandler
                0x08001c28                USBWakeUp_IRQHandler
 .text.CalibrationController_Command
                0x08001c2a       0x22 CMakeFiles/stm32f103rbt6_a33.dir/App/calibration_controller.c.obj
 .text.CalibrationController_SetState
                0x08001c4c       0x28 CMakeFiles/stm32f103rbt6_a33.dir/App/calibration_controller.c.obj
 .text.CalibrationController_FormatSpan
                0x08001c74       0x48 CMakeFiles/stm32f103rbt6_a33.dir/App/calibration_controller.c.obj
 .text.CalibrationController_Begin
                0x08001cbc       0x7c CMakeFiles/stm32f103rbt6_a33.dir/App/calibration_controller.c.obj
                0x08001cbc                CalibrationController_Begin
 .text.CalibrationController_Process10ms
                0x08001d38       0xb4 CMakeFiles/stm32f103rbt6_a33.dir/App/calibration_controller.c.obj
                0x08001d38                CalibrationController_Process10ms
 .text.CalibrationController_Cancel
                0x08001dec       0x28 CMakeFiles/stm32f103rbt6_a33.dir/App/calibration_controller.c.obj
                0x08001dec                CalibrationController_Cancel
 .text.CalibrationController_HandleKeyEvent
                0x08001e14      0x148 CMakeFiles/stm32f103rbt6_a33.dir/App/calibration_controller.c.obj
                0x08001e14                CalibrationController_HandleKeyEvent
 .text.CalibrationController_GetSession
                0x08001f5c        0x8 CMakeFiles/stm32f103rbt6_a33.dir/App/calibration_controller.c.obj
                0x08001f5c                CalibrationController_GetSession
 .text.ConfigApplication_ApplyInternal
                0x08001f64       0xc4 CMakeFiles/stm32f103rbt6_a33.dir/App/config_application.c.obj
 .text.ConfigApplication_Apply
                0x08002028        0x6 CMakeFiles/stm32f103rbt6_a33.dir/App/config_application.c.obj
                0x08002028                ConfigApplication_Apply
 .text.ConfigApplication_ApplyFactoryDefaults
                0x0800202e        0x6 CMakeFiles/stm32f103rbt6_a33.dir/App/config_application.c.obj
                0x0800202e                ConfigApplication_ApplyFactoryDefaults
 .text.App_100msTask
                0x08002034        0x2 CMakeFiles/stm32f103rbt6_a33.dir/App/app_main.c.obj
 .text.App_500msTask
                0x08002036        0x4 CMakeFiles/stm32f103rbt6_a33.dir/App/app_main.c.obj
 *fill*         0x0800203a        0x2 
 .text.App_20msTask
                0x0800203c       0x38 CMakeFiles/stm32f103rbt6_a33.dir/App/app_main.c.obj
 .text.App_PushEvent
                0x08002074       0x24 CMakeFiles/stm32f103rbt6_a33.dir/App/app_main.c.obj
 .text.App_ShowCommandResult
                0x08002098       0x40 CMakeFiles/stm32f103rbt6_a33.dir/App/app_main.c.obj
 .text.App_ExecuteLocalCommand
                0x080020d8       0x22 CMakeFiles/stm32f103rbt6_a33.dir/App/app_main.c.obj
 .text.App_10msTask
                0x080020fa      0x184 CMakeFiles/stm32f103rbt6_a33.dir/App/app_main.c.obj
 .text.App_1msTask
                0x0800227e        0xe CMakeFiles/stm32f103rbt6_a33.dir/App/app_main.c.obj
 .text.App_Init
                0x0800228c      0x198 CMakeFiles/stm32f103rbt6_a33.dir/App/app_main.c.obj
                0x0800228c                App_Init
 .text.App_Run  0x08002424      0x194 CMakeFiles/stm32f103rbt6_a33.dir/App/app_main.c.obj
                0x08002424                App_Run
 .text.DeviceManager_Init
                0x080025b8       0xd8 CMakeFiles/stm32f103rbt6_a33.dir/App/device_manager.c.obj
                0x080025b8                DeviceManager_Init
 .text.DeviceManager_ProcessFast
                0x08002690       0x3c CMakeFiles/stm32f103rbt6_a33.dir/App/device_manager.c.obj
                0x08002690                DeviceManager_ProcessFast
 .text.DeviceManager_Process1ms
                0x080026cc       0x34 CMakeFiles/stm32f103rbt6_a33.dir/App/device_manager.c.obj
                0x080026cc                DeviceManager_Process1ms
 .text.DeviceManager_Process10ms
                0x08002700       0x88 CMakeFiles/stm32f103rbt6_a33.dir/App/device_manager.c.obj
                0x08002700                DeviceManager_Process10ms
 .text.DeviceManager_Process20ms
                0x08002788       0x50 CMakeFiles/stm32f103rbt6_a33.dir/App/device_manager.c.obj
                0x08002788                DeviceManager_Process20ms
 .text.DeviceManager_Process500ms
                0x080027d8       0x64 CMakeFiles/stm32f103rbt6_a33.dir/App/device_manager.c.obj
                0x080027d8                DeviceManager_Process500ms
 .text.DeviceManager_IsReady
                0x0800283c       0x10 CMakeFiles/stm32f103rbt6_a33.dir/App/device_manager.c.obj
                0x0800283c                DeviceManager_IsReady
 .text.DeviceManager_EnterStorageMaintenance
                0x0800284c       0x38 CMakeFiles/stm32f103rbt6_a33.dir/App/device_manager.c.obj
                0x0800284c                DeviceManager_EnterStorageMaintenance
 .text.DeviceManager_ExitStorageMaintenance
                0x08002884       0x58 CMakeFiles/stm32f103rbt6_a33.dir/App/device_manager.c.obj
                0x08002884                DeviceManager_ExitStorageMaintenance
 .text.DeviceManager_IsInStorageMaintenance
                0x080028dc        0xc CMakeFiles/stm32f103rbt6_a33.dir/App/device_manager.c.obj
                0x080028dc                DeviceManager_IsInStorageMaintenance
 .text.DeviceManager_ObserveCs1237Consumption
                0x080028e8       0x4c CMakeFiles/stm32f103rbt6_a33.dir/App/device_manager.c.obj
                0x080028e8                DeviceManager_ObserveCs1237Consumption
 .text.DeviceManager_EnterSafeState
                0x08002934       0x24 CMakeFiles/stm32f103rbt6_a33.dir/App/device_manager.c.obj
                0x08002934                DeviceManager_EnterSafeState
 .text.DeviceManager_GetLastRawKeyMask
                0x08002958        0xc CMakeFiles/stm32f103rbt6_a33.dir/App/device_manager.c.obj
                0x08002958                DeviceManager_GetLastRawKeyMask
 .text.MeasurementBridge_Init
                0x08002964       0x2c CMakeFiles/stm32f103rbt6_a33.dir/App/measurement_bridge.c.obj
                0x08002964                MeasurementBridge_Init
 .text.MeasurementBridge_Process
                0x08002990       0x84 CMakeFiles/stm32f103rbt6_a33.dir/App/measurement_bridge.c.obj
                0x08002990                MeasurementBridge_Process
 .text.MeasurementBridge_GetConsumedCount
                0x08002a14        0xc CMakeFiles/stm32f103rbt6_a33.dir/App/measurement_bridge.c.obj
                0x08002a14                MeasurementBridge_GetConsumedCount
 .text.MeasurementBridge_GetLastBacklog
                0x08002a20        0xc CMakeFiles/stm32f103rbt6_a33.dir/App/measurement_bridge.c.obj
                0x08002a20                MeasurementBridge_GetLastBacklog
 .text.MeasurementBridge_GetObservedOverrunCount
                0x08002a2c        0xc CMakeFiles/stm32f103rbt6_a33.dir/App/measurement_bridge.c.obj
                0x08002a2c                MeasurementBridge_GetObservedOverrunCount
 .text.MeasurementBridge_BuildUpdateEvent
                0x08002a38       0x32 CMakeFiles/stm32f103rbt6_a33.dir/App/measurement_bridge.c.obj
                0x08002a38                MeasurementBridge_BuildUpdateEvent
 *fill*         0x08002a6a        0x2 
 .text.MetrologyManager_SyncTare
                0x08002a6c       0x20 CMakeFiles/stm32f103rbt6_a33.dir/App/metrology_manager.c.obj
 .text.MetrologyManager_CalibrationChanged.constprop.0
                0x08002a8c       0x48 CMakeFiles/stm32f103rbt6_a33.dir/App/metrology_manager.c.obj
 .text.MetrologyManager_Init
                0x08002ad4       0xa8 CMakeFiles/stm32f103rbt6_a33.dir/App/metrology_manager.c.obj
                0x08002ad4                MetrologyManager_Init
 .text.MetrologyManager_AcceptRawSample
                0x08002b7c       0x44 CMakeFiles/stm32f103rbt6_a33.dir/App/metrology_manager.c.obj
                0x08002b7c                MetrologyManager_AcceptRawSample
 .text.MetrologyManager_Process20ms
                0x08002bc0       0x88 CMakeFiles/stm32f103rbt6_a33.dir/App/metrology_manager.c.obj
                0x08002bc0                MetrologyManager_Process20ms
 .text.MetrologyManager_GetSnapshot
                0x08002c48       0x18 CMakeFiles/stm32f103rbt6_a33.dir/App/metrology_manager.c.obj
                0x08002c48                MetrologyManager_GetSnapshot
 .text.MetrologyManager_Zero
                0x08002c60       0x2c CMakeFiles/stm32f103rbt6_a33.dir/App/metrology_manager.c.obj
                0x08002c60                MetrologyManager_Zero
 .text.MetrologyManager_ResetZero
                0x08002c8c       0x2c CMakeFiles/stm32f103rbt6_a33.dir/App/metrology_manager.c.obj
                0x08002c8c                MetrologyManager_ResetZero
 .text.MetrologyManager_Tare
                0x08002cb8       0x34 CMakeFiles/stm32f103rbt6_a33.dir/App/metrology_manager.c.obj
                0x08002cb8                MetrologyManager_Tare
 .text.MetrologyManager_ClearTare
                0x08002cec       0x34 CMakeFiles/stm32f103rbt6_a33.dir/App/metrology_manager.c.obj
                0x08002cec                MetrologyManager_ClearTare
 .text.MetrologyManager_Reconfigure
                0x08002d20       0xcc CMakeFiles/stm32f103rbt6_a33.dir/App/metrology_manager.c.obj
                0x08002d20                MetrologyManager_Reconfigure
 .text.MetrologyManager_RestartAfterStorage
                0x08002dec       0xa4 CMakeFiles/stm32f103rbt6_a33.dir/App/metrology_manager.c.obj
                0x08002dec                MetrologyManager_RestartAfterStorage
 .text.MetrologyManager_GetZeroOffsetRaw
                0x08002e90       0x18 CMakeFiles/stm32f103rbt6_a33.dir/App/metrology_manager.c.obj
                0x08002e90                MetrologyManager_GetZeroOffsetRaw
 .text.Publish  0x08002ea8       0x24 CMakeFiles/stm32f103rbt6_a33.dir/App/persistence_manager.c.obj
 .text.Show     0x08002ecc       0x1a CMakeFiles/stm32f103rbt6_a33.dir/App/persistence_manager.c.obj
 *fill*         0x08002ee6        0x2 
 .text.Start    0x08002ee8       0xf4 CMakeFiles/stm32f103rbt6_a33.dir/App/persistence_manager.c.obj
 .text.PersistenceManager_Init
                0x08002fdc       0x38 CMakeFiles/stm32f103rbt6_a33.dir/App/persistence_manager.c.obj
                0x08002fdc                PersistenceManager_Init
 .text.PersistenceManager_LoadStartup
                0x08003014       0x18 CMakeFiles/stm32f103rbt6_a33.dir/App/persistence_manager.c.obj
                0x08003014                PersistenceManager_LoadStartup
 .text.PersistenceManager_RequestSave
                0x0800302c        0x6 CMakeFiles/stm32f103rbt6_a33.dir/App/persistence_manager.c.obj
                0x0800302c                PersistenceManager_RequestSave
 .text.PersistenceManager_RequestFactoryReset
                0x08003032        0x6 CMakeFiles/stm32f103rbt6_a33.dir/App/persistence_manager.c.obj
                0x08003032                PersistenceManager_RequestFactoryReset
 .text.PersistenceManager_Process
                0x08003038      0x104 CMakeFiles/stm32f103rbt6_a33.dir/App/persistence_manager.c.obj
                0x08003038                PersistenceManager_Process
 .text.PersistenceManager_IsBusy
                0x0800313c       0x10 CMakeFiles/stm32f103rbt6_a33.dir/App/persistence_manager.c.obj
                0x0800313c                PersistenceManager_IsBusy
 .text.PersistenceManager_GetLoadResult
                0x0800314c        0xc CMakeFiles/stm32f103rbt6_a33.dir/App/persistence_manager.c.obj
                0x0800314c                PersistenceManager_GetLoadResult
 .text.PersistenceManager_GetLoadInfo
                0x08003158        0x8 CMakeFiles/stm32f103rbt6_a33.dir/App/persistence_manager.c.obj
                0x08003158                PersistenceManager_GetLoadInfo
 .text.SelfTestController_Init
                0x08003160       0x1c CMakeFiles/stm32f103rbt6_a33.dir/App/self_test_controller.c.obj
                0x08003160                SelfTestController_Init
 .text.SelfTestController_Begin
                0x0800317c       0x58 CMakeFiles/stm32f103rbt6_a33.dir/App/self_test_controller.c.obj
                0x0800317c                SelfTestController_Begin
 .text.SelfTestController_Process10ms
                0x080031d4      0x11c CMakeFiles/stm32f103rbt6_a33.dir/App/self_test_controller.c.obj
                0x080031d4                SelfTestController_Process10ms
 .text.SelfTestController_Cancel
                0x080032f0       0x18 CMakeFiles/stm32f103rbt6_a33.dir/App/self_test_controller.c.obj
                0x080032f0                SelfTestController_Cancel
 .text.SelfTestController_GetState
                0x08003308        0xc CMakeFiles/stm32f103rbt6_a33.dir/App/self_test_controller.c.obj
                0x08003308                SelfTestController_GetState
 .text.SystemContext_InitRestored
                0x08003314       0x64 CMakeFiles/stm32f103rbt6_a33.dir/App/system_context.c.obj
                0x08003314                SystemContext_InitRestored
 .text.SystemContext_Get
                0x08003378       0x14 CMakeFiles/stm32f103rbt6_a33.dir/App/system_context.c.obj
                0x08003378                SystemContext_Get
 .text.SystemContext_GetState
                0x0800338c        0xc CMakeFiles/stm32f103rbt6_a33.dir/App/system_context.c.obj
                0x0800338c                SystemContext_GetState
 .text.SystemContext_SetState
                0x08003398       0x18 CMakeFiles/stm32f103rbt6_a33.dir/App/system_context.c.obj
                0x08003398                SystemContext_SetState
 .text.SystemContext_SetConfigDirty
                0x080033b0       0x14 CMakeFiles/stm32f103rbt6_a33.dir/App/system_context.c.obj
                0x080033b0                SystemContext_SetConfigDirty
 .text.SystemContext_GetConfigRevision
                0x080033c4        0xc CMakeFiles/stm32f103rbt6_a33.dir/App/system_context.c.obj
                0x080033c4                SystemContext_GetConfigRevision
 .text.SystemContext_GetSavedRevision
                0x080033d0        0xc CMakeFiles/stm32f103rbt6_a33.dir/App/system_context.c.obj
                0x080033d0                SystemContext_GetSavedRevision
 .text.SystemContext_MarkConfigChanged
                0x080033dc       0x2c CMakeFiles/stm32f103rbt6_a33.dir/App/system_context.c.obj
                0x080033dc                SystemContext_MarkConfigChanged
 .text.SystemContext_SetTareState
                0x08003408       0x34 CMakeFiles/stm32f103rbt6_a33.dir/App/system_context.c.obj
                0x08003408                SystemContext_SetTareState
 .text.SystemContext_SetWeightView
                0x0800343c       0x2c CMakeFiles/stm32f103rbt6_a33.dir/App/system_context.c.obj
                0x0800343c                SystemContext_SetWeightView
 .text.SystemContext_ApplyConfig
                0x08003468       0x4c CMakeFiles/stm32f103rbt6_a33.dir/App/system_context.c.obj
                0x08003468                SystemContext_ApplyConfig
 .text.SystemContext_MarkRevisionSaved
                0x080034b4       0x30 CMakeFiles/stm32f103rbt6_a33.dir/App/system_context.c.obj
                0x080034b4                SystemContext_MarkRevisionSaved
 .text.SystemContext_HasStorageRecord
                0x080034e4        0xc CMakeFiles/stm32f103rbt6_a33.dir/App/system_context.c.obj
                0x080034e4                SystemContext_HasStorageRecord
 .text.BSP_BatteryAdcReadRaw
                0x080034f0       0x3c CMakeFiles/stm32f103rbt6_a33.dir/BSP/bsp_adc.c.obj
                0x080034f0                BSP_BatteryAdcReadRaw
 .text.BSP_BatteryRawToAdcMv
                0x0800352c       0x1c CMakeFiles/stm32f103rbt6_a33.dir/BSP/bsp_adc.c.obj
                0x0800352c                BSP_BatteryRawToAdcMv
 .text.BSP_BoardInit
                0x08003548       0x12 CMakeFiles/stm32f103rbt6_a33.dir/BSP/bsp_board.c.obj
                0x08003548                BSP_BoardInit
 .text.BSP_BoardProcess
                0x0800355a        0x4 CMakeFiles/stm32f103rbt6_a33.dir/BSP/bsp_board.c.obj
                0x0800355a                BSP_BoardProcess
 *fill*         0x0800355e        0x2 
 .text.BSP_FlashValidateLayout
                0x08003560       0x4c CMakeFiles/stm32f103rbt6_a33.dir/BSP/bsp_flash.c.obj
                0x08003560                BSP_FlashValidateLayout
 .text.BSP_FlashIsConfigRange
                0x080035ac       0x24 CMakeFiles/stm32f103rbt6_a33.dir/BSP/bsp_flash.c.obj
                0x080035ac                BSP_FlashIsConfigRange
 .text.BSP_FlashRead
                0x080035d0       0x2c CMakeFiles/stm32f103rbt6_a33.dir/BSP/bsp_flash.c.obj
                0x080035d0                BSP_FlashRead
 .text.BSP_FlashIsErased
                0x080035fc       0x24 CMakeFiles/stm32f103rbt6_a33.dir/BSP/bsp_flash.c.obj
                0x080035fc                BSP_FlashIsErased
 .text.BSP_FlashErasePage
                0x08003620       0x70 CMakeFiles/stm32f103rbt6_a33.dir/BSP/bsp_flash.c.obj
                0x08003620                BSP_FlashErasePage
 .text.BSP_FlashProgramHalfWord
                0x08003690       0x50 CMakeFiles/stm32f103rbt6_a33.dir/BSP/bsp_flash.c.obj
                0x08003690                BSP_FlashProgramHalfWord
 .text.BSP_FlashGetBackend
                0x080036e0       0x54 CMakeFiles/stm32f103rbt6_a33.dir/BSP/bsp_flash.c.obj
                0x080036e0                BSP_FlashGetBackend
 .text.BSP_RS485_SetTransmit
                0x08003734       0x14 CMakeFiles/stm32f103rbt6_a33.dir/BSP/bsp_gpio.c.obj
                0x08003734                BSP_RS485_SetTransmit
 .text.BSP_InternalBuzzer_Set
                0x08003748       0x14 CMakeFiles/stm32f103rbt6_a33.dir/BSP/bsp_gpio.c.obj
                0x08003748                BSP_InternalBuzzer_Set
 .text.BSP_ExternalBuzzer_Set
                0x0800375c       0x18 CMakeFiles/stm32f103rbt6_a33.dir/BSP/bsp_gpio.c.obj
                0x0800375c                BSP_ExternalBuzzer_Set
 .text.BSP_LimitGreen_Set
                0x08003774       0x14 CMakeFiles/stm32f103rbt6_a33.dir/BSP/bsp_gpio.c.obj
                0x08003774                BSP_LimitGreen_Set
 .text.BSP_LimitRed_Set
                0x08003788       0x14 CMakeFiles/stm32f103rbt6_a33.dir/BSP/bsp_gpio.c.obj
                0x08003788                BSP_LimitRed_Set
 .text.BSP_LimitYellow_Set
                0x0800379c       0x18 CMakeFiles/stm32f103rbt6_a33.dir/BSP/bsp_gpio.c.obj
                0x0800379c                BSP_LimitYellow_Set
 .text.BSP_LimitOutputsOff
                0x080037b4       0x1c CMakeFiles/stm32f103rbt6_a33.dir/BSP/bsp_gpio.c.obj
                0x080037b4                BSP_LimitOutputsOff
 .text.BSP_CS1237_SetClock
                0x080037d0       0x18 CMakeFiles/stm32f103rbt6_a33.dir/BSP/bsp_gpio.c.obj
                0x080037d0                BSP_CS1237_SetClock
 .text.BSP_CS1237_SetDataDirection
                0x080037e8       0x38 CMakeFiles/stm32f103rbt6_a33.dir/BSP/bsp_gpio.c.obj
                0x080037e8                BSP_CS1237_SetDataDirection
 .text.BSP_CS1237_WriteData
                0x08003820       0x18 CMakeFiles/stm32f103rbt6_a33.dir/BSP/bsp_gpio.c.obj
                0x08003820                BSP_CS1237_WriteData
 .text.BSP_CS1237_ReadData
                0x08003838       0x18 CMakeFiles/stm32f103rbt6_a33.dir/BSP/bsp_gpio.c.obj
                0x08003838                BSP_CS1237_ReadData
 .text.BSP_CS1237_SetEnable
                0x08003850       0x18 CMakeFiles/stm32f103rbt6_a33.dir/BSP/bsp_gpio.c.obj
                0x08003850                BSP_CS1237_SetEnable
 .text.BSP_TM1628_SetDio
                0x08003868       0x14 CMakeFiles/stm32f103rbt6_a33.dir/BSP/bsp_gpio.c.obj
                0x08003868                BSP_TM1628_SetDio
 .text.BSP_TM1628_ReadDio
                0x0800387c       0x18 CMakeFiles/stm32f103rbt6_a33.dir/BSP/bsp_gpio.c.obj
                0x0800387c                BSP_TM1628_ReadDio
 .text.BSP_TM1628_SetClock
                0x08003894       0x18 CMakeFiles/stm32f103rbt6_a33.dir/BSP/bsp_gpio.c.obj
                0x08003894                BSP_TM1628_SetClock
 .text.BSP_TM1628_SetStrobe
                0x080038ac       0x18 CMakeFiles/stm32f103rbt6_a33.dir/BSP/bsp_gpio.c.obj
                0x080038ac                BSP_TM1628_SetStrobe
 .text.BSP_TM1628_ReleaseBus
                0x080038c4       0x18 CMakeFiles/stm32f103rbt6_a33.dir/BSP/bsp_gpio.c.obj
                0x080038c4                BSP_TM1628_ReleaseBus
 .text.BSP_W02_PwrKeyRelease
                0x080038dc       0x18 CMakeFiles/stm32f103rbt6_a33.dir/BSP/bsp_gpio.c.obj
                0x080038dc                BSP_W02_PwrKeyRelease
 .text.BSP_GPIO_Init
                0x080038f4       0x50 CMakeFiles/stm32f103rbt6_a33.dir/BSP/bsp_gpio.c.obj
                0x080038f4                BSP_GPIO_Init
 .text.BSP_GPIO_Process
                0x08003944       0x2c CMakeFiles/stm32f103rbt6_a33.dir/BSP/bsp_gpio.c.obj
                0x08003944                BSP_GPIO_Process
 .text.BSP_TimeNowMs
                0x08003970        0x4 CMakeFiles/stm32f103rbt6_a33.dir/BSP/bsp_time.c.obj
                0x08003970                BSP_TimeNowMs
 .text.BSP_TimeElapsed
                0x08003974        0xc CMakeFiles/stm32f103rbt6_a33.dir/BSP/bsp_time.c.obj
                0x08003974                BSP_TimeElapsed
 .text.BSP_TimeInitMicrosecondCounter
                0x08003980       0x64 CMakeFiles/stm32f103rbt6_a33.dir/BSP/bsp_time.c.obj
                0x08003980                BSP_TimeInitMicrosecondCounter
 .text.BSP_DelayUs
                0x080039e4       0x3c CMakeFiles/stm32f103rbt6_a33.dir/BSP/bsp_time.c.obj
                0x080039e4                BSP_DelayUs
 .text.BSP_InterruptSaveAndDisable
                0x08003a20        0x8 CMakeFiles/stm32f103rbt6_a33.dir/BSP/bsp_time.c.obj
                0x08003a20                BSP_InterruptSaveAndDisable
 .text.BSP_InterruptRestore
                0x08003a28        0x6 CMakeFiles/stm32f103rbt6_a33.dir/BSP/bsp_time.c.obj
                0x08003a28                BSP_InterruptRestore
 .text.DefaultConfig_Load
                0x08003a2e       0x5a CMakeFiles/stm32f103rbt6_a33.dir/Config/default_config.c.obj
                0x08003a2e                DefaultConfig_Load
 .text.Stage2B_DiagnosticsProcess
                0x08003a88        0x2 CMakeFiles/stm32f103rbt6_a33.dir/Diagnostics/stage2b_board_diagnostics.c.obj
                0x08003a88                Stage2B_DiagnosticsProcess
 .text.Stage2B_DiagnosticsEnterFault
                0x08003a8a        0x2 CMakeFiles/stm32f103rbt6_a33.dir/Diagnostics/stage2b_board_diagnostics.c.obj
                0x08003a8a                Stage2B_DiagnosticsEnterFault
 .text.Stage2B_DiagnosticsSetRawKeyMask
                0x08003a8c       0x10 CMakeFiles/stm32f103rbt6_a33.dir/Diagnostics/stage2b_board_diagnostics.c.obj
                0x08003a8c                Stage2B_DiagnosticsSetRawKeyMask
 .text.Stage2B_DiagnosticsUpdateCs1237Stats
                0x08003a9c        0xc CMakeFiles/stm32f103rbt6_a33.dir/Diagnostics/stage2b_board_diagnostics.c.obj
                0x08003a9c                Stage2B_DiagnosticsUpdateCs1237Stats
 .text.Stage3MetrologyDiagnostics_Update
                0x08003aa8       0x78 CMakeFiles/stm32f103rbt6_a33.dir/Diagnostics/stage3_metrology_diagnostics.c.obj
                0x08003aa8                Stage3MetrologyDiagnostics_Update
 .text.Stage4BStorageDiagnostics_Update
                0x08003b20       0x8c CMakeFiles/stm32f103rbt6_a33.dir/Diagnostics/stage4b_storage_diagnostics.c.obj
                0x08003b20                Stage4BStorageDiagnostics_Update
 .text.CalibrationModel_Build
                0x08003bac       0x86 CMakeFiles/stm32f103rbt6_a33.dir/Domain/calibration/calibration_model.c.obj
                0x08003bac                CalibrationModel_Build
 .text.CalibrationModel_Validate
                0x08003c32       0x74 CMakeFiles/stm32f103rbt6_a33.dir/Domain/calibration/calibration_model.c.obj
                0x08003c32                CalibrationModel_Validate
 .text.CalibrationModel_Convert
                0x08003ca6       0xec CMakeFiles/stm32f103rbt6_a33.dir/Domain/calibration/calibration_model.c.obj
                0x08003ca6                CalibrationModel_Convert
 .text.RawCalibrationStability_Init
                0x08003d92       0x30 CMakeFiles/stm32f103rbt6_a33.dir/Domain/calibration/raw_calibration_stability.c.obj
                0x08003d92                RawCalibrationStability_Init
 .text.RawCalibrationStability_Reset
                0x08003dc2       0x18 CMakeFiles/stm32f103rbt6_a33.dir/Domain/calibration/raw_calibration_stability.c.obj
                0x08003dc2                RawCalibrationStability_Reset
 .text.RawCalibrationStability_Process
                0x08003dda       0xa8 CMakeFiles/stm32f103rbt6_a33.dir/Domain/calibration/raw_calibration_stability.c.obj
                0x08003dda                RawCalibrationStability_Process
 .text.RawCalibrationStability_GetAverage
                0x08003e82       0x56 CMakeFiles/stm32f103rbt6_a33.dir/Domain/calibration/raw_calibration_stability.c.obj
                0x08003e82                RawCalibrationStability_GetAverage
 .text.WeightFilter_ProcessIir
                0x08003ed8       0x72 CMakeFiles/stm32f103rbt6_a33.dir/Domain/filter/weight_filter.c.obj
 .text.WeightFilter_Init
                0x08003f4a       0x3e CMakeFiles/stm32f103rbt6_a33.dir/Domain/filter/weight_filter.c.obj
                0x08003f4a                WeightFilter_Init
 .text.WeightFilter_Process
                0x08003f88      0x14e CMakeFiles/stm32f103rbt6_a33.dir/Domain/filter/weight_filter.c.obj
                0x08003f88                WeightFilter_Process
 .text.WeightFilter_IsReady
                0x080040d6       0x14 CMakeFiles/stm32f103rbt6_a33.dir/Domain/filter/weight_filter.c.obj
                0x080040d6                WeightFilter_IsReady
 .text.WeightFilter_GetAcceptedCount
                0x080040ea       0x12 CMakeFiles/stm32f103rbt6_a33.dir/Domain/filter/weight_filter.c.obj
                0x080040ea                WeightFilter_GetAcceptedCount
 .text.MetrologyConfig_Validate
                0x080040fc       0x9a CMakeFiles/stm32f103rbt6_a33.dir/Domain/measurement/metrology_config_validator.c.obj
                0x080040fc                MetrologyConfig_Validate
 *fill*         0x08004196        0x2 
 .text.RawMeasurement_Init
                0x08004198       0x10 CMakeFiles/stm32f103rbt6_a33.dir/Domain/measurement/raw_measurement.c.obj
                0x08004198                RawMeasurement_Init
 .text.RawMeasurement_Accept
                0x080041a8       0x70 CMakeFiles/stm32f103rbt6_a33.dir/Domain/measurement/raw_measurement.c.obj
                0x080041a8                RawMeasurement_Accept
 .text.RawMeasurement_GetState
                0x08004218        0x8 CMakeFiles/stm32f103rbt6_a33.dir/Domain/measurement/raw_measurement.c.obj
                0x08004218                RawMeasurement_GetState
 .text.WeightEngine_UpdateDerivedWeight
                0x08004220      0x17a CMakeFiles/stm32f103rbt6_a33.dir/Domain/measurement/weight_engine.c.obj
 .text.WeightEngine_Init
                0x0800439a       0xce CMakeFiles/stm32f103rbt6_a33.dir/Domain/measurement/weight_engine.c.obj
                0x0800439a                WeightEngine_Init
 .text.WeightEngine_ProcessRawSample
                0x08004468       0x90 CMakeFiles/stm32f103rbt6_a33.dir/Domain/measurement/weight_engine.c.obj
                0x08004468                WeightEngine_ProcessRawSample
 .text.WeightEngine_GetSnapshot
                0x080044f8       0x12 CMakeFiles/stm32f103rbt6_a33.dir/Domain/measurement/weight_engine.c.obj
                0x080044f8                WeightEngine_GetSnapshot
 .text.WeightEngine_Zero
                0x0800450a       0x6e CMakeFiles/stm32f103rbt6_a33.dir/Domain/measurement/weight_engine.c.obj
                0x0800450a                WeightEngine_Zero
 .text.WeightEngine_ResetZero
                0x08004578       0x3a CMakeFiles/stm32f103rbt6_a33.dir/Domain/measurement/weight_engine.c.obj
                0x08004578                WeightEngine_ResetZero
 .text.WeightEngine_Tare
                0x080045b2       0x64 CMakeFiles/stm32f103rbt6_a33.dir/Domain/measurement/weight_engine.c.obj
                0x080045b2                WeightEngine_Tare
 .text.WeightEngine_ClearTare
                0x08004616       0x3a CMakeFiles/stm32f103rbt6_a33.dir/Domain/measurement/weight_engine.c.obj
                0x08004616                WeightEngine_ClearTare
 .text.WeightMath_DivideRoundNearest
                0x08004650       0xc8 CMakeFiles/stm32f103rbt6_a33.dir/Domain/measurement/weight_math.c.obj
                0x08004650                WeightMath_DivideRoundNearest
 .text.WeightMath_ClampInt64ToInt32
                0x08004718       0x1a CMakeFiles/stm32f103rbt6_a33.dir/Domain/measurement/weight_math.c.obj
                0x08004718                WeightMath_ClampInt64ToInt32
 .text.WeightMath_AbsInt32
                0x08004732       0x12 CMakeFiles/stm32f103rbt6_a33.dir/Domain/measurement/weight_math.c.obj
                0x08004732                WeightMath_AbsInt32
 .text.WeightMath_Quantize
                0x08004744       0x38 CMakeFiles/stm32f103rbt6_a33.dir/Domain/measurement/weight_math.c.obj
                0x08004744                WeightMath_Quantize
 .text.StabilityDetector_Init
                0x0800477c       0x46 CMakeFiles/stm32f103rbt6_a33.dir/Domain/stability/stability_detector.c.obj
                0x0800477c                StabilityDetector_Init
 .text.StabilityDetector_Reset
                0x080047c2       0x34 CMakeFiles/stm32f103rbt6_a33.dir/Domain/stability/stability_detector.c.obj
                0x080047c2                StabilityDetector_Reset
 .text.StabilityDetector_Process
                0x080047f6       0xc6 CMakeFiles/stm32f103rbt6_a33.dir/Domain/stability/stability_detector.c.obj
                0x080047f6                StabilityDetector_Process
 .text.StabilityDetector_GetSpread
                0x080048bc       0x12 CMakeFiles/stm32f103rbt6_a33.dir/Domain/stability/stability_detector.c.obj
                0x080048bc                StabilityDetector_GetSpread
 .text.ZeroTare_Init
                0x080048ce       0x1c CMakeFiles/stm32f103rbt6_a33.dir/Domain/zero_tare/zero_tare.c.obj
                0x080048ce                ZeroTare_Init
 .text.ZeroTare_ApplyZero
                0x080048ea       0x62 CMakeFiles/stm32f103rbt6_a33.dir/Domain/zero_tare/zero_tare.c.obj
                0x080048ea                ZeroTare_ApplyZero
 .text.ZeroTare_ResetZero
                0x0800494c       0x14 CMakeFiles/stm32f103rbt6_a33.dir/Domain/zero_tare/zero_tare.c.obj
                0x0800494c                ZeroTare_ResetZero
 .text.ZeroTare_ApplyTare
                0x08004960       0x2e CMakeFiles/stm32f103rbt6_a33.dir/Domain/zero_tare/zero_tare.c.obj
                0x08004960                ZeroTare_ApplyTare
 .text.ZeroTare_ClearTare
                0x0800498e       0x16 CMakeFiles/stm32f103rbt6_a33.dir/Domain/zero_tare/zero_tare.c.obj
                0x0800498e                ZeroTare_ClearTare
 .text.BatteryAdc_Init
                0x080049a4       0x54 CMakeFiles/stm32f103rbt6_a33.dir/Drivers/battery_adc/battery_adc.c.obj
                0x080049a4                BatteryAdc_Init
 .text.BatteryAdc_GetState
                0x080049f8       0x18 CMakeFiles/stm32f103rbt6_a33.dir/Drivers/battery_adc/battery_adc.c.obj
                0x080049f8                BatteryAdc_GetState
 .text.BatteryAdc_GetErrorCount
                0x08004a10        0xc CMakeFiles/stm32f103rbt6_a33.dir/Drivers/battery_adc/battery_adc.c.obj
                0x08004a10                BatteryAdc_GetErrorCount
 .text.BatteryAdc_ConvertAdcMv
                0x08004a1c       0xa4 CMakeFiles/stm32f103rbt6_a33.dir/Drivers/battery_adc/battery_adc.c.obj
                0x08004a1c                BatteryAdc_ConvertAdcMv
 .text.BatteryAdc_Process500ms
                0x08004ac0       0x98 CMakeFiles/stm32f103rbt6_a33.dir/Drivers/battery_adc/battery_adc.c.obj
                0x08004ac0                BatteryAdc_Process500ms
 .text.CS1237_ConfigIsValid
                0x08004b58       0x1e CMakeFiles/stm32f103rbt6_a33.dir/Drivers/cs1237/cs1237.c.obj
 .text.CS1237_WriteBit
                0x08004b76       0x34 CMakeFiles/stm32f103rbt6_a33.dir/Drivers/cs1237/cs1237.c.obj
 .text.CS1237_ClockOnly
                0x08004baa       0x2a CMakeFiles/stm32f103rbt6_a33.dir/Drivers/cs1237/cs1237.c.obj
 .text.CS1237_NotifySamplesAvailable
                0x08004bd4       0x3c CMakeFiles/stm32f103rbt6_a33.dir/Drivers/cs1237/cs1237.c.obj
 .text.CS1237_ReadBit.part.0
                0x08004c10       0x32 CMakeFiles/stm32f103rbt6_a33.dir/Drivers/cs1237/cs1237.c.obj
 *fill*         0x08004c42        0x2 
 .text.CS1237_Init
                0x08004c44       0x94 CMakeFiles/stm32f103rbt6_a33.dir/Drivers/cs1237/cs1237.c.obj
                0x08004c44                CS1237_Init
 .text.CS1237_IsReady
                0x08004cd8       0x10 CMakeFiles/stm32f103rbt6_a33.dir/Drivers/cs1237/cs1237.c.obj
                0x08004cd8                CS1237_IsReady
 .text.CS1237_TryPopSample
                0x08004ce8       0x4c CMakeFiles/stm32f103rbt6_a33.dir/Drivers/cs1237/cs1237.c.obj
                0x08004ce8                CS1237_TryPopSample
 .text.CS1237_GetBufferedSampleCount
                0x08004d34        0xc CMakeFiles/stm32f103rbt6_a33.dir/Drivers/cs1237/cs1237.c.obj
                0x08004d34                CS1237_GetBufferedSampleCount
 .text.CS1237_GetBufferOverrunCount
                0x08004d40        0xc CMakeFiles/stm32f103rbt6_a33.dir/Drivers/cs1237/cs1237.c.obj
                0x08004d40                CS1237_GetBufferOverrunCount
 .text.CS1237_GetState
                0x08004d4c        0xc CMakeFiles/stm32f103rbt6_a33.dir/Drivers/cs1237/cs1237.c.obj
                0x08004d4c                CS1237_GetState
 .text.CS1237_EnterSafeState
                0x08004d58       0x20 CMakeFiles/stm32f103rbt6_a33.dir/Drivers/cs1237/cs1237.c.obj
                0x08004d58                CS1237_EnterSafeState
 .text.CS1237_SignExtend24
                0x08004d78       0x10 CMakeFiles/stm32f103rbt6_a33.dir/Drivers/cs1237/cs1237.c.obj
                0x08004d78                CS1237_SignExtend24
 .text.CS1237_ReadDataFrame
                0x08004d88       0x7a CMakeFiles/stm32f103rbt6_a33.dir/Drivers/cs1237/cs1237.c.obj
 .text.CS1237_ConfigTransaction
                0x08004e02       0xba CMakeFiles/stm32f103rbt6_a33.dir/Drivers/cs1237/cs1237.c.obj
 .text.CS1237_EncodeConfig
                0x08004ebc       0x38 CMakeFiles/stm32f103rbt6_a33.dir/Drivers/cs1237/cs1237.c.obj
                0x08004ebc                CS1237_EncodeConfig
 .text.CS1237_VerifyConfig
                0x08004ef4       0x34 CMakeFiles/stm32f103rbt6_a33.dir/Drivers/cs1237/cs1237.c.obj
                0x08004ef4                CS1237_VerifyConfig
 .text.CS1237_Process
                0x08004f28      0x15c CMakeFiles/stm32f103rbt6_a33.dir/Drivers/cs1237/cs1237.c.obj
                0x08004f28                CS1237_Process
 .text.OutputGpio_Apply
                0x08005084       0x28 CMakeFiles/stm32f103rbt6_a33.dir/Drivers/output_gpio/output_gpio.c.obj
 .text.OutputGpio_Set
                0x080050ac       0x24 CMakeFiles/stm32f103rbt6_a33.dir/Drivers/output_gpio/output_gpio.c.obj
                0x080050ac                OutputGpio_Set
 .text.OutputGpio_AllOff
                0x080050d0       0x20 CMakeFiles/stm32f103rbt6_a33.dir/Drivers/output_gpio/output_gpio.c.obj
                0x080050d0                OutputGpio_AllOff
 .text.OutputGpio_Init
                0x080050f0        0x4 CMakeFiles/stm32f103rbt6_a33.dir/Drivers/output_gpio/output_gpio.c.obj
                0x080050f0                OutputGpio_Init
 .text.TM1628_StartTransaction
                0x080050f4       0x1e CMakeFiles/stm32f103rbt6_a33.dir/Drivers/tm1628/tm1628.c.obj
 .text.TM1628_WriteByte
                0x08005112       0x40 CMakeFiles/stm32f103rbt6_a33.dir/Drivers/tm1628/tm1628.c.obj
 .text.TM1628_EndTransaction
                0x08005152       0x1e CMakeFiles/stm32f103rbt6_a33.dir/Drivers/tm1628/tm1628.c.obj
 .text.TM1628_SendCommand
                0x08005170       0x16 CMakeFiles/stm32f103rbt6_a33.dir/Drivers/tm1628/tm1628.c.obj
 *fill*         0x08005186        0x2 
 .text.TM1628_SendDisplayControl
                0x08005188       0x24 CMakeFiles/stm32f103rbt6_a33.dir/Drivers/tm1628/tm1628.c.obj
 .text.TM1628_WriteFullRam
                0x080051ac       0x2c CMakeFiles/stm32f103rbt6_a33.dir/Drivers/tm1628/tm1628.c.obj
 .text.TM1628_Init
                0x080051d8       0x64 CMakeFiles/stm32f103rbt6_a33.dir/Drivers/tm1628/tm1628.c.obj
                0x080051d8                TM1628_Init
 .text.TM1628_SetBrightness
                0x0800523c       0x38 CMakeFiles/stm32f103rbt6_a33.dir/Drivers/tm1628/tm1628.c.obj
                0x0800523c                TM1628_SetBrightness
 .text.TM1628_SetDisplayEnabled
                0x08005274       0x24 CMakeFiles/stm32f103rbt6_a33.dir/Drivers/tm1628/tm1628.c.obj
                0x08005274                TM1628_SetDisplayEnabled
 .text.TM1628_Flush
                0x08005298       0x44 CMakeFiles/stm32f103rbt6_a33.dir/Drivers/tm1628/tm1628.c.obj
                0x08005298                TM1628_Flush
 .text.TM1628_IsDirty
                0x080052dc        0xc CMakeFiles/stm32f103rbt6_a33.dir/Drivers/tm1628/tm1628.c.obj
                0x080052dc                TM1628_IsDirty
 .text.TM1628_ReleaseBus
                0x080052e8        0x4 CMakeFiles/stm32f103rbt6_a33.dir/Drivers/tm1628/tm1628.c.obj
                0x080052e8                TM1628_ReleaseBus
 .text.TM1628_EncodeGridSegments
                0x080052ec       0x26 CMakeFiles/stm32f103rbt6_a33.dir/Drivers/tm1628/tm1628.c.obj
                0x080052ec                TM1628_EncodeGridSegments
 *fill*         0x08005312        0x2 
 .text.TM1628_SetGridSegments
                0x08005314       0x48 CMakeFiles/stm32f103rbt6_a33.dir/Drivers/tm1628/tm1628.c.obj
                0x08005314                TM1628_SetGridSegments
 .text.TM1628_DecodeBoardKeys
                0x0800535c       0x30 CMakeFiles/stm32f103rbt6_a33.dir/Drivers/tm1628/tm1628.c.obj
                0x0800535c                TM1628_DecodeBoardKeys
 .text.TM1628_ReadKeys
                0x0800538c       0xd0 CMakeFiles/stm32f103rbt6_a33.dir/Drivers/tm1628/tm1628.c.obj
                0x0800538c                TM1628_ReadKeys
 .text.TM1628_BoardMapSegments
                0x0800545c       0x30 CMakeFiles/stm32f103rbt6_a33.dir/Drivers/tm1628/tm1628_board_map.c.obj
                0x0800545c                TM1628_BoardMapSegments
 .text.W02PwrKey_Init
                0x0800548c       0x24 CMakeFiles/stm32f103rbt6_a33.dir/Drivers/w02/w02_pwrkey.c.obj
                0x0800548c                W02PwrKey_Init
 .text.W02PwrKey_Process
                0x080054b0       0x88 CMakeFiles/stm32f103rbt6_a33.dir/Drivers/w02/w02_pwrkey.c.obj
                0x080054b0                W02PwrKey_Process
 .text.W02PwrKey_GetState
                0x08005538        0xc CMakeFiles/stm32f103rbt6_a33.dir/Drivers/w02/w02_pwrkey.c.obj
                0x08005538                W02PwrKey_GetState
 .text.CommandService_Init
                0x08005544       0x20 CMakeFiles/stm32f103rbt6_a33.dir/Protocol/command_service/command_service.c.obj
                0x08005544                CommandService_Init
 .text.CommandService_Execute
                0x08005564      0x288 CMakeFiles/stm32f103rbt6_a33.dir/Protocol/command_service/command_service.c.obj
                0x08005564                CommandService_Execute
 .text.ConfigEdit_Init
                0x080057ec       0x20 CMakeFiles/stm32f103rbt6_a33.dir/Services/config_edit/config_edit.c.obj
                0x080057ec                ConfigEdit_Init
 .text.ConfigEdit_Begin
                0x0800580c       0x2c CMakeFiles/stm32f103rbt6_a33.dir/Services/config_edit/config_edit.c.obj
                0x0800580c                ConfigEdit_Begin
 .text.ConfigEdit_SetField
                0x08005838       0xc0 CMakeFiles/stm32f103rbt6_a33.dir/Services/config_edit/config_edit.c.obj
                0x08005838                ConfigEdit_SetField
 .text.ConfigEdit_Validate
                0x080058f8       0x58 CMakeFiles/stm32f103rbt6_a33.dir/Services/config_edit/config_edit.c.obj
                0x080058f8                ConfigEdit_Validate
 .text.ConfigEdit_Cancel
                0x08005950       0x1c CMakeFiles/stm32f103rbt6_a33.dir/Services/config_edit/config_edit.c.obj
                0x08005950                ConfigEdit_Cancel
 .text.ConfigEdit_GetState
                0x0800596c        0xc CMakeFiles/stm32f103rbt6_a33.dir/Services/config_edit/config_edit.c.obj
                0x0800596c                ConfigEdit_GetState
 .text.ConfigEdit_GetWorkingCopy
                0x08005978       0x18 CMakeFiles/stm32f103rbt6_a33.dir/Services/config_edit/config_edit.c.obj
                0x08005978                ConfigEdit_GetWorkingCopy
 .text.ReadU32  0x08005990        0x4 CMakeFiles/stm32f103rbt6_a33.dir/Services/config_store/config_store.c.obj
 .text.Fail     0x08005994       0x28 CMakeFiles/stm32f103rbt6_a33.dir/Services/config_store/config_store.c.obj
 .text.RecordCrc
                0x080059bc       0x2a CMakeFiles/stm32f103rbt6_a33.dir/Services/config_store/config_store.c.obj
 *fill*         0x080059e6        0x2 
 .text.ReadSlot
                0x080059e8      0x144 CMakeFiles/stm32f103rbt6_a33.dir/Services/config_store/config_store.c.obj
 .text.Request  0x08005b2c      0x1b4 CMakeFiles/stm32f103rbt6_a33.dir/Services/config_store/config_store.c.obj
 .text.ConfigStore_IsSequenceNewer
                0x08005ce0       0x1c CMakeFiles/stm32f103rbt6_a33.dir/Services/config_store/config_store.c.obj
                0x08005ce0                ConfigStore_IsSequenceNewer
 .text.ConfigStore_Init
                0x08005cfc       0x50 CMakeFiles/stm32f103rbt6_a33.dir/Services/config_store/config_store.c.obj
                0x08005cfc                ConfigStore_Init
 .text.ConfigStore_Load
                0x08005d4c      0x13c CMakeFiles/stm32f103rbt6_a33.dir/Services/config_store/config_store.c.obj
                0x08005d4c                ConfigStore_Load
 .text.ConfigStore_RequestSave
                0x08005e88       0x12 CMakeFiles/stm32f103rbt6_a33.dir/Services/config_store/config_store.c.obj
                0x08005e88                ConfigStore_RequestSave
 .text.ConfigStore_RequestFactoryReset
                0x08005e9a       0x12 CMakeFiles/stm32f103rbt6_a33.dir/Services/config_store/config_store.c.obj
                0x08005e9a                ConfigStore_RequestFactoryReset
 .text.ConfigStore_Process
                0x08005eac      0x1f0 CMakeFiles/stm32f103rbt6_a33.dir/Services/config_store/config_store.c.obj
                0x08005eac                ConfigStore_Process
 .text.ConfigStore_GetState
                0x0800609c        0xc CMakeFiles/stm32f103rbt6_a33.dir/Services/config_store/config_store.c.obj
                0x0800609c                ConfigStore_GetState
 .text.ConfigStore_GetOperation
                0x080060a8        0xc CMakeFiles/stm32f103rbt6_a33.dir/Services/config_store/config_store.c.obj
                0x080060a8                ConfigStore_GetOperation
 .text.ConfigStore_GetLastOperationResult
                0x080060b4        0xc CMakeFiles/stm32f103rbt6_a33.dir/Services/config_store/config_store.c.obj
                0x080060b4                ConfigStore_GetLastOperationResult
 .text.ConfigStore_GetActiveSequence
                0x080060c0        0xc CMakeFiles/stm32f103rbt6_a33.dir/Services/config_store/config_store.c.obj
                0x080060c0                ConfigStore_GetActiveSequence
 .text.ConfigStore_GetActiveSlot
                0x080060cc        0xc CMakeFiles/stm32f103rbt6_a33.dir/Services/config_store/config_store.c.obj
                0x080060cc                ConfigStore_GetActiveSlot
 .text.ConfigStore_GetLastError
                0x080060d8        0xc CMakeFiles/stm32f103rbt6_a33.dir/Services/config_store/config_store.c.obj
                0x080060d8                ConfigStore_GetLastError
 .text.ConfigStore_GetStatistics
                0x080060e4        0x8 CMakeFiles/stm32f103rbt6_a33.dir/Services/config_store/config_store.c.obj
                0x080060e4                ConfigStore_GetStatistics
 .text.ConfigStore_AcknowledgeResult
                0x080060ec       0x24 CMakeFiles/stm32f103rbt6_a33.dir/Services/config_store/config_store.c.obj
                0x080060ec                ConfigStore_AcknowledgeResult
 .text.PutU8    0x08006110       0x1a CMakeFiles/stm32f103rbt6_a33.dir/Services/config_store/persistent_codec.c.obj
 .text.PutU16   0x0800612a       0x14 CMakeFiles/stm32f103rbt6_a33.dir/Services/config_store/persistent_codec.c.obj
 .text.PutU32   0x0800613e       0x14 CMakeFiles/stm32f103rbt6_a33.dir/Services/config_store/persistent_codec.c.obj
 .text.GetU8    0x08006152       0x1a CMakeFiles/stm32f103rbt6_a33.dir/Services/config_store/persistent_codec.c.obj
 .text.GetU16   0x0800616c       0x18 CMakeFiles/stm32f103rbt6_a33.dir/Services/config_store/persistent_codec.c.obj
 .text.GetU32   0x08006184       0x16 CMakeFiles/stm32f103rbt6_a33.dir/Services/config_store/persistent_codec.c.obj
 .text.GetBool  0x0800619a       0x22 CMakeFiles/stm32f103rbt6_a33.dir/Services/config_store/persistent_codec.c.obj
 .text.GetReserved
                0x080061bc       0x22 CMakeFiles/stm32f103rbt6_a33.dir/Services/config_store/persistent_codec.c.obj
 .text.PersistentCodec_ValidateConfig
                0x080061de      0x106 CMakeFiles/stm32f103rbt6_a33.dir/Services/config_store/persistent_codec.c.obj
                0x080061de                PersistentCodec_ValidateConfig
 .text.PersistentCodec_EncodeV1
                0x080062e4      0x238 CMakeFiles/stm32f103rbt6_a33.dir/Services/config_store/persistent_codec.c.obj
                0x080062e4                PersistentCodec_EncodeV1
 .text.PersistentCodec_Decode
                0x0800651c      0x2f0 CMakeFiles/stm32f103rbt6_a33.dir/Services/config_store/persistent_codec.c.obj
                0x0800651c                PersistentCodec_Decode
 .text.Crc32_Update
                0x0800680c       0x34 CMakeFiles/stm32f103rbt6_a33.dir/Services/crc32/crc32.c.obj
                0x0800680c                Crc32_Update
 .text.EventQueue_Init
                0x08006840       0x24 CMakeFiles/stm32f103rbt6_a33.dir/Services/event_queue/event_queue.c.obj
                0x08006840                EventQueue_Init
 .text.EventQueue_Push
                0x08006864       0x5c CMakeFiles/stm32f103rbt6_a33.dir/Services/event_queue/event_queue.c.obj
                0x08006864                EventQueue_Push
 .text.EventQueue_Pop
                0x080068c0       0x4c CMakeFiles/stm32f103rbt6_a33.dir/Services/event_queue/event_queue.c.obj
                0x080068c0                EventQueue_Pop
 .text.EventQueue_DroppedCount
                0x0800690c        0xc CMakeFiles/stm32f103rbt6_a33.dir/Services/event_queue/event_queue.c.obj
                0x0800690c                EventQueue_DroppedCount
 .text.FaultManager_Init
                0x08006918        0xc CMakeFiles/stm32f103rbt6_a33.dir/Services/fault_manager/fault_manager.c.obj
                0x08006918                FaultManager_Init
 .text.FaultManager_Set
                0x08006924       0x1c CMakeFiles/stm32f103rbt6_a33.dir/Services/fault_manager/fault_manager.c.obj
                0x08006924                FaultManager_Set
 .text.FaultManager_GetActiveMask
                0x08006940        0xc CMakeFiles/stm32f103rbt6_a33.dir/Services/fault_manager/fault_manager.c.obj
                0x08006940                FaultManager_GetActiveMask
 .text.Scheduler_Init
                0x0800694c       0x2c CMakeFiles/stm32f103rbt6_a33.dir/Services/scheduler/scheduler.c.obj
                0x0800694c                Scheduler_Init
 .text.Scheduler_AddPeriodicTask
                0x08006978       0x48 CMakeFiles/stm32f103rbt6_a33.dir/Services/scheduler/scheduler.c.obj
                0x08006978                Scheduler_AddPeriodicTask
 .text.Scheduler_RunPending
                0x080069c0       0x5c CMakeFiles/stm32f103rbt6_a33.dir/Services/scheduler/scheduler.c.obj
                0x080069c0                Scheduler_RunPending
 .text.DisplayController_ApplyModel.isra.0
                0x08006a1c       0x78 CMakeFiles/stm32f103rbt6_a33.dir/UI/display_controller.c.obj
 .text.DisplayController_Init
                0x08006a94       0x64 CMakeFiles/stm32f103rbt6_a33.dir/UI/display_controller.c.obj
                0x08006a94                DisplayController_Init
 .text.DisplayController_Process20ms
                0x08006af8      0x190 CMakeFiles/stm32f103rbt6_a33.dir/UI/display_controller.c.obj
                0x08006af8                DisplayController_Process20ms
 .text.DisplayController_SetPage
                0x08006c88       0x20 CMakeFiles/stm32f103rbt6_a33.dir/UI/display_controller.c.obj
                0x08006c88                DisplayController_SetPage
 .text.DisplayController_ShowMessage
                0x08006ca8       0x54 CMakeFiles/stm32f103rbt6_a33.dir/UI/display_controller.c.obj
                0x08006ca8                DisplayController_ShowMessage
 .text.DisplayController_SetTextPage
                0x08006cfc       0x38 CMakeFiles/stm32f103rbt6_a33.dir/UI/display_controller.c.obj
                0x08006cfc                DisplayController_SetTextPage
 .text.DisplayController_SetBrightness
                0x08006d34       0x16 CMakeFiles/stm32f103rbt6_a33.dir/UI/display_controller.c.obj
                0x08006d34                DisplayController_SetBrightness
 *fill*         0x08006d4a        0x2 
 .text.DisplayController_SetTestPattern
                0x08006d4c       0x34 CMakeFiles/stm32f103rbt6_a33.dir/UI/display_controller.c.obj
                0x08006d4c                DisplayController_SetTestPattern
 .text.DisplayController_GetPage
                0x08006d80        0xc CMakeFiles/stm32f103rbt6_a33.dir/UI/display_controller.c.obj
                0x08006d80                DisplayController_GetPage
 .text.DisplayCodes_Get
                0x08006d8c       0x24 CMakeFiles/stm32f103rbt6_a33.dir/UI/display_model/display_codes.c.obj
                0x08006d8c                DisplayCodes_Get
 .text.DisplayFormatter_EncodeCharacter
                0x08006db0       0xee CMakeFiles/stm32f103rbt6_a33.dir/UI/display_model/display_formatter.c.obj
                0x08006db0                DisplayFormatter_EncodeCharacter
 .text.DisplayFormatter_FormatText6
                0x08006e9e       0x22 CMakeFiles/stm32f103rbt6_a33.dir/UI/display_model/display_formatter.c.obj
                0x08006e9e                DisplayFormatter_FormatText6
 .text.DisplayFormatter_FormatWeight
                0x08006ec0       0xf0 CMakeFiles/stm32f103rbt6_a33.dir/UI/display_model/display_formatter.c.obj
                0x08006ec0                DisplayFormatter_FormatWeight
 .text.DisplayFormatter_FormatBatteryMv
                0x08006fb0       0x20 CMakeFiles/stm32f103rbt6_a33.dir/UI/display_model/display_formatter.c.obj
                0x08006fb0                DisplayFormatter_FormatBatteryMv
 .text.DisplayModel_UpdateSegments
                0x08006fd0       0x30 CMakeFiles/stm32f103rbt6_a33.dir/UI/display_model/display_model.c.obj
 .text.DisplayModel_Init
                0x08007000       0x20 CMakeFiles/stm32f103rbt6_a33.dir/UI/display_model/display_model.c.obj
                0x08007000                DisplayModel_Init
 .text.DisplayModel_SetText6
                0x08007020       0x1a CMakeFiles/stm32f103rbt6_a33.dir/UI/display_model/display_model.c.obj
                0x08007020                DisplayModel_SetText6
 *fill*         0x0800703a        0x2 
 .text.DisplayModel_SetWeight
                0x0800703c       0x3c CMakeFiles/stm32f103rbt6_a33.dir/UI/display_model/display_model.c.obj
                0x0800703c                DisplayModel_SetWeight
 .text.DisplayModel_SetBatteryMv
                0x08007078       0x1a CMakeFiles/stm32f103rbt6_a33.dir/UI/display_model/display_model.c.obj
                0x08007078                DisplayModel_SetBatteryMv
 *fill*         0x08007092        0x2 
 .text.DisplayModel_SetPage
                0x08007094       0x24 CMakeFiles/stm32f103rbt6_a33.dir/UI/display_model/display_model.c.obj
                0x08007094                DisplayModel_SetPage
 .text.DisplayModel_SetIndicators
                0x080070b8       0x30 CMakeFiles/stm32f103rbt6_a33.dir/UI/display_model/display_model.c.obj
                0x080070b8                DisplayModel_SetIndicators
 .text.DisplayModel_SetBrightness
                0x080070e8       0x24 CMakeFiles/stm32f103rbt6_a33.dir/UI/display_model/display_model.c.obj
                0x080070e8                DisplayModel_SetBrightness
 .text.DisplayModel_SetRawSegments
                0x0800710c        0xe CMakeFiles/stm32f103rbt6_a33.dir/UI/display_model/display_model.c.obj
                0x0800710c                DisplayModel_SetRawSegments
 *fill*         0x0800711a        0x2 
 .text.DisplayModel_Get
                0x0800711c        0x8 CMakeFiles/stm32f103rbt6_a33.dir/UI/display_model/display_model.c.obj
                0x0800711c                DisplayModel_Get
 .text.KeyMap_Validate
                0x08007124       0x2e CMakeFiles/stm32f103rbt6_a33.dir/UI/key_service/key_map.c.obj
                0x08007124                KeyMap_Validate
 .text.KeyMap_RawMaskToLogicalMask
                0x08007152       0x3e CMakeFiles/stm32f103rbt6_a33.dir/UI/key_service/key_map.c.obj
                0x08007152                KeyMap_RawMaskToLogicalMask
 .text.KeyService_Push
                0x08007190       0x5c CMakeFiles/stm32f103rbt6_a33.dir/UI/key_service/key_service.c.obj
 .text.KeyService_Init
                0x080071ec       0x68 CMakeFiles/stm32f103rbt6_a33.dir/UI/key_service/key_service.c.obj
                0x080071ec                KeyService_Init
 .text.KeyService_Process10ms
                0x08007254       0xf8 CMakeFiles/stm32f103rbt6_a33.dir/UI/key_service/key_service.c.obj
                0x08007254                KeyService_Process10ms
 .text.KeyService_TryPopEvent
                0x0800734c       0x40 CMakeFiles/stm32f103rbt6_a33.dir/UI/key_service/key_service.c.obj
                0x0800734c                KeyService_TryPopEvent
 .text.MenuController_Command
                0x0800738c       0x22 CMakeFiles/stm32f103rbt6_a33.dir/UI/menu_controller/menu_controller.c.obj
 *fill*         0x080073ae        0x2 
 .text.MenuController_Render
                0x080073b0       0x84 CMakeFiles/stm32f103rbt6_a33.dir/UI/menu_controller/menu_controller.c.obj
 .text.MenuController_Init
                0x08007434       0x40 CMakeFiles/stm32f103rbt6_a33.dir/UI/menu_controller/menu_controller.c.obj
                0x08007434                MenuController_Init
 .text.MenuController_Enter
                0x08007474       0x40 CMakeFiles/stm32f103rbt6_a33.dir/UI/menu_controller/menu_controller.c.obj
                0x08007474                MenuController_Enter
 .text.MenuController_Process10ms
                0x080074b4       0x60 CMakeFiles/stm32f103rbt6_a33.dir/UI/menu_controller/menu_controller.c.obj
                0x080074b4                MenuController_Process10ms
 .text.MenuController_HandleKeyEvent
                0x08007514      0x2e8 CMakeFiles/stm32f103rbt6_a33.dir/UI/menu_controller/menu_controller.c.obj
                0x08007514                MenuController_HandleKeyEvent
 .text.MenuController_Cancel
                0x080077fc       0x3c CMakeFiles/stm32f103rbt6_a33.dir/UI/menu_controller/menu_controller.c.obj
                0x080077fc                MenuController_Cancel
 .text.MenuController_TakeCalibrationRequest
                0x08007838       0x10 CMakeFiles/stm32f103rbt6_a33.dir/UI/menu_controller/menu_controller.c.obj
                0x08007838                MenuController_TakeCalibrationRequest
 .text.MenuController_TakeExitRequest
                0x08007848       0x10 CMakeFiles/stm32f103rbt6_a33.dir/UI/menu_controller/menu_controller.c.obj
                0x08007848                MenuController_TakeExitRequest
 .text.memcmp   0x08007858       0x20 E:/ST/STM32CubeCLT_1.18.0/GNU-tools-for-STM32/bin/../lib/gcc/arm-none-eabi/13.3.1/../../../../arm-none-eabi/lib/thumb/v7-m/nofp\libg_nano.a(libc_a-memcmp.o)
                0x08007858                memcmp
 .text.memset   0x08007878       0x10 E:/ST/STM32CubeCLT_1.18.0/GNU-tools-for-STM32/bin/../lib/gcc/arm-none-eabi/13.3.1/../../../../arm-none-eabi/lib/thumb/v7-m/nofp\libg_nano.a(libc_a-memset.o)
                0x08007878                memset
 .text.__libc_init_array
                0x08007888       0x48 E:/ST/STM32CubeCLT_1.18.0/GNU-tools-for-STM32/bin/../lib/gcc/arm-none-eabi/13.3.1/../../../../arm-none-eabi/lib/thumb/v7-m/nofp\libg_nano.a(libc_a-init.o)
                0x08007888                __libc_init_array
 .text.memcpy   0x080078d0       0x1c E:/ST/STM32CubeCLT_1.18.0/GNU-tools-for-STM32/bin/../lib/gcc/arm-none-eabi/13.3.1/../../../../arm-none-eabi/lib/thumb/v7-m/nofp\libg_nano.a(libc_a-memcpy-stub.o)
                0x080078d0                memcpy
 *(.glue_7)
 .glue_7        0x080078ec        0x0 linker stubs
 *(.glue_7t)
 .glue_7t       0x080078ec        0x0 linker stubs
 *(.eh_frame)
 .eh_frame      0x080078ec        0x0 E:/ST/STM32CubeCLT_1.18.0/GNU-tools-for-STM32/bin/../lib/gcc/arm-none-eabi/13.3.1/thumb/v7-m/nofp/crtbegin.o
 *(.init)
 .init          0x080078ec        0x4 E:/ST/STM32CubeCLT_1.18.0/GNU-tools-for-STM32/bin/../lib/gcc/arm-none-eabi/13.3.1/thumb/v7-m/nofp/crti.o
                0x080078ec                _init
 .init          0x080078f0        0x8 E:/ST/STM32CubeCLT_1.18.0/GNU-tools-for-STM32/bin/../lib/gcc/arm-none-eabi/13.3.1/thumb/v7-m/nofp/crtn.o
 *(.fini)
 .fini          0x080078f8        0x4 E:/ST/STM32CubeCLT_1.18.0/GNU-tools-for-STM32/bin/../lib/gcc/arm-none-eabi/13.3.1/thumb/v7-m/nofp/crti.o
                0x080078f8                _fini
 .fini          0x080078fc        0x8 E:/ST/STM32CubeCLT_1.18.0/GNU-tools-for-STM32/bin/../lib/gcc/arm-none-eabi/13.3.1/thumb/v7-m/nofp/crtn.o
                0x08007904                        . = ALIGN (0x4)
                0x08007904                        _etext = .

.vfp11_veneer   0x08007904        0x0
 .vfp11_veneer  0x08007904        0x0 linker stubs

.v4_bx          0x08007904        0x0
 .v4_bx         0x08007904        0x0 linker stubs

.iplt           0x08007904        0x0
 .iplt          0x08007904        0x0 E:/ST/STM32CubeCLT_1.18.0/GNU-tools-for-STM32/bin/../lib/gcc/arm-none-eabi/13.3.1/thumb/v7-m/nofp/crtbegin.o

.rodata         0x08007904      0x1a0
                0x08007904                        . = ALIGN (0x4)
 *(.rodata)
 *(.rodata*)
 .rodata.APBPrescTable
                0x08007904        0x8 cmake/stm32cubemx/CMakeFiles/STM32_Drivers.dir/__/__/Core/Src/system_stm32f1xx.c.obj
                0x08007904                APBPrescTable
 .rodata.AHBPrescTable
                0x0800790c       0x10 cmake/stm32cubemx/CMakeFiles/STM32_Drivers.dir/__/__/Core/Src/system_stm32f1xx.c.obj
                0x0800790c                AHBPrescTable
 .rodata.aPredivFactorTable.0
                0x0800791c        0x2 cmake/stm32cubemx/CMakeFiles/STM32_Drivers.dir/__/__/Drivers/STM32F1xx_HAL_Driver/Src/stm32f1xx_hal_rcc.c.obj
 .rodata.aPLLMULFactorTable.1
                0x0800791e       0x10 cmake/stm32cubemx/CMakeFiles/STM32_Drivers.dir/__/__/Drivers/STM32F1xx_HAL_Driver/Src/stm32f1xx_hal_rcc.c.obj
 .rodata.aPredivFactorTable.0
                0x0800792e        0x2 cmake/stm32cubemx/CMakeFiles/STM32_Drivers.dir/__/__/Drivers/STM32F1xx_HAL_Driver/Src/stm32f1xx_hal_rcc_ex.c.obj
 .rodata.aPLLMULFactorTable.1
                0x08007930       0x10 cmake/stm32cubemx/CMakeFiles/STM32_Drivers.dir/__/__/Drivers/STM32F1xx_HAL_Driver/Src/stm32f1xx_hal_rcc_ex.c.obj
 .rodata.CalibrationController_FormatSpan.str1.1
                0x08007940       0x3f CMakeFiles/stm32f103rbt6_a33.dir/App/calibration_controller.c.obj
                                  0x7 (size before relaxing)
 .rodata.SelfTestController_Process10ms.str1.1
                0x0800797f        0x7 CMakeFiles/stm32f103rbt6_a33.dir/App/self_test_controller.c.obj
 *fill*         0x0800797f        0x1 
 .rodata.s_backend
                0x08007980       0x10 CMakeFiles/stm32f103rbt6_a33.dir/BSP/bsp_flash.c.obj
 .rodata.counts.0
                0x08007990        0x4 CMakeFiles/stm32f103rbt6_a33.dir/Drivers/cs1237/cs1237.c.obj
 .rodata.board_to_tm_bit.0
                0x08007994        0xa CMakeFiles/stm32f103rbt6_a33.dir/Drivers/tm1628/tm1628_board_map.c.obj
 .rodata.g_board_digit_to_grid
                0x0800799e        0x6 CMakeFiles/stm32f103rbt6_a33.dir/Drivers/tm1628/tm1628_board_map.c.obj
                0x0800799e                g_board_digit_to_grid
 .rodata.CSWTCH.9
                0x080079a4        0x9 CMakeFiles/stm32f103rbt6_a33.dir/Protocol/command_service/command_service.c.obj
 .rodata.DisplayController_Process20ms.str1.1
                0x080079ad       0x15 CMakeFiles/stm32f103rbt6_a33.dir/UI/display_controller.c.obj
 .rodata.s_codes
                0x080079ad       0x96 CMakeFiles/stm32f103rbt6_a33.dir/UI/display_model/display_codes.c.obj
 .rodata.DisplayFormatter_FormatWeight.str1.1
                0x08007a43        0xe CMakeFiles/stm32f103rbt6_a33.dir/UI/display_model/display_formatter.c.obj
 .rodata.DisplayModel_SetWeight.str1.1
                0x08007a43        0xe CMakeFiles/stm32f103rbt6_a33.dir/UI/display_model/display_model.c.obj
 .rodata.g_key_map_development_default
                0x08007a43        0x5 CMakeFiles/stm32f103rbt6_a33.dir/UI/key_service/key_map.c.obj
                0x08007a43                g_key_map_development_default
 .rodata.s_labels
                0x08007a48       0x5a CMakeFiles/stm32f103rbt6_a33.dir/UI/menu_controller/menu_controller.c.obj
                0x08007aa4                        . = ALIGN (0x4)
 *fill*         0x08007aa2        0x2 

.ARM.extab      0x08007aa4        0x0
                0x08007aa4                        . = ALIGN (0x4)
 *(.ARM.extab* .gnu.linkonce.armextab.*)
                0x08007aa4                        . = ALIGN (0x4)

.ARM            0x08007aa4        0x8
                0x08007aa4                        . = ALIGN (0x4)
                0x08007aa4                        __exidx_start = .
 *(.ARM.exidx*)
 .ARM.exidx     0x08007aa4        0x8 E:/ST/STM32CubeCLT_1.18.0/GNU-tools-for-STM32/bin/../lib/gcc/arm-none-eabi/13.3.1/thumb/v7-m/nofp\libgcc.a(_udivmoddi4.o)
                0x08007aac                        __exidx_end = .
                0x08007aac                        . = ALIGN (0x4)

.preinit_array  0x08007aac        0x0
                0x08007aac                        . = ALIGN (0x4)
                0x08007aac                        PROVIDE (__preinit_array_start = .)
 *(.preinit_array*)
                0x08007aac                        PROVIDE (__preinit_array_end = .)
                0x08007aac                        . = ALIGN (0x4)

.init_array     0x08007aac        0x4
                0x08007aac                        . = ALIGN (0x4)
                0x08007aac                        PROVIDE (__init_array_start = .)
 *(SORT_BY_NAME(.init_array.*))
 *(.init_array*)
 .init_array    0x08007aac        0x4 E:/ST/STM32CubeCLT_1.18.0/GNU-tools-for-STM32/bin/../lib/gcc/arm-none-eabi/13.3.1/thumb/v7-m/nofp/crtbegin.o
                0x08007ab0                        PROVIDE (__init_array_end = .)
                0x08007ab0                        . = ALIGN (0x4)

.fini_array     0x08007ab0        0x4
                0x08007ab0                        . = ALIGN (0x4)
                [!provide]                        PROVIDE (__fini_array_start = .)
 *(SORT_BY_NAME(.fini_array.*))
 *(.fini_array*)
 .fini_array    0x08007ab0        0x4 E:/ST/STM32CubeCLT_1.18.0/GNU-tools-for-STM32/bin/../lib/gcc/arm-none-eabi/13.3.1/thumb/v7-m/nofp/crtbegin.o
                [!provide]                        PROVIDE (__fini_array_end = .)
                0x08007ab4                        . = ALIGN (0x4)
                0x08007ab4                        _sidata = LOADADDR (.data)

.rel.dyn        0x08007ab4        0x0
 .rel.iplt      0x08007ab4        0x0 E:/ST/STM32CubeCLT_1.18.0/GNU-tools-for-STM32/bin/../lib/gcc/arm-none-eabi/13.3.1/thumb/v7-m/nofp/crtbegin.o

.data           0x20000000        0xc load address 0x08007ab4
                0x20000000                        . = ALIGN (0x4)
                0x20000000                        _sdata = .
 *(.data)
 *(.data*)
 .data.SystemCoreClock
                0x20000000        0x4 cmake/stm32cubemx/CMakeFiles/STM32_Drivers.dir/__/__/Core/Src/system_stm32f1xx.c.obj
                0x20000000                SystemCoreClock
 .data.uwTickFreq
                0x20000004        0x1 cmake/stm32cubemx/CMakeFiles/STM32_Drivers.dir/__/__/Drivers/STM32F1xx_HAL_Driver/Src/stm32f1xx_hal.c.obj
                0x20000004                uwTickFreq
 *fill*         0x20000005        0x3 
 .data.uwTickPrio
                0x20000008        0x4 cmake/stm32cubemx/CMakeFiles/STM32_Drivers.dir/__/__/Drivers/STM32F1xx_HAL_Driver/Src/stm32f1xx_hal.c.obj
                0x20000008                uwTickPrio
 *(.RamFunc)
 *(.RamFunc*)
                0x2000000c                        . = ALIGN (0x4)

.igot.plt       0x2000000c        0x0 load address 0x08007ac0
 .igot.plt      0x2000000c        0x0 E:/ST/STM32CubeCLT_1.18.0/GNU-tools-for-STM32/bin/../lib/gcc/arm-none-eabi/13.3.1/thumb/v7-m/nofp/crtbegin.o

.tdata          0x2000000c        0x0 load address 0x08007ac0
 *(.tdata .tdata.* .gnu.linkonce.td.*)
                0x2000000c                        . = ALIGN (0x4)
                0x2000000c                        _edata = .
                [!provide]                        PROVIDE (__data_end = .)
                [!provide]                        PROVIDE (__tdata_end = .)
                [!provide]                        PROVIDE (__tdata_start = ADDR (.tdata))
                [!provide]                        PROVIDE (__tdata_size = (__tdata_end - __tdata_start))
                [!provide]                        PROVIDE (__data_start = ADDR (.data))
                [!provide]                        PROVIDE (__data_size = (__data_end - __data_start))
                [!provide]                        PROVIDE (__tdata_source = LOADADDR (.tdata))
                [!provide]                        PROVIDE (__tdata_source_end = (LOADADDR (.tdata) + SIZEOF (.tdata)))
                [!provide]                        PROVIDE (__tdata_source_size = (__tdata_source_end - __tdata_source))
                [!provide]                        PROVIDE (__data_source = LOADADDR (.data))
                [!provide]                        PROVIDE (__data_source_end = __tdata_source_end)
                [!provide]                        PROVIDE (__data_source_size = (__data_source_end - __data_source))

.tbss           0x2000000c        0x0 load address 0x08007ac0
                0x2000000c                        _sbss = .
                0x2000000c                        __bss_start__ = _sbss
 *(.tbss .tbss.*)
                0x2000000c                        . = ALIGN (0x4)
                [!provide]                        PROVIDE (__tbss_end = .)
                [!provide]                        PROVIDE (__tbss_start = ADDR (.tbss))
                [!provide]                        PROVIDE (__tbss_size = (__tbss_end - __tbss_start))
                [!provide]                        PROVIDE (__tbss_offset = (ADDR (.tbss) - ADDR (.tdata)))
                [!provide]                        PROVIDE (__tls_base = __tdata_start)
                [!provide]                        PROVIDE (__tls_end = __tbss_end)
                [!provide]                        PROVIDE (__tls_size = (__tls_end - __tls_base))
                [!provide]                        PROVIDE (__tls_align = MAX (ALIGNOF (.tdata), ALIGNOF (.tbss)))
                [!provide]                        PROVIDE (__tls_size_align = (((__tls_size + __tls_align) - 0x1) & ~ ((__tls_align - 0x1))))
                [!provide]                        PROVIDE (__arm32_tls_tcb_offset = MAX (0x8, __tls_align))
                [!provide]                        PROVIDE (__arm64_tls_tcb_offset = MAX (0x10, __tls_align))

.bss            0x20000010     0x257c load address 0x08007ac0
 *(.bss)
 .bss           0x20000010       0x1c E:/ST/STM32CubeCLT_1.18.0/GNU-tools-for-STM32/bin/../lib/gcc/arm-none-eabi/13.3.1/thumb/v7-m/nofp/crtbegin.o
 *(.bss*)
 .bss.uwTick    0x2000002c        0x4 cmake/stm32cubemx/CMakeFiles/STM32_Drivers.dir/__/__/Drivers/STM32F1xx_HAL_Driver/Src/stm32f1xx_hal.c.obj
                0x2000002c                uwTick
 .bss.pFlash    0x20000030       0x20 cmake/stm32cubemx/CMakeFiles/STM32_Drivers.dir/__/__/Drivers/STM32F1xx_HAL_Driver/Src/stm32f1xx_hal_flash.c.obj
                0x20000030                pFlash