{
  "status": "COMPLETE",
  "started_utc": "2026-09-25T07:02:11Z",
  "ended_utc": "2026-09-25T07:32:12Z",
  "duration_s": 1800.4118978977203,
  "records": 3596,
  "duplicates": 0,
  "read_errors": 0,
  "unobserved_sample_sequences": 14373,
  "maximum_host_gap_s": 0.5470000000059372,
  "first_state": {
    "utc": "2026-09-25T07:02:11.985Z",
    "host_monotonic_ns": 63030625000000,
    "firmware": "0x051C",
    "map": "0x0104",
    "display_count": 1,
    "display_decimals": 2,
    "status_flags": 63,
    "net_ug": 15769,
    "gross_ug": 15769,
    "tare_ug": 0,
    "raw_adc": -44011,
    "filtered_raw": -44017,
    "sample_sequence": 417983,
    "mcu_uptime_ms": 43243701,
    "official_stable": 1,
    "official_overload": 0,
    "profile": 0,
    "sample_rate": 0,
    "gain": 3,
    "cs1237_state": 4,
    "buffered_samples": 0,
    "overrun_count": 0,
    "dirty": 0,
    "revision": 15,
    "saved_revision": 15,
    "fault_mask": 0,
    "calibration_valid": 1,
    "primary_sample_sequence": 417983,
    "display_condition_state": 2,
    "display_locked": 1,
    "conditioned_display_ug": 10000,
    "display_anchor_ug": 10000,
    "application": 0,
    "mode": 0,
    "state": 0,
    "limited": 0,
    "reason": 5,
    "offset_ug": 0,
    "reference_ug": 0,
    "evaluation_count": 0,
    "automatic_rebase_count": 0,
    "save_request_count_low": 6,
    "signature": "0x5AA5",
    "static_input_ug": 15769,
    "dynamic_input_ug": 9011,
    "low_limit_ug": 0,
    "high_limit_ug": 0,
    "event_count": 33042,
    "static_immediate": 2,
    "static_class": 4,
    "dynamic_immediate": 2,
    "dynamic_confirmed": 4,
    "static_stable_count": 255,
    "static_reason": 0,
    "dynamic_candidate": 4,
    "dynamic_confirm_count": 15,
    "dynamic_reason": 0,
    "process_active": 0,
    "valid": 1,
    "formal_state": 0,
    "formal_alarm_active": 0,
    "formal_green": 0,
    "formal_yellow": 0,
    "formal_red": 0,
    "formal_internal_buzzer": 0,
    "formal_external_buzzer": 0,
    "save_count": 6,
    "fault": 0,
    "overrun": 0,
    "r5_input_ug": 15700,
    "timestamp_ms": 43243701
  },
  "last_state": {
    "utc": "2026-09-25T07:32:11.741Z",
    "host_monotonic_ns": 64830390000000,
    "firmware": "0x051C",
    "map": "0x0104",
    "display_count": -2,
    "display_decimals": 2,
    "status_flags": 63,
    "net_ug": -15769,
    "gross_ug": -15769,
    "tare_ug": 0,
    "raw_adc": -43991,
    "filtered_raw": -43989,
    "sample_sequence": 435951,
    "mcu_uptime_ms": 45043609,
    "official_stable": 1,
    "official_overload": 0,
    "profile": 0,
    "sample_rate": 0,
    "gain": 3,
    "cs1237_state": 4,
    "buffered_samples": 0,
    "overrun_count": 0,
    "dirty": 0,
    "revision": 15,
    "saved_revision": 15,
    "fault_mask": 0,
    "calibration_valid": 1,
    "primary_sample_sequence": 435951,
    "display_condition_state": 2,
    "display_locked": 1,
    "conditioned_display_ug": -20000,
    "display_anchor_ug": -20000,
    "application": 0,
    "mode": 0,
    "state": 0,
    "limited": 0,
    "reason": 5,
    "offset_ug": 0,
    "reference_ug": 0,
    "evaluation_count": 0,
    "automatic_rebase_count": 0,
    "save_request_count_low": 6,
    "signature": "0x5AA5",
    "static_input_ug": -15769,
    "dynamic_input_ug": -13516,
    "low_limit_ug": 0,
    "high_limit_ug": 0,
    "event_count": 37005,
    "static_immediate": 2,
    "static_class": 2,
    "dynamic_immediate": 2,
    "dynamic_confirmed": 2,
    "static_stable_count": 255,
    "static_reason": 0,
    "dynamic_candidate": 2,
    "dynamic_confirm_count": 15,
    "dynamic_reason": 0,
    "process_active": 0,
    "valid": 1,
    "formal_state": 0,
    "formal_alarm_active": 0,
    "formal_green": 0,
    "formal_yellow": 0,
    "formal_red": 0,
    "formal_internal_buzzer": 0,
    "formal_external_buzzer": 0,
    "save_count": 6,
    "fault": 0,
    "overrun": 0,
    "r5_input_ug": -15700,
    "timestamp_ms": 45043609
  },
  "writes": 0,
  "flash_operations": 0
}
