{
  "status": "COMPLETE",
  "started_utc": "2026-09-25T07:38:10Z",
  "ended_utc": "2026-09-25T08:05:02Z",
  "duration_s": 1612.1296210289001,
  "records": 3222,
  "duplicates": 0,
  "read_errors": 0,
  "unobserved_sample_sequences": 12868,
  "maximum_host_gap_s": 0.5470000000059372,
  "first_state": {
    "utc": "2026-09-25T07:38:11.078Z",
    "host_monotonic_ns": 65189718000000,
    "firmware": "0x051C",
    "map": "0x0104",
    "display_count": 49997,
    "display_decimals": 2,
    "status_flags": 31,
    "net_ug": 499981979,
    "gross_ug": 499981979,
    "tare_ug": 0,
    "raw_adc": -487896,
    "filtered_raw": -487905,
    "sample_sequence": 439538,
    "mcu_uptime_ms": 45402946,
    "official_stable": 1,
    "official_overload": 0,
    "profile": 0,
    "sample_rate": 0,
    "gain": 3,
    "cs1237_state": 4,
    "buffered_samples": 0,
    "overrun_count": 0,
    "dirty": 0,
    "revision": 15,
    "saved_revision": 15,
    "fault_mask": 0,
    "calibration_valid": 1,
    "primary_sample_sequence": 439538,
    "display_condition_state": 2,
    "display_locked": 1,
    "conditioned_display_ug": 499970000,
    "display_anchor_ug": 499970000,
    "application": 0,
    "mode": 0,
    "state": 0,
    "limited": 0,
    "reason": 5,
    "offset_ug": 0,
    "reference_ug": 0,
    "evaluation_count": 0,
    "automatic_rebase_count": 0,
    "save_request_count_low": 6,
    "signature": "0x5AA5",
    "static_input_ug": 499981979,
    "dynamic_input_ug": 499971842,
    "low_limit_ug": 0,
    "high_limit_ug": 0,
    "event_count": 37086,
    "static_immediate": 4,
    "static_class": 4,
    "dynamic_immediate": 4,
    "dynamic_confirmed": 4,
    "static_stable_count": 255,
    "static_reason": 0,
    "dynamic_candidate": 4,
    "dynamic_confirm_count": 15,
    "dynamic_reason": 0,
    "process_active": 0,
    "valid": 1,
    "formal_state": 0,
    "formal_alarm_active": 0,
    "formal_green": 0,
    "formal_yellow": 0,
    "formal_red": 0,
    "formal_internal_buzzer": 0,
    "formal_external_buzzer": 0,
    "save_count": 6,
    "fault": 0,
    "overrun": 0,
    "r5_input_ug": 499981900,
    "timestamp_ms": 45402946
  },
  "last_state": {
    "utc": "2026-09-25T08:05:02.567Z",
    "host_monotonic_ns": 66801218000000,
    "firmware": "0x051C",
    "map": "0x0104",
    "display_count": 49999,
    "display_decimals": 2,
    "status_flags": 31,
    "net_ug": 499990989,
    "gross_ug": 499990989,
    "tare_ug": 0,
    "raw_adc": -487908,
    "filtered_raw": -487913,
    "sample_sequence": 455627,
    "mcu_uptime_ms": 47014553,
    "official_stable": 1,
    "official_overload": 0,
    "profile": 0,
    "sample_rate": 0,
    "gain": 3,
    "cs1237_state": 4,
    "buffered_samples": 0,
    "overrun_count": 0,
    "dirty": 0,
    "revision": 15,
    "saved_revision": 15,
    "fault_mask": 0,
    "calibration_valid": 1,
    "primary_sample_sequence": 455627,
    "display_condition_state": 2,
    "display_locked": 1,
    "conditioned_display_ug": 499990000,
    "display_anchor_ug": 499990000,
    "application": 0,
    "mode": 0,
    "state": 0,
    "limited": 0,
    "reason": 5,
    "offset_ug": 0,
    "reference_ug": 0,
    "evaluation_count": 0,
    "automatic_rebase_count": 0,
    "save_request_count_low": 6,
    "signature": "0x5AA5",
    "static_input_ug": 499990989,
    "dynamic_input_ug": 499985358,
    "low_limit_ug": 0,
    "high_limit_ug": 0,
    "event_count": 37086,
    "static_immediate": 4,
    "static_class": 4,
    "dynamic_immediate": 4,
    "dynamic_confirmed": 4,
    "static_stable_count": 255,
    "static_reason": 0,
    "dynamic_candidate": 4,
    "dynamic_confirm_count": 15,
    "dynamic_reason": 0,
    "process_active": 0,
    "valid": 1,
    "formal_state": 0,
    "formal_alarm_active": 0,
    "formal_green": 0,
    "formal_yellow": 0,
    "formal_red": 0,
    "formal_internal_buzzer": 0,
    "formal_external_buzzer": 0,
    "save_count": 6,
    "fault": 0,
    "overrun": 0,
    "r5_input_ug": 499990900,
    "timestamp_ms": 47014553
  },
  "writes": 0,
  "flash_operations": 0
}
