2026-07-25T06:06:52.608375+00:00 TX 01 03 01 A0 00 09 84 12
2026-07-25T06:06:52.624881+00:00 RX 01 03 12 00 01 00 01 00 04 00 00 00 01 00 00 00 00 00 32 00 00 C0 C9
2026-07-25T06:06:52.627424+00:00 TX 01 10 01 A1 00 04 08 00 01 00 00 00 00 00 01 1B F9
2026-07-25T06:06:52.634426+00:00 RX 01 10 01 A1 00 04 91 D4
2026-07-25T06:06:52.636426+00:00 TX 01 10 00 40 00 02 04 36 D0 00 18 F9 E4
2026-07-25T06:06:52.642428+00:00 RX 01 10 00 40 00 02 40 1C
2026-07-25T06:06:52.644428+00:00 TX 01 06 00 4B A5 5A 02 B7
2026-07-25T06:06:52.650429+00:00 RX 01 06 00 4B A5 5A 02 B7
2026-07-25T06:06:52.790976+00:00 TX 01 03 00 00 00 20 44 12
2026-07-25T06:06:52.912034+00:00 RX 01 03 40 00 00 00 00 00 03 00 00 00 03 00 00 00 00 00 00 00 00 00 00 00 00 00 00 00 01 00 00 01 00 05 0A 00 00 00 00 00 00 00 00 00 00 00 00 00 00 00 00 00 00 00 00 00 00 00 00 FF FF 4A 5F FF FF 4A 5F 1B 9C
2026-07-25T06:06:52.916035+00:00 TX 01 03 00 20 00 1B 04 0B
2026-07-25T06:06:53.020655+00:00 RX 01 03 36 00 00 06 2E 00 02 60 D4 00 00 00 00 00 00 00 00 00 00 00 00 00 03 00 04 00 00 00 00 00 00 00 01 00 00 00 01 00 01 00 00 00 01 00 00 00 00 00 00 00 00 00 00 00 00 80 2B
2026-07-25T06:06:53.025653+00:00 TX 01 03 01 C0 00 05 84 09
2026-07-25T06:06:53.061661+00:00 RX 01 03 0A 00 02 00 00 00 00 00 00 00 00 3D D6
2026-07-25T06:06:53.065662+00:00 TX 01 03 01 03 00 01 75 F6
2026-07-25T06:06:53.089165+00:00 RX 01 03 02 00 00 B8 44
2026-07-25T06:06:53.093166+00:00 TX 01 10 01 A1 00 04 08 00 01 00 04 00 00 00 01 EA 39
2026-07-25T06:06:53.125169+00:00 RX 01 10 01 A1 00 04 91 D4
2026-07-25T06:06:53.129171+00:00 TX 01 10 00 40 00 02 04 36 D1 00 18 A8 24
2026-07-25T06:06:53.156679+00:00 RX 01 10 00 40 00 02 40 1C
2026-07-25T06:06:53.161680+00:00 TX 01 06 00 4B A5 5A 02 B7
2026-07-25T06:06:53.184187+00:00 RX 01 06 00 4B A5 5A 02 B7
2026-07-25T06:06:53.321208+00:00 TX 01 03 00 00 00 20 44 12
2026-07-25T06:06:53.365837+00:00 RX 01 03 40 00 00 00 00 00 03 00 00 00 03 00 00 00 00 00 00 00 00 00 00 00 00 00 00 00 01 00 00 01 00 05 0A 00 00 00 00 00 00 00 00 00 00 00 00 00 00 00 00 00 00 00 00 00 00 00 00 FF FF 48 FD FF FF 48 FD 63 7E
2026-07-25T06:06:53.368838+00:00 TX 01 03 00 20 00 1B 04 0B
2026-07-25T06:06:53.407972+00:00 RX 01 03 36 00 00 06 33 00 02 62 D8 00 00 00 00 00 00 00 00 00 00 00 00 00 03 00 04 00 00 00 00 00 00 00 02 00 00 00 01 00 01 00 00 00 02 00 00 00 00 00 00 00 00 00 00 00 00 45 8C
2026-07-25T06:06:53.409972+00:00 TX 01 03 01 C0 00 05 84 09
2026-07-25T06:06:53.421479+00:00 RX 01 03 0A 00 02 00 00 00 00 00 00 00 00 3D D6
2026-07-25T06:06:53.424476+00:00 TX 01 03 01 03 00 01 75 F6
2026-07-25T06:06:53.431478+00:00 RX 01 03 02 00 00 B8 44
